******************************************************************************
                  MSP430 Linker Unix v4.1.2                    
******************************************************************************
>> Linked Mon Mar 11 11:25:57 2013

OUTPUT FILE NAME:   <ChronIC_868MHz.out>
ENTRY POINT SYMBOL: "_c_int00"  address: 0000c296


MEMORY CONFIGURATION

         name            origin    length      used     unused   attr    fill
----------------------  --------  ---------  --------  --------  ----  --------
  SFR                   00000000   00000010  00000000  00000010  RWIX
  PERIPHERALS_8BIT      00000010   000000f0  00000000  000000f0  RWIX
  PERIPHERALS_16BIT     00000100   00000100  00000000  00000100  RWIX
  INFOD                 00001800   00000080  00000000  00000080  RWIX
  INFOC                 00001880   00000080  00000000  00000080  RWIX
  INFOB                 00001900   00000080  00000000  00000080  RWIX
  INFOA                 00001980   00000080  00000000  00000080  RWIX
  RAM                   00001c00   00000ffe  00000517  00000ae7  RWIX
  FLASH                 00008000   00007f80  0000533b  00002c45  RWIX
  INT00                 0000ff80   00000002  00000000  00000002  RWIX
  INT01                 0000ff82   00000002  00000000  00000002  RWIX
  INT02                 0000ff84   00000002  00000000  00000002  RWIX
  INT03                 0000ff86   00000002  00000000  00000002  RWIX
  INT04                 0000ff88   00000002  00000000  00000002  RWIX
  INT05                 0000ff8a   00000002  00000000  00000002  RWIX
  INT06                 0000ff8c   00000002  00000000  00000002  RWIX
  INT07                 0000ff8e   00000002  00000000  00000002  RWIX
  INT08                 0000ff90   00000002  00000000  00000002  RWIX
  INT09                 0000ff92   00000002  00000000  00000002  RWIX
  INT10                 0000ff94   00000002  00000000  00000002  RWIX
  INT11                 0000ff96   00000002  00000000  00000002  RWIX
  INT12                 0000ff98   00000002  00000000  00000002  RWIX
  INT13                 0000ff9a   00000002  00000000  00000002  RWIX
  INT14                 0000ff9c   00000002  00000000  00000002  RWIX
  INT15                 0000ff9e   00000002  00000000  00000002  RWIX
  INT16                 0000ffa0   00000002  00000000  00000002  RWIX
  INT17                 0000ffa2   00000002  00000000  00000002  RWIX
  INT18                 0000ffa4   00000002  00000000  00000002  RWIX
  INT19                 0000ffa6   00000002  00000000  00000002  RWIX
  INT20                 0000ffa8   00000002  00000000  00000002  RWIX
  INT21                 0000ffaa   00000002  00000000  00000002  RWIX
  INT22                 0000ffac   00000002  00000000  00000002  RWIX
  INT23                 0000ffae   00000002  00000000  00000002  RWIX
  INT24                 0000ffb0   00000002  00000000  00000002  RWIX
  INT25                 0000ffb2   00000002  00000000  00000002  RWIX
  INT26                 0000ffb4   00000002  00000000  00000002  RWIX
  INT27                 0000ffb6   00000002  00000000  00000002  RWIX
  INT28                 0000ffb8   00000002  00000000  00000002  RWIX
  INT29                 0000ffba   00000002  00000000  00000002  RWIX
  INT30                 0000ffbc   00000002  00000000  00000002  RWIX
  INT31                 0000ffbe   00000002  00000000  00000002  RWIX
  INT32                 0000ffc0   00000002  00000000  00000002  RWIX
  INT33                 0000ffc2   00000002  00000000  00000002  RWIX
  INT34                 0000ffc4   00000002  00000000  00000002  RWIX
  INT35                 0000ffc6   00000002  00000000  00000002  RWIX
  INT36                 0000ffc8   00000002  00000000  00000002  RWIX
  INT37                 0000ffca   00000002  00000000  00000002  RWIX
  INT38                 0000ffcc   00000002  00000000  00000002  RWIX
  INT39                 0000ffce   00000002  00000000  00000002  RWIX
  INT40                 0000ffd0   00000002  00000000  00000002  RWIX
  INT41                 0000ffd2   00000002  00000000  00000002  RWIX
  INT42                 0000ffd4   00000002  00000000  00000002  RWIX
  INT43                 0000ffd6   00000002  00000000  00000002  RWIX
  INT44                 0000ffd8   00000002  00000000  00000002  RWIX
  INT45                 0000ffda   00000002  00000000  00000002  RWIX
  INT46                 0000ffdc   00000002  00000000  00000002  RWIX
  INT47                 0000ffde   00000002  00000000  00000002  RWIX
  INT48                 0000ffe0   00000002  00000002  00000000  RWIX
  INT49                 0000ffe2   00000002  00000000  00000002  RWIX
  INT50                 0000ffe4   00000002  00000000  00000002  RWIX
  INT51                 0000ffe6   00000002  00000000  00000002  RWIX
  INT52                 0000ffe8   00000002  00000000  00000002  RWIX
  INT53                 0000ffea   00000002  00000002  00000000  RWIX
  INT54                 0000ffec   00000002  00000002  00000000  RWIX
  INT55                 0000ffee   00000002  00000002  00000000  RWIX
  INT56                 0000fff0   00000002  00000002  00000000  RWIX
  INT57                 0000fff2   00000002  00000000  00000002  RWIX
  INT58                 0000fff4   00000002  00000000  00000002  RWIX
  INT59                 0000fff6   00000002  00000000  00000002  RWIX
  INT60                 0000fff8   00000002  00000000  00000002  RWIX
  INT61                 0000fffa   00000002  00000000  00000002  RWIX
  INT62                 0000fffc   00000002  00000000  00000002  RWIX
  RESET                 0000fffe   00000002  00000002  00000000  RWIX


SECTION ALLOCATION MAP

 output                                  attributes/
section   page    origin      length       input sections
--------  ----  ----------  ----------   ----------------
.pinit     0    00008000    00000000     UNINITIALIZED

.bss       0    00001c00    000004c7     UNINITIALIZED
                  00001c00    000001d8     chronic.obj (.bss)
                  00001dd8    0000008c     nwk_QMgmt.obj (.bss)
                  00001e64    0000005e     display.obj (.bss)
                  00001ec2    00000048     rfsimpliciti.obj (.bss)
                  00001f0a    00000045     vti_ps.obj (.bss)
                  00001f4f    00000001     main_ED_BM.obj (.bss)
                  00001f50    0000003c     mrfi.obj (.bss)
                  00001f8c    0000001d     nwk.obj (.bss)
                  00001fa9    00000001     nwk_api.obj (.bss)
                  00001faa    0000001c     BlueRobin_RX_868MHz.lib : BRRX_Resource.obj (.bss)
                  00001fc6    0000001a     bluerobin.obj (.bss)
                  00001fe0    0000000f     main.obj (.bss)
                  00001fef    00000001     nwk_ping.obj (.bss)
                  00001ff0    0000000e     altitude.obj (.bss)
                  00001ffe    0000000e     clock.obj (.bss)
                  0000200c    0000000e     stopwatch.obj (.bss)
                  0000201a    0000000c     BlueRobin_RX_868MHz.lib : BRRX_Scheduler.obj (.bss)
                  00002026    0000000a                             : BR_Common.obj (.bss)
                  00002030    0000000a     acceleration.obj (.bss)
                  0000203a    0000000a     nwk_frame.obj (.bss)
                  00002044    0000000a     nwk_link.obj (.bss)
                  0000204e    0000000a     ports.obj (.bss)
                  00002058    00000009     nwk_globals.obj (.bss)
                  00002061    00000001     rfbsl.obj (.bss)
                  00002062    00000009     nwk_join.obj (.bss)
                  0000206b    00000001     vti_as.obj (.bss)
                  0000206c    00000008     BlueRobin_RX_868MHz.lib : BRRX_Timer.obj (.bss)
                  00002074    00000008     battery.obj (.bss)
                  0000207c    00000008     buzzer.obj (.bss)
                  00002084    00000008     rts430x.lib : _lock.obj (.bss)
                  0000208c    00000008                 : boot.obj (.bss)
                  00002094    00000007     timer.obj (.bss)
                  0000209b    00000001     --HOLE--
                  0000209c    00000006     BlueRobin_RX_868MHz.lib : BRRX_Radio.obj (.bss)
                  000020a2    00000006     date.obj (.bss)
                  000020a8    00000006     temperature.obj (.bss)
                  000020ae    00000005     BlueRobin_RX_868MHz.lib : BRRX_Packet.obj (.bss)
                  000020b3    00000001     --HOLE--
                  000020b4    00000004                             : BRRX_API.obj (.bss)
                  000020b8    00000004     alarm.obj (.bss)
                  000020bc    00000004     menu.obj (.bss)
                  000020c0    00000003     adc12.obj (.bss)
                  000020c3    00000001     --HOLE--
                  000020c4    00000003     nwk_mgmt.obj (.bss)

.stack     0    00002bac    00000050     UNINITIALIZED
                  00002bac    00000002     rts430x.lib : boot.obj (.stack)
                  00002bae    0000004e     --HOLE--

.text      0    00008000    00004d3e     
                  00008000    00000416     rfsimpliciti.obj (.text:simpliciti_sync_decode_ap_cmd_callback)
                  00008416    0000021e     user.obj (.text:set_value)
                  00008634    000001f4     clock.obj (.text:mx_time)
                  00008828    000001e6     ports.obj (.text:_isr:PORT2_ISR)
                  00008a0e    000001de     date.obj (.text:mx_date)
                  00008bec    000001d6     timer.obj (.text:_isr:TIMER0_A0_ISR)
                  00008dc2    000001a6     chronic.obj (.text:WriteRfSettings)
                  00008f68    00000196     mrfi.obj (.text:MRFI_Init)
                  000090fe    0000016a     test.obj (.text:test_mode)
                  00009268    00000160     clock.obj (.text:display_time)
                  000093c8    0000014e     nwk_link.obj (.text:nwk_link)
                  00009516    0000014c     nwk_link.obj (.text:smpl_send_link_reply$34)
                  00009662    00000130     rts430x.lib : fs_add.obj (.text)
                  00009792    0000012a     main.obj (.text:wakeup_event)
                  000098bc    00000126     stopwatch.obj (.text:display_stopwatch)
                  000099e2    00000116     main.obj (.text:display_update)
                  00009af8    000000f8     chronic.obj (.text:chronic_tx)
                  00009bf0    000000f8     alarm.obj (.text:mx_alarm)
                  00009ce8    000000f6     nwk_join.obj (.text:nwk_join)
                  00009dde    000000f2     mrfi.obj (.text:Mrfi_SyncPinRxIsr$25)
                  00009ed0    000000f0     stopwatch.obj (.text:stopwatch_tick)
                  00009fc0    000000dc     nwk_QMgmt.obj (.text:nwk_QfindOldest)
                  0000a09c    000000d4     display.obj (.text:display_chars)
                  0000a170    000000d2     nwk.obj (.text:nwk_allocateLocalRxPort)
                  0000a242    000000ca     date.obj (.text:display_date)
                  0000a30c    000000c6     mrfi.obj (.text:MRFI_Transmit)
                  0000a3d2    000000c4     alarm.obj (.text:display_alarm)
                  0000a496    000000c4     display.obj (.text:int_to_array)
                  0000a55a    000000c0     main.obj (.text:init_application)
                  0000a61a    000000c0     rfsimpliciti.obj (.text:simpliciti_sync_get_data_callback)
                  0000a6da    000000ba     chronic.obj (.text:do_tx)
                  0000a794    000000b6     rts430x.lib : fs_mpy.obj (.text)
                  0000a84a    000000b4     main_ED_BM.obj (.text:simpliciti_link)
                  0000a8fe    000000b2     nwk_api.obj (.text:SMPL_Ioctl)
                  0000a9b0    000000a2     main_ED_BM.obj (.text:simpliciti_main_sync)
                  0000aa52    0000009c     nwk_frame.obj (.text:nwk_retrieveFrame)
                  0000aaee    00000096     rf1a.obj (.text:Strobe)
                  0000ab84    0000008e     rts430x.lib : fs_div.obj (.text)
                  0000ac12    0000008c     nwk_frame.obj (.text:dispatchFrame$27)
                  0000ac9e    0000008c     nwk.obj (.text:nwk_isConnectionValid)
                  0000ad2a    0000008c     main.obj (.text:read_calibration_values)
                  0000adb6    0000008c     rfsimpliciti.obj (.text:start_simpliciti_sync)
                  0000ae42    0000008a     nwk_frame.obj (.text:nwk_buildFrame)
                  0000aecc    00000086     chronic.obj (.text:config_doorbell)
                  0000af52    00000082     date.obj (.text:get_numberOfDays)
                  0000afd4    00000082     nwk.obj (.text:nwk_nwkInit)
                  0000b056    0000007c     nwk_frame.obj (.text:nwk_sendAckReply)
                  0000b0d2    0000007a     timer.obj (.text:_isr:TIMER0_A1_5_ISR)
                  0000b14c    00000076     nwk_QMgmt.obj (.text:nwk_QfindSlot)
                  0000b1c2    00000074     battery.obj (.text:battery_measurement)
                  0000b236    00000072     display.obj (.text:display_char)
                  0000b2a8    00000072     mrfi.obj (.text:mrfiRadioInterfaceCmdStrobe)
                  0000b31a    00000068     adc12.obj (.text:adc12_single_conversion)
                  0000b382    00000068     nwk_link.obj (.text:smpl_send_unlink_reply$34)
                  0000b3ea    00000066     nwk_api.obj (.text:SMPL_SendOpt)
                  0000b450    00000062     mrfi.obj (.text:MRFI_RadioIsr)
                  0000b4b2    00000060     timer.obj (.text:Timer0_A4_Delay)
                  0000b512    0000005e     battery.obj (.text:display_battery_V)
                  0000b570    0000005e     main.obj (.text:init_global_variables)
                  0000b5ce    0000005e     display.obj (.text:write_lcd_mem)
                  0000b62c    0000005c     chronic.obj (.text:WriteBurstPATable)
                  0000b688    0000005c     clock.obj (.text:clock_tick)
                  0000b6e4    0000005a     display.obj (.text:clear_line)
                  0000b73e    0000005a     nwk_ioctl.obj (.text:nwk_radioControl)
                  0000b798    00000058     rts430x.lib : div32u.obj (.text)
                  0000b7f0    00000052     nwk_ioctl.obj (.text:nwk_rawSend)
                  0000b842    0000004c     date.obj (.text:add_day)
                  0000b88e    0000004c     ports.obj (.text:button_repeat_function)
                  0000b8da    0000004c     rts430x.lib : fs_toul.obj (.text)
                  0000b926    0000004c     rfbsl.obj (.text:sx_rfbsl)
                  0000b972    0000004a     rts430x.lib : fs_cmp.obj (.text)
                  0000b9bc    0000004a     buzzer.obj (.text:toggle_buzzer)
                  0000ba06    00000048     nwk_api.obj (.text:SMPL_Receive)
                  0000ba4e    00000048     buzzer.obj (.text:start_buzzer)
                  0000ba96    00000046     pmm.obj (.text:SetVCoreUp)
                  0000badc    00000046     rts430x.lib : autoinit.obj (.text:_auto_init)
                  0000bb22    00000046     display.obj (.text:display_hours)
                  0000bb68    00000046     mrfi.obj (.text:mrfiRadioInterfaceReadReg)
                  0000bbae    00000046     rts430x.lib : fs_tou.obj (.text)
                  0000bbf4    00000044     rf1a.obj (.text:WriteBurstReg)
                  0000bc38    00000044     nwk_ping.obj (.text:smpl_send_ping_reply$32)
                  0000bc7c    00000040     rts430x.lib : div32s.obj (.text)
                  0000bcbc    0000003e     mrfi.obj (.text:Mrfi_RxAddrIsFiltered$25)
                  0000bcfa    0000003e     rts430x.lib : lsl32.obj (.text:l_lsl_const)
                  0000bd38    0000003c     nwk.obj (.text:nwk_findPeer)
                  0000bd74    0000003c     nwk.obj (.text:nwk_getNextConnection)
                  0000bdb0    0000003c     nwk.obj (.text:nwk_isLinkDuplicate)
                  0000bdec    0000003c     stopwatch.obj (.text:update_stopwatch_timer)
                  0000be28    00000038     rf1a.obj (.text:WriteSingleReg)
                  0000be60    00000038     nwk.obj (.text:initializeConnection$30)
                  0000be98    00000038     main.obj (.text:main)
                  0000bed0    00000036     nwk_mgmt.obj (.text:nwk_processMgmt)
                  0000bf06    00000036     rts430x.lib : fs_itof.obj (.text)
                  0000bf3c    00000034     mrfi.obj (.text:MRFI_ReplyDelay)
                  0000bf70    00000034     mrfi.obj (.text:mrfiRadioInterfaceWriteReg)
                  0000bfa4    00000034     mrfi.obj (.text:mrfiRadioInterfaceWriteTxFifo)
                  0000bfd8    00000032     radio.obj (.text:radio_reset)
                  0000c00a    00000032     rts430x.lib : fs_ultof.obj (.text)
                  0000c03c    00000032     alarm.obj (.text:sx_alarm)
                  0000c06e    00000030     chronic.obj (.text:display_doorbell)
                  0000c09e    00000030     mrfi.obj (.text:mrfiRadioInterfaceReadRxFifo)
                  0000c0ce    00000030     nwk.obj (.text:nwk_isValidReply)
                  0000c0fe    00000030     nwk_link.obj (.text:nwk_linkInit)
                  0000c12e    00000030     nwk_ioctl.obj (.text:nwk_rawReceive)
                  0000c15e    00000030     nwk_frame.obj (.text:nwk_sendFrame)
                  0000c18e    0000002e     mrfi.obj (.text:Mrfi_CalculateRssi$25)
                  0000c1bc    0000002c     mrfi.obj (.text:Mrfi_RxModeOff$25)
                  0000c1e8    0000002c     nwk_api.obj (.text:SMPL_Init)
                  0000c214    0000002c     nwk_QMgmt.obj (.text:nwk_QadjustOrder)
                  0000c240    0000002c     rts430x.lib : div16s.obj (.text)
                  0000c26c    0000002a     timer.obj (.text:Timer0_A3_Start)
                  0000c296    0000002a     rts430x.lib : boot.obj (.text:_isr:_c_int00_noexit)
                  0000c2c0    0000002a     rfbsl.obj (.text:display_rfbsl)
                  0000c2ea    0000002a     display.obj (.text:lcd_init)
                  0000c314    00000028     nwk.obj (.text:map_lid2idx$30)
                  0000c33c    00000028     nwk.obj (.text:nwk_getConnInfo)
                  0000c364    00000028     nwk_join.obj (.text:nwk_joinInit)
                  0000c38c    00000026     pmm.obj (.text:SetVCore)
                  0000c3b2    00000026     pmm.obj (.text:SetVCoreDown)
                  0000c3d8    00000026     nwk_link.obj (.text:handleLinkRequest$34)
                  0000c3fe    00000026     ports.obj (.text:init_buttons)
                  0000c424    00000026     nwk.obj (.text:nwk_checkConnInfo)
                  0000c44a    00000026     nwk_globals.obj (.text:nwk_globalsInit)
                  0000c470    00000024     mrfi.obj (.text:MRFI_SetRxAddrFilter)
                  0000c494    00000024     mrfi.obj (.text:MRFI_Sleep)
                  0000c4b8    00000024     rts430x.lib : memcmp.obj (.text:memcmp)
                  0000c4dc    00000024     nwk_ping.obj (.text:nwk_processPing)
                  0000c500    00000024     rts430x.lib : fs_utof.obj (.text)
                  0000c524    00000022     bsp.obj (.text:BSP_Delay)
                  0000c546    00000022     mrfi.obj (.text:MRFI_WakeUp)
                  0000c568    00000022     display.obj (.text:display_value)
                  0000c58a    00000022     nwk_link.obj (.text:nwk_processLink)
                  0000c5ac    00000022     main.obj (.text:process_requests)
                  0000c5ce    00000022     rts430x.lib : mult32_f5hw.obj (.text)
                  0000c5f0    00000022     stopwatch.obj (.text:start_stopwatch)
                  0000c612    00000020     mrfi.obj (.text:MRFI_EnableRxAddrFilter)
                  0000c632    00000020     nwk_frame.obj (.text:MRFI_RxCompleteISR)
                  0000c652    00000020     mrfi.obj (.text:MRFI_RxIdle)
                  0000c672    00000020     mrfi.obj (.text:MRFI_RxOn)
                  0000c692    00000020     radio.obj (.text:_isr:radio_ISR)
                  0000c6b2    00000020     nwk_frame.obj (.text:nwk_frameInit)
                  0000c6d2    00000020     clock.obj (.text:reset_clock)
                  0000c6f2    00000020     stopwatch.obj (.text:reset_stopwatch)
                  0000c712    00000020     buzzer.obj (.text:stop_buzzer)
                  0000c732    0000001e     mrfi.obj (.text:MRFI_SetLogicalChannel)
                  0000c750    0000001e     mrfi.obj (.text:Mrfi_DelayUsecSem$25)
                  0000c76e    0000001e     display.obj (.text:display_am_pm_symbol)
                  0000c78c    0000001e     display.obj (.text:display_symbol)
                  0000c7aa    0000001e     rts430x.lib : memmov.obj (.text:memmove)
                  0000c7c8    0000001e     nwk_globals.obj (.text:nwk_setMyAddress)
                  0000c7e6    0000001e     rfsimpliciti.obj (.text:sx_sync)
                  0000c804    0000001c     mrfi.obj (.text:MRFI_SetRFPwr)
                  0000c820    0000001c     alarm.obj (.text:check_alarm)
                  0000c83c    0000001c     display.obj (.text:clear_display_all)
                  0000c858    0000001c     nwk_QMgmt.obj (.text:nwk_QInit)
                  0000c874    0000001c     nwk_ioctl.obj (.text:nwk_deviceAddress)
                  0000c890    0000001c     nwk.obj (.text:nwk_putNumObjectIntoMsg)
                  0000c8ac    0000001a     mrfi.obj (.text:Mrfi_DelayUsec$25)
                  0000c8c6    0000001a     mrfi.obj (.text:Mrfi_RandomBackoffDelay$25)
                  0000c8e0    0000001a     rts430x.lib : mult1632_f5hw.obj (.text:__mpyul)
                  0000c8fa    0000001a     adc12.obj (.text:_isr:ADC12ISR)
                  0000c914    0000001a     stopwatch.obj (.text:stop_stopwatch)
                  0000c92e    00000018     chronic.obj (.text:chronic_config_rf)
                  0000c946    00000018     clock.obj (.text:convert_hour_to_12H_format)
                  0000c95e    00000018     test.obj (.text:display_all_on)
                  0000c976    00000018     nwk_join.obj (.text:nwk_processJoin)
                  0000c98e    00000018     alarm.obj (.text:reset_alarm)
                  0000c9a6    00000016     mrfi.obj (.text:MRFI_RandomByte)
                  0000c9bc    00000016     mrfi.obj (.text:Mrfi_RxModeOn$25)
                  0000c9d2    00000016     rf1a.obj (.text:ReadSingleReg)
                  0000c9e8    00000016     ports.obj (.text:button_repeat_on)
                  0000c9fe    00000016     clock.obj (.text:display_selection_Timeformat1)
                  0000ca14    00000016     rts430x.lib : div16u.obj (.text)
                  0000ca2a    00000016                 : mult16_f5hw.obj (.text)
                  0000ca40    00000016     stopwatch.obj (.text:sx_stopwatch)
                  0000ca56    00000014     timer.obj (.text:Timer0_Init)
                  0000ca6a    00000014     buzzer.obj (.text:countdown_buzzer)
                  0000ca7e    00000014     test.obj (.text:display_all_off)
                  0000ca92    00000014     rfsimpliciti.obj (.text:display_sync)
                  0000caa6    00000014     nwk_api.obj (.text:ioctlPreInitAccessIsOK$28)
                  0000caba    00000014     stopwatch.obj (.text:is_stopwatch)
                  0000cace    00000014     date.obj (.text:reset_date)
                  0000cae2    00000012     rts430x.lib : memcpy.obj (.text:memcpy)
                  0000caf4    00000012                 : memset.obj (.text:memset)
                  0000cb06    00000012     nwk_globals.obj (.text:nwk_getMyAddress)
                  0000cb18    00000012     nwk_join.obj (.text:nwk_setJoinToken)
                  0000cb2a    00000012     nwk_link.obj (.text:nwk_setLinkToken)
                  0000cb3c    00000012     radio.obj (.text:open_radio)
                  0000cb4e    00000012     battery.obj (.text:reset_batt_measurement)
                  0000cb60    00000010     bsp.obj (.text:BSP_InitBoard)
                  0000cb70    00000010     mrfi.obj (.text:MRFI_DelayMs)
                  0000cb80    00000010     rf1a.obj (.text:ResetRadioCore)
                  0000cb90    00000010     radio.obj (.text:close_radio)
                  0000cba0    00000010     radio.obj (.text:radio_powerdown)
                  0000cbb0    0000000e     clock.obj (.text:is_hour_am)
                  0000cbbe    0000000e     stopwatch.obj (.text:mx_stopwatch)
                  0000cbcc    0000000e     display.obj (.text:set_blink_rate)
                  0000cbda    0000000c     mrfi.obj (.text:MRFI_PostKillSem)
                  0000cbe6    0000000c     mrfi.obj (.text:MRFI_Receive)
                  0000cbf2    0000000c     timer.obj (.text:Timer0_Stop)
                  0000cbfe    0000000c     chronic.obj (.text:chronic_tx_down)
                  0000cc0a    0000000c     chronic.obj (.text:chronic_tx_up)
                  0000cc16    0000000c     display.obj (.text:clear_display)
                  0000cc22    0000000c     nwk_ping.obj (.text:handlePingRequest$32)
                  0000cc2e    0000000c     main.obj (.text:idle_loop)
                  0000cc3a    0000000c     rfsimpliciti.obj (.text:is_rf)
                  0000cc46    0000000c     nwk.obj (.text:nwk_getNumObjectFromMsg)
                  0000cc52    0000000c     nwk_globals.obj (.text:nwk_setAPAddress)
                  0000cc5e    0000000c     display.obj (.text:switch_seg)
                  0000cc6a    0000000c     menu.obj (.text:update_alarm)
                  0000cc76    0000000c     menu.obj (.text:update_battery_voltage)
                  0000cc82    0000000c     menu.obj (.text:update_stopwatch)
                  0000cc8e    0000000a     ports.obj (.text:button_repeat_off)
                  0000cc98    0000000a     nwk_mgmt.obj (.text:nwk_mgmtInit)
                  0000cca2    0000000a     nwk_ping.obj (.text:nwk_pingInit)
                  0000ccac    0000000a     buzzer.obj (.text:reset_buzzer)
                  0000ccb6    0000000a     rfsimpliciti.obj (.text:reset_rf)
                  0000ccc0    0000000a     main.obj (.text:to_lpm)
                  0000ccca    0000000a     menu.obj (.text:update_date)
                  0000ccd4    0000000a     menu.obj (.text:update_time)
                  0000ccde    00000008     timer.obj (.text:Timer0_A3_Stop)
                  0000cce6    00000008     timer.obj (.text:Timer0_Start)
                  0000ccee    00000008     alarm.obj (.text:stop_alarm)
                  0000ccf6    00000006     mrfi.obj (.text:MRFI_GetRadioState)
                  0000ccfc    00000006     display.obj (.text:clear_blink_mem)
                  0000cd02    00000006     nwk.obj (.text:nwk_freeConnection)
                  0000cd08    00000006     nwk_globals.obj (.text:nwk_getBCastAddress)
                  0000cd0e    00000006     display.obj (.text:start_blink)
                  0000cd14    00000006     display.obj (.text:stop_blink)
                  0000cd1a    00000004     rts430x.lib : pre_init.obj (.text:_system_pre_init)
                  0000cd1e    00000004                 : exit.obj (.text:abort)
                  0000cd22    00000004     nwk.obj (.text:nwk_NVObj)
                  0000cd26    00000004     nwk_ioctl.obj (.text:nwk_connectionControl)
                  0000cd2a    00000004     nwk_frame.obj (.text:nwk_getMyRxType)
                  0000cd2e    00000004     nwk_globals.obj (.text:nwk_getProtocolVersion)
                  0000cd32    00000004     nwk_freq.obj (.text:nwk_processFreq)
                  0000cd36    00000004     nwk_security.obj (.text:nwk_processSecurity)
                  0000cd3a    00000002     rts430x.lib : _lock.obj (.text:_nop)
                  0000cd3c    00000002     user.obj (.text:dummy)

.const     0    0000cd3e    00000403     
                  0000cd3e    0000021f     display.obj (.const:int_to_array_conversion_table)
                  0000cf5d    00000001     --HOLE-- [fill = 0]
                  0000cf5e    00000090     menu.obj (.const)
                  0000cfee    00000080     <whole-program> (.const:.string)
                  0000d06e    00000040     mrfi.obj (.const:mrfiRadioCfg)
                  0000d0ae    0000002b     display.obj (.const:.string:lcd_font)
                  0000d0d9    00000001     --HOLE-- [fill = 0]
                  0000d0da    0000002a     display.obj (.const:.string:segments_bitmask)
                  0000d104    00000018     nwk_frame.obj (.const:func$27)
                  0000d11c    00000009     nwk_globals.obj (.const)
                  0000d125    00000001     --HOLE-- [fill = 0]
                  0000d126    00000008     clock.obj (.const:selection_Timeformat)
                  0000d12e    00000004     mrfi.obj (.const:.string:mrfiBroadcastAddr)
                  0000d132    00000004     mrfi.obj (.const:.string:mrfiLogicalChanTable$25)
                  0000d136    00000004     BlueRobin_RX_868MHz.lib : BRRX_Resource.obj (.const)
                  0000d13a    00000003     mrfi.obj (.const:.string:mrfiRFPowerTable$25)
                  0000d13d    00000001     --HOLE-- [fill = 0]
                  0000d13e    00000001     mrfi.obj (.const)
                  0000d13f    00000001     --HOLE-- [fill = 0]
                  0000d140    00000001     nwk_frame.obj (.const)

.cinit     0    0000d142    000001fa     
                  0000d142    000001af     <whole-program> (.cinit)
                  0000d2f1    00000001     --HOLE-- [fill = 0]
                  0000d2f2    00000017     BlueRobin_RX_868MHz.lib : BRRX_Scheduler.obj (.cinit)
                  0000d309    00000001     --HOLE-- [fill = 0]
                  0000d30a    00000017                             : BRRX_Timer.obj (.cinit)
                  0000d321    00000001     --HOLE-- [fill = 0]
                  0000d322    0000000c                             : BRRX_Radio.obj (.cinit)
                  0000d32e    0000000b                             : BRRX_Packet.obj (.cinit)
                  0000d339    00000001     --HOLE-- [fill = 0]
                  0000d33a    00000002     (.pad.cinit) [fill = 0]

.int48     0    0000ffe0    00000002     
                  0000ffe0    00000002     <whole-program> (.int48)

.int53     0    0000ffea    00000002     
                  0000ffea    00000002     radio.obj (.int53)

.int54     0    0000ffec    00000002     
                  0000ffec    00000002     <whole-program> (.int54)

.int55     0    0000ffee    00000002     
                  0000ffee    00000002     <whole-program> (.int55)

.int56     0    0000fff0    00000002     
                  0000fff0    00000002     <whole-program> (.int56)

.reset     0    0000fffe    00000002     
                  0000fffe    00000002     rts430x.lib : boot.obj (.reset)


GLOBAL SYMBOLS: SORTED ALPHABETICALLY BY Name 

address    name
--------   ----
00001c00   .bss
00008000   .text
00000700   ADC12CTL0
00000701   ADC12CTL0_H
00000700   ADC12CTL0_L
00000702   ADC12CTL1
00000703   ADC12CTL1_H
00000702   ADC12CTL1_L
00000704   ADC12CTL2
00000705   ADC12CTL2_H
00000704   ADC12CTL2_L
0000070c   ADC12IE
0000070d   ADC12IE_H
0000070c   ADC12IE_L
0000070a   ADC12IFG
0000070b   ADC12IFG_H
0000070a   ADC12IFG_L
0000c8fa   ADC12ISR
0000070e   ADC12IV
0000070f   ADC12IV_H
0000070e   ADC12IV_L
00000710   ADC12MCTL0
00000711   ADC12MCTL1
0000071a   ADC12MCTL10
0000071b   ADC12MCTL11
0000071c   ADC12MCTL12
0000071d   ADC12MCTL13
0000071e   ADC12MCTL14
0000071f   ADC12MCTL15
00000712   ADC12MCTL2
00000713   ADC12MCTL3
00000714   ADC12MCTL4
00000715   ADC12MCTL5
00000716   ADC12MCTL6
00000717   ADC12MCTL7
00000718   ADC12MCTL8
00000719   ADC12MCTL9
00000720   ADC12MEM0
00000721   ADC12MEM0_H
00000720   ADC12MEM0_L
00000722   ADC12MEM1
00000734   ADC12MEM10
00000735   ADC12MEM10_H
00000734   ADC12MEM10_L
00000736   ADC12MEM11
00000737   ADC12MEM11_H
00000736   ADC12MEM11_L
00000738   ADC12MEM12
00000739   ADC12MEM12_H
00000738   ADC12MEM12_L
0000073a   ADC12MEM13
0000073b   ADC12MEM13_H
0000073a   ADC12MEM13_L
0000073c   ADC12MEM14
0000073d   ADC12MEM14_H
0000073c   ADC12MEM14_L
0000073e   ADC12MEM15
0000073f   ADC12MEM15_H
0000073e   ADC12MEM15_L
00000723   ADC12MEM1_H
00000722   ADC12MEM1_L
00000724   ADC12MEM2
00000725   ADC12MEM2_H
00000724   ADC12MEM2_L
00000726   ADC12MEM3
00000727   ADC12MEM3_H
00000726   ADC12MEM3_L
00000728   ADC12MEM4
00000729   ADC12MEM4_H
00000728   ADC12MEM4_L
0000072a   ADC12MEM5
0000072b   ADC12MEM5_H
0000072a   ADC12MEM5_L
0000072c   ADC12MEM6
0000072d   ADC12MEM6_H
0000072c   ADC12MEM6_L
0000072e   ADC12MEM7
0000072f   ADC12MEM7_H
0000072e   ADC12MEM7_L
00000730   ADC12MEM8
00000731   ADC12MEM8_H
00000730   ADC12MEM8_L
00000732   ADC12MEM9
00000733   ADC12MEM9_H
00000732   ADC12MEM9_L
000009c0   AESACTL0
000009c1   AESACTL0_H
000009c0   AESACTL0_L
000009c8   AESADIN
000009c9   AESADIN_H
000009c8   AESADIN_L
000009ca   AESADOUT
000009cb   AESADOUT_H
000009ca   AESADOUT_L
000009c6   AESAKEY
000009c7   AESAKEY_H
000009c6   AESAKEY_L
000009c4   AESASTAT
000009c5   AESASTAT_H
000009c4   AESASTAT_L
000020b0   BRRX__CurrentPacketTime_u16
000020b2   BRRX__CurrentSignalLevel_u8
0000d136   BRRX__First_TXCB_t
0000d138   BRRX__Last_TXCB_t
00002022   BRRX__MaxSearchTries_u8
0000206e   BRRX__NextEndTime_u16
0000206c   BRRX__NextEventTime_u16
00002071   BRRX__NextFrequencyOffset_s8
00002070   BRRX__NextFrequency_u8
00002026   BRRX__PacketBits_t
00002020   BRRX__PowerdownDelay_u8
00002023   BRRX__SearchRatio_u8
00002021   BRRX__SignalLevelReduction
000020ae   BRRX__StatusFlags_t
00001faa   BRRX__TXCB_t
00002024   BRRX__TestMode_u8
00002072   BRRX__TimerState_t
0000c524   BSP_Delay
0000cb60   BSP_InitBoard
00001d83   Button_Delay
00001cc2   Button_Down_Data
00001d84   Button_Repeat
00001c00   Button_Up_Data
0000cd1e   C$$EXIT
000008c0   CBCTL0
000008c1   CBCTL0_H
000008c0   CBCTL0_L
000008c2   CBCTL1
000008c3   CBCTL1_H
000008c2   CBCTL1_L
000008c4   CBCTL2
000008c5   CBCTL2_H
000008c4   CBCTL2_L
000008c6   CBCTL3
000008c7   CBCTL3_H
000008c6   CBCTL3_L
000008cc   CBINT
000008cd   CBINT_H
000008cc   CBINT_L
000008ce   CBIV
00000150   CRCDI
00000152   CRCDIRB
00000153   CRCDIRB_H
00000152   CRCDIRB_L
00000151   CRCDI_H
00000150   CRCDI_L
00000154   CRCINIRES
00000155   CRCINIRES_H
00000154   CRCINIRES_L
00000156   CRCRESR
00000157   CRCRESR_H
00000156   CRCRESR_L
00001d86   ChronicRF
00001dd6   Chronic_PA_Table
00000510   DMA0CTL
00000511   DMA0CTL_H
00000510   DMA0CTL_L
00000516   DMA0DA
00000516   DMA0DAL
00000512   DMA0SA
00000512   DMA0SAL
0000051a   DMA0SZ
00000520   DMA1CTL
00000521   DMA1CTL_H
00000520   DMA1CTL_L
00000526   DMA1DA
00000526   DMA1DAL
00000522   DMA1SA
00000522   DMA1SAL
0000052a   DMA1SZ
00000530   DMA2CTL
00000531   DMA2CTL_H
00000530   DMA2CTL_L
00000536   DMA2DA
00000536   DMA2DAL
00000532   DMA2SA
00000532   DMA2SAL
0000053a   DMA2SZ
00000500   DMACTL0
00000501   DMACTL0_H
00000500   DMACTL0_L
00000502   DMACTL1
00000503   DMACTL1_H
00000502   DMACTL1_L
00000504   DMACTL2
00000505   DMACTL2_H
00000504   DMACTL2_L
00000506   DMACTL3
00000507   DMACTL3_H
00000506   DMACTL3_L
00000508   DMACTL4
00000509   DMACTL4_H
00000508   DMACTL4_L
0000050e   DMAIV
0000050f   DMAIV_H
0000050e   DMAIV_L
00001d82   Down_Buttons
00001d85   Emulation_Mode
00000140   FCTL1
00000141   FCTL1_H
00000140   FCTL1_L
00000144   FCTL3
00000145   FCTL3_H
00000144   FCTL3_L
00000146   FCTL4
00000147   FCTL4_H
00000146   FCTL4_L
00000a04   LCDBBLKCTL
00000a05   LCDBBLKCTL_H
00000a04   LCDBBLKCTL_L
00000a12   LCDBCPCTL
00000a13   LCDBCPCTL_H
00000a12   LCDBCPCTL_L
00000a00   LCDBCTL0
00000a01   LCDBCTL0_H
00000a00   LCDBCTL0_L
00000a02   LCDBCTL1
00000a03   LCDBCTL1_H
00000a02   LCDBCTL1_L
00000a1e   LCDBIV
00000a40   LCDBM1
00000a49   LCDBM10
00000a4a   LCDBM11
00000a4b   LCDBM12
00000a4c   LCDBM13
00000a4d   LCDBM14
00000a4e   LCDBM15
00000a4f   LCDBM16
00000a50   LCDBM17
00000a51   LCDBM18
00000a52   LCDBM19
00000a41   LCDBM2
00000a53   LCDBM20
00000a54   LCDBM21
00000a55   LCDBM22
00000a56   LCDBM23
00000a57   LCDBM24
00000a42   LCDBM3
00000a43   LCDBM4
00000a44   LCDBM5
00000a45   LCDBM6
00000a46   LCDBM7
00000a47   LCDBM8
00000a48   LCDBM9
00000a06   LCDBMEMCTL
00000a07   LCDBMEMCTL_H
00000a06   LCDBMEMCTL_L
00000a0a   LCDBPCTL0
00000a0b   LCDBPCTL0_H
00000a0a   LCDBPCTL0_L
00000a0c   LCDBPCTL1
00000a0d   LCDBPCTL1_H
00000a0c   LCDBPCTL1_L
00000a0e   LCDBPCTL2
00000a0f   LCDBPCTL2_H
00000a0e   LCDBPCTL2_L
00000a10   LCDBPCTL3
00000a11   LCDBPCTL3_H
00000a10   LCDBPCTL3_L
00000a08   LCDBVCTL
00000a09   LCDBVCTL_H
00000a08   LCDBVCTL_L
00000a20   LCDM1
00000a29   LCDM10
00000a2a   LCDM11
00000a2b   LCDM12
00000a2c   LCDM13
00000a2d   LCDM14
00000a2e   LCDM15
00000a2f   LCDM16
00000a30   LCDM17
00000a31   LCDM18
00000a32   LCDM19
00000a21   LCDM2
00000a33   LCDM20
00000a34   LCDM21
00000a35   LCDM22
00000a36   LCDM23
00000a37   LCDM24
00000a22   LCDM3
00000a23   LCDM4
00000a24   LCDM5
00000a25   LCDM6
00000a26   LCDM7
00000a27   LCDM8
00000a28   LCDM9
0000bd32   L_LSL_1
0000bd0e   L_LSL_10
0000bd0a   L_LSL_11
0000bd06   L_LSL_12
0000bd02   L_LSL_13
0000bcfe   L_LSL_14
0000bcfa   L_LSL_15
0000bd2e   L_LSL_2
0000bd2a   L_LSL_3
0000bd26   L_LSL_4
0000bd22   L_LSL_5
0000bd1e   L_LSL_6
0000bd1a   L_LSL_7
0000bd16   L_LSL_8
0000bd12   L_LSL_9
000004c4   MAC
000004da   MAC32H
000004db   MAC32H_H
000004da   MAC32H_L
000004d8   MAC32L
000004d9   MAC32L_H
000004d8   MAC32L_L
000004c6   MACS
000004de   MACS32H
000004df   MACS32H_H
000004de   MACS32H_L
000004dc   MACS32L
000004dd   MACS32L_H
000004dc   MACS32L_L
000004c7   MACS_H
000004c6   MACS_L
000004c5   MAC_H
000004c4   MAC_L
000004c0   MPY
000004ec   MPY32CTL0
000004ed   MPY32CTL0_H
000004ec   MPY32CTL0_L
000004d2   MPY32H
000004d3   MPY32H_H
000004d2   MPY32H_L
000004d0   MPY32L
000004d1   MPY32L_H
000004d0   MPY32L_L
000004c2   MPYS
000004d6   MPYS32H
000004d7   MPYS32H_H
000004d6   MPYS32H_L
000004d4   MPYS32L
000004d5   MPYS32L_H
000004d4   MPYS32L_L
000004c3   MPYS_H
000004c2   MPYS_L
000004c1   MPY_H
000004c0   MPY_L
0000cb70   MRFI_DelayMs
0000c612   MRFI_EnableRxAddrFilter
0000ccf6   MRFI_GetRadioState
00008f68   MRFI_Init
0000cbda   MRFI_PostKillSem
0000b450   MRFI_RadioIsr
0000c9a6   MRFI_RandomByte
0000cbe6   MRFI_Receive
0000bf3c   MRFI_ReplyDelay
0000c632   MRFI_RxCompleteISR
0000c652   MRFI_RxIdle
0000c672   MRFI_RxOn
0000c732   MRFI_SetLogicalChannel
0000c804   MRFI_SetRFPwr
0000c470   MRFI_SetRxAddrFilter
0000c494   MRFI_Sleep
0000a30c   MRFI_Transmit
0000c546   MRFI_WakeUp
000004c8   OP2
000004e2   OP2H
000004e3   OP2H_H
000004e2   OP2H_L
000004e0   OP2L
000004e1   OP2L_H
000004e0   OP2L_L
000004c9   OP2_H
000004c8   OP2_L
0000020e   P1IV
000001c8   P1MAP01
000001c9   P1MAP01_H
000001c8   P1MAP01_L
000001ca   P1MAP23
000001cb   P1MAP23_H
000001ca   P1MAP23_L
000001cc   P1MAP45
000001cd   P1MAP45_H
000001cc   P1MAP45_L
000001ce   P1MAP67
000001cf   P1MAP67_H
000001ce   P1MAP67_L
0000021e   P2IV
000001d0   P2MAP01
000001d1   P2MAP01_H
000001d0   P2MAP01_L
000001d2   P2MAP23
000001d3   P2MAP23_H
000001d2   P2MAP23_L
000001d4   P2MAP45
000001d5   P2MAP45_H
000001d4   P2MAP45_L
000001d6   P2MAP67
000001d7   P2MAP67_H
000001d6   P2MAP67_L
000001d8   P3MAP01
000001d9   P3MAP01_H
000001d8   P3MAP01_L
000001da   P3MAP23
000001db   P3MAP23_H
000001da   P3MAP23_L
000001dc   P3MAP45
000001dd   P3MAP45_H
000001dc   P3MAP45_L
000001de   P3MAP67
000001df   P3MAP67_H
000001de   P3MAP67_L
00000204   PADIR
00000205   PADIR_H
00000204   PADIR_L
00000208   PADS
00000209   PADS_H
00000208   PADS_L
0000021a   PAIE
00000218   PAIES
00000219   PAIES_H
00000218   PAIES_L
0000021b   PAIE_H
0000021a   PAIE_L
0000021c   PAIFG
0000021d   PAIFG_H
0000021c   PAIFG_L
00000200   PAIN
00000201   PAIN_H
00000200   PAIN_L
00000202   PAOUT
00000203   PAOUT_H
00000202   PAOUT_L
00000206   PAREN
00000207   PAREN_H
00000206   PAREN_L
0000020a   PASEL
0000020b   PASEL_H
0000020a   PASEL_L
00000224   PBDIR
00000225   PBDIR_H
00000224   PBDIR_L
00000228   PBDS
00000229   PBDS_H
00000228   PBDS_L
00000220   PBIN
00000221   PBIN_H
00000220   PBIN_L
00000222   PBOUT
00000223   PBOUT_H
00000222   PBOUT_L
00000226   PBREN
00000227   PBREN_H
00000226   PBREN_L
0000022a   PBSEL
0000022b   PBSEL_H
0000022a   PBSEL_L
00000244   PCDIR
00000245   PCDIR_H
00000244   PCDIR_L
00000248   PCDS
00000249   PCDS_H
00000248   PCDS_L
00000240   PCIN
00000241   PCIN_H
00000240   PCIN_L
00000242   PCOUT
00000243   PCOUT_H
00000242   PCOUT_L
00000246   PCREN
00000247   PCREN_H
00000246   PCREN_L
0000024a   PCSEL
0000024b   PCSEL_H
0000024a   PCSEL_L
00000324   PJDIR
00000325   PJDIR_H
00000324   PJDIR_L
00000328   PJDS
00000329   PJDS_H
00000328   PJDS_L
00000320   PJIN
00000321   PJIN_H
00000320   PJIN_L
00000322   PJOUT
00000323   PJOUT_H
00000322   PJOUT_L
00000326   PJREN
00000327   PJREN_H
00000326   PJREN_L
000001c2   PMAPCTL
000001c3   PMAPCTL_H
000001c2   PMAPCTL_L
000001c0   PMAPKEYID
000001c1   PMAPKEYID_H
000001c0   PMAPKEYID_L
00000120   PMMCTL0
00000121   PMMCTL0_H
00000120   PMMCTL0_L
00000122   PMMCTL1
00000123   PMMCTL1_H
00000122   PMMCTL1_L
0000012c   PMMIFG
0000012d   PMMIFG_H
0000012c   PMMIFG_L
0000012e   PMMRIE
0000012f   PMMRIE_H
0000012e   PMMRIE_L
00008828   PORT2_ISR
00000158   RCCTL0
00000159   RCCTL0_H
00000158   RCCTL0_L
000001b0   REFCTL0
000001b1   REFCTL0_H
000001b0   REFCTL0_L
000004e4   RES0
000004e5   RES0_H
000004e4   RES0_L
000004e6   RES1
000004e7   RES1_H
000004e6   RES1_L
000004e8   RES2
000004e9   RES2_H
000004e8   RES2_L
000004ea   RES3
000004eb   RES3_H
000004ea   RES3_L
000004cc   RESHI
000004cd   RESHI_H
000004cc   RESHI_L
000004ca   RESLO
000004cb   RESLO_H
000004ca   RESLO_L
00000f16   RF1ADINW
00000f17   RF1ADINW_H
00000f16   RF1ADINW_L
00000f28   RF1ADOUT0W
00000f29   RF1ADOUT0W_H
00000f28   RF1ADOUT0W_L
00000f2a   RF1ADOUT1W
00000f2b   RF1ADOUT1W_H
00000f2a   RF1ADOUT1W_L
00000f2c   RF1ADOUT2W
00000f2d   RF1ADOUT2W_H
00000f2c   RF1ADOUT2W_L
00000f36   RF1AIE
00000f34   RF1AIES
00000f35   RF1AIES_H
00000f34   RF1AIES_L
00000f37   RF1AIE_H
00000f36   RF1AIE_L
00000f00   RF1AIFCTL0
00000f01   RF1AIFCTL0_H
00000f00   RF1AIFCTL0_L
00000f02   RF1AIFCTL1
00000f03   RF1AIFCTL1_H
00000f02   RF1AIFCTL1_L
00000f04   RF1AIFCTL2
00000f05   RF1AIFCTL2_H
00000f04   RF1AIFCTL2_L
00000f06   RF1AIFERR
00000f0c   RF1AIFERRV
00000f0d   RF1AIFERRV_H
00000f0c   RF1AIFERRV_L
00000f07   RF1AIFERR_H
00000f06   RF1AIFERR_L
00000f32   RF1AIFG
00000f33   RF1AIFG_H
00000f32   RF1AIFG_L
00000f0e   RF1AIFIV
00000f0f   RF1AIFIV_H
00000f0e   RF1AIFIV_L
00000f30   RF1AIN
00000f12   RF1AINSTR1W
00000f13   RF1AINSTR1W_H
00000f12   RF1AINSTR1W_L
00000f14   RF1AINSTR2W
00000f15   RF1AINSTR2W_H
00000f14   RF1AINSTR2W_L
00000f10   RF1AINSTRW
00000f11   RF1AINSTRW_H
00000f10   RF1AINSTRW_L
00000f31   RF1AIN_H
00000f30   RF1AIN_L
00000f38   RF1AIV
00000f39   RF1AIV_H
00000f38   RF1AIV_L
00000f3c   RF1ARXFIFO
00000f3d   RF1ARXFIFO_H
00000f3c   RF1ARXFIFO_L
00000f20   RF1ASTAT0W
00000f21   RF1ASTAT0W_H
00000f20   RF1ASTAT0W_L
00000f22   RF1ASTAT1W
00000f23   RF1ASTAT1W_H
00000f22   RF1ASTAT1W_L
00000f24   RF1ASTAT2W
00000f25   RF1ASTAT2W_H
00000f24   RF1ASTAT2W_L
00000f3e   RF1ATXFIFO
00000f3f   RF1ATXFIFO_H
00000f3e   RF1ATXFIFO_L
000004ba   RTCADOWDAY
000004bb   RTCADOWDAY_H
000004ba   RTCADOWDAY_L
000004b8   RTCAMINHR
000004b9   RTCAMINHR_H
000004b8   RTCAMINHR_L
000004a0   RTCCTL01
000004a1   RTCCTL01_H
000004a0   RTCCTL01_L
000004a2   RTCCTL23
000004a3   RTCCTL23_H
000004a2   RTCCTL23_L
000004b4   RTCDATE
000004b5   RTCDATE_H
000004b4   RTCDATE_L
000004ae   RTCIV
000004ac   RTCPS
000004a8   RTCPS0CTL
000004a9   RTCPS0CTL_H
000004a8   RTCPS0CTL_L
000004aa   RTCPS1CTL
000004ab   RTCPS1CTL_H
000004aa   RTCPS1CTL_L
000004ad   RTCPS_H
000004ac   RTCPS_L
000004b0   RTCTIM0
000004b1   RTCTIM0_H
000004b0   RTCTIM0_L
000004b2   RTCTIM1
000004b3   RTCTIM1_H
000004b2   RTCTIM1_L
000004b6   RTCYEAR
000004b7   RTCYEAR_H
000004b6   RTCYEAR_L
0000c9d2   ReadSingleReg
0000cb80   ResetRadioCore
00000100   SFRIE1
00000101   SFRIE1_H
00000100   SFRIE1_L
00000102   SFRIFG1
00000103   SFRIFG1_H
00000102   SFRIFG1_L
00000104   SFRRPCR
00000105   SFRRPCR_H
00000104   SFRRPCR_L
0000c1e8   SMPL_Init
0000a8fe   SMPL_Ioctl
000093c8   SMPL_Link
0000ba06   SMPL_Receive
0000b3ea   SMPL_SendOpt
000004ce   SUMEXT
000004cf   SUMEXT_H
000004ce   SUMEXT_L
00000124   SVSMHCTL
00000125   SVSMHCTL_H
00000124   SVSMHCTL_L
00000128   SVSMIO
00000129   SVSMIO_H
00000128   SVSMIO_L
00000126   SVSMLCTL
00000127   SVSMLCTL_H
00000126   SVSMLCTL_L
00000198   SYSBERRIV
00000199   SYSBERRIV_H
00000198   SYSBERRIV_L
00000182   SYSBSLC
00000183   SYSBSLC_H
00000182   SYSBSLC_L
00000180   SYSCTL
00000181   SYSCTL_H
00000180   SYSCTL_L
00000186   SYSJMBC
00000187   SYSJMBC_H
00000186   SYSJMBC_L
00000188   SYSJMBI0
00000189   SYSJMBI0_H
00000188   SYSJMBI0_L
0000018a   SYSJMBI1
0000018b   SYSJMBI1_H
0000018a   SYSJMBI1_L
0000018c   SYSJMBO0
0000018d   SYSJMBO0_H
0000018c   SYSJMBO0_L
0000018e   SYSJMBO1
0000018f   SYSJMBO1_H
0000018e   SYSJMBO1_L
0000019e   SYSRSTIV
0000019f   SYSRSTIV_H
0000019e   SYSRSTIV_L
0000019c   SYSSNIV
0000019d   SYSSNIV_H
0000019c   SYSSNIV_L
0000019a   SYSUNIV
0000019b   SYSUNIV_H
0000019a   SYSUNIV_L
0000c38c   SetVCore
0000c3b2   SetVCoreDown
0000ba96   SetVCoreUp
0000aaee   Strobe
00000352   TA0CCR0
00000354   TA0CCR1
00000356   TA0CCR2
00000358   TA0CCR3
0000035a   TA0CCR4
00000342   TA0CCTL0
00000344   TA0CCTL1
00000346   TA0CCTL2
00000348   TA0CCTL3
0000034a   TA0CCTL4
00000340   TA0CTL
00000360   TA0EX0
0000036e   TA0IV
00000350   TA0R
00000392   TA1CCR0
00000394   TA1CCR1
00000396   TA1CCR2
00000382   TA1CCTL0
00000384   TA1CCTL1
00000386   TA1CCTL2
00000380   TA1CTL
000003a0   TA1EX0
000003ae   TA1IV
00000390   TA1R
00008bec   TIMER0_A0_ISR
0000b0d2   TIMER0_A1_5_ISR
0000c26c   Timer0_A3_Start
0000ccde   Timer0_A3_Stop
0000b4b2   Timer0_A4_Delay
0000ca56   Timer0_Init
0000cce6   Timer0_Start
0000cbf2   Timer0_Stop
000005d0   UCA0ABCTL
000005c6   UCA0BRW
000005c7   UCA0BRW_H
000005c6   UCA0BRW_L
000005c0   UCA0CTLW0
000005c1   UCA0CTLW0_H
000005c0   UCA0CTLW0_L
000005dc   UCA0ICTL
000005dd   UCA0ICTL_H
000005dc   UCA0ICTL_L
000005d2   UCA0IRCTL
000005d3   UCA0IRCTL_H
000005d2   UCA0IRCTL_L
000005de   UCA0IV
000005c8   UCA0MCTL
000005cc   UCA0RXBUF
000005ca   UCA0STAT
000005ce   UCA0TXBUF
000005e6   UCB0BRW
000005e7   UCB0BRW_H
000005e6   UCB0BRW_L
000005e0   UCB0CTLW0
000005e1   UCB0CTLW0_H
000005e0   UCB0CTLW0_L
000005f0   UCB0I2COA
000005f1   UCB0I2COA_H
000005f0   UCB0I2COA_L
000005f2   UCB0I2CSA
000005f3   UCB0I2CSA_H
000005f2   UCB0I2CSA_L
000005fc   UCB0ICTL
000005fd   UCB0ICTL_H
000005fc   UCB0ICTL_L
000005fe   UCB0IV
000005ec   UCB0RXBUF
000005ea   UCB0STAT
000005ee   UCB0TXBUF
00000160   UCSCTL0
00000161   UCSCTL0_H
00000160   UCSCTL0_L
00000162   UCSCTL1
00000163   UCSCTL1_H
00000162   UCSCTL1_L
00000164   UCSCTL2
00000165   UCSCTL2_H
00000164   UCSCTL2_L
00000166   UCSCTL3
00000167   UCSCTL3_H
00000166   UCSCTL3_L
00000168   UCSCTL4
00000169   UCSCTL4_H
00000168   UCSCTL4_L
0000016a   UCSCTL5
0000016b   UCSCTL5_H
0000016a   UCSCTL5_L
0000016c   UCSCTL6
0000016d   UCSCTL6_H
0000016c   UCSCTL6_L
0000016e   UCSCTL7
0000016f   UCSCTL7_H
0000016e   UCSCTL7_L
00000170   UCSCTL8
00000171   UCSCTL8_H
00000170   UCSCTL8_L
00001cc0   Up_Buttons
0000015c   WDTCTL
0000015d   WDTCTL_H
0000015c   WDTCTL_L
0000b62c   WriteBurstPATable
0000bbf4   WriteBurstReg
00008dc2   WriteRfSettings
0000be28   WriteSingleReg
00002bfc   __STACK_END
00000050   __STACK_SIZE
00000001   __TI_args_main
00000001   __TI_auto_init
00000001   __TI_exit
ffffffff   __binit__
00001c00   __bss__
ffffffff   __c_args__
0000d142   __cinit__
0000c240   __divi
0000bc7c   __divli
0000ca14   __divu
0000b798   __divul
000020c7   __end__
0000cd3e   __etext__
00009668   __fs_add
0000b972   __fs_cmp
0000ab84   __fs_div
0000bf06   __fs_itof
0000a794   __fs_mpy
00009662   __fs_sub
0000bbae   __fs_tou
0000b8da   __fs_toul
0000c00a   __fs_ultof
0000c500   __fs_utof
0000ca2a   __mpyi_f5hw
0000c5ce   __mpyl_f5hw
0000c8e0   __mpyul_f5hw
ffffffff   __pinit__
0000c240   __remi
0000bc7c   __remli
0000ca14   __remu
0000b798   __remul
00008000   __text__
0000badc   _auto_init
0000c296   _c_int00
0000c296   _c_int00_noexit
0000208c   _cleanup_ptr
00002090   _dtors_ptr
00002084   _lock
0000cd3a   _nop
0000fffe   _reset_vector
00002bac   _stack
0000cd1a   _system_pre_init
00002088   _unlock
0000cd1e   abort
000020c2   adc12_data_ready
000020c0   adc12_result
0000b31a   adc12_single_conversion
0000b842   add_day
0000206b   as_ok
0000b1c2   battery_measurement
ffffffff   binit
000020a0   brrx_packet_end_cap_value
00001ef4   burst_end
00001ef0   burst_mode
00001ef6   burst_packet
00001f08   burst_packet_index
00001ef2   burst_start
0000204e   button
0000b88e   button_repeat_function
0000cc8e   button_repeat_off
0000c9e8   button_repeat_on
0000c820   check_alarm
0000c92e   chronic_config_rf
00009af8   chronic_tx
0000cbfe   chronic_tx_down
0000cc0a   chronic_tx_up
0000d142   cinit
0000ccfc   clear_blink_mem
0000cc16   clear_display
0000c83c   clear_display_all
0000b6e4   clear_line
0000b688   clock_tick
0000cb90   close_radio
0000aecc   config_doorbell
0000c946   convert_hour_to_12H_format
0000ca6a   countdown_buzzer
00001e64   display
0000a3d2   display_alarm
0000ca7e   display_all_off
0000c95e   display_all_on
0000c76e   display_am_pm_symbol
0000b512   display_battery_V
0000b236   display_char
0000a09c   display_chars
0000a242   display_date
0000c06e   display_doorbell
0000bb22   display_hours
0000c2c0   display_rfbsl
0000c9fe   display_selection_Timeformat1
000098bc   display_stopwatch
0000c78c   display_symbol
0000ca92   display_sync
00009268   display_time
000099e2   display_update
0000c568   display_value
0000a6da   do_tx
0000cd3c   dummy
000020c7   end
0000cd3e   etext
00002094   fptr_Timer0_A3_function
00001fe6   fptr_lcd_function_line1
00001fea   fptr_lcd_function_line2
0000af52   get_numberOfDays
0000cc2e   idle_loop
0000a55a   init_application
0000c3fe   init_buttons
0000b570   init_global_variables
0000a496   int_to_array
0000cd3e   int_to_array_conversion_table
00001eba   int_to_array_str
0000cbb0   is_hour_am
0000cc3a   is_rf
0000caba   is_stopwatch
0000d0ae   lcd_font
0000c2ea   lcd_init
0000be98   main
0000c4b8   memcmp
0000cae2   memcpy
0000c7aa   memmove
0000caf4   memset
0000cf82   menu_L1_Alarm
0000cf94   menu_L1_Doorbell
0000cf70   menu_L1_Time
0000cfb8   menu_L2_Battery
0000cfa6   menu_L2_Date
0000cfdc   menu_L2_RFBSL
0000cf5e   menu_L2_Stopwatch
0000cfca   menu_L2_Sync
00001fe4   message
0000d13e   method
0000d12e   mrfiBroadcastAddr
0000d06e   mrfiRadioCfg
0000b2a8   mrfiRadioInterfaceCmdStrobe
0000bb68   mrfiRadioInterfaceReadReg
0000c09e   mrfiRadioInterfaceReadRxFifo
0000bf70   mrfiRadioInterfaceWriteReg
0000bfa4   mrfiRadioInterfaceWriteTxFifo
00009bf0   mx_alarm
00008a0e   mx_date
0000cbbe   mx_stopwatch
00008634   mx_time
0000cd22   nwk_NVObj
0000c858   nwk_QInit
0000c214   nwk_QadjustOrder
00009fc0   nwk_QfindOldest
0000b14c   nwk_QfindSlot
0000a170   nwk_allocateLocalRxPort
0000ae42   nwk_buildFrame
0000c424   nwk_checkConnInfo
0000cd26   nwk_connectionControl
0000c874   nwk_deviceAddress
0000bd38   nwk_findPeer
0000c6b2   nwk_frameInit
0000cd02   nwk_freeConnection
0000cd08   nwk_getBCastAddress
0000c33c   nwk_getConnInfo
0000cb06   nwk_getMyAddress
0000cd2a   nwk_getMyRxType
0000bd74   nwk_getNextConnection
0000cc46   nwk_getNumObjectFromMsg
0000cd2e   nwk_getProtocolVersion
0000c44a   nwk_globalsInit
0000ac9e   nwk_isConnectionValid
0000bdb0   nwk_isLinkDuplicate
0000c0ce   nwk_isValidReply
00009ce8   nwk_join
0000c364   nwk_joinInit
000093c8   nwk_link
0000c0fe   nwk_linkInit
0000cc98   nwk_mgmtInit
0000afd4   nwk_nwkInit
0000cca2   nwk_pingInit
0000cd32   nwk_processFreq
0000c976   nwk_processJoin
0000c58a   nwk_processLink
0000bed0   nwk_processMgmt
0000c4dc   nwk_processPing
0000cd36   nwk_processSecurity
0000c890   nwk_putNumObjectIntoMsg
0000b73e   nwk_radioControl
0000c12e   nwk_rawReceive
0000b7f0   nwk_rawSend
0000aa52   nwk_retrieveFrame
0000b056   nwk_sendAckReply
0000c15e   nwk_sendFrame
0000cc52   nwk_setAPAddress
0000cb18   nwk_setJoinToken
0000cb2a   nwk_setLinkToken
0000c7c8   nwk_setMyAddress
0000cb3c   open_radio
00001f0a   p
ffffffff   pinit
0000c5ac   process_requests
00001f4e   ps_ok
000020be   ptrMenu_L1
000020bc   ptrMenu_L2
0000c692   radio_ISR
0000cba0   radio_powerdown
0000bfd8   radio_reset
0000ad2a   read_calibration_values
00001fe2   request
0000c98e   reset_alarm
0000cb4e   reset_batt_measurement
0000ccac   reset_buzzer
0000c6d2   reset_clock
0000cace   reset_date
0000ccb6   reset_rf
0000c6f2   reset_stopwatch
00002061   rfBSL_button_confirmation
00001fee   rf_frequoffset
00002030   sAccel
000020b8   sAlarm
00001ff0   sAlt
00002074   sBatt
00001fc6   sBlueRobin
00002050   sButton
0000207c   sBuzzer
000020a2   sDate
00001fa9   sInit_done
00001ec2   sRFsmpl
0000200c   sStopwatch
000020a8   sTemp
00001ffe   sTime
00002098   sTimer
0000d0da   segments_bitmask
00001e66   segments_lcdmem
0000d126   selection_Timeformat
0000cbcc   set_blink_rate
00008416   set_value
00001eca   simpliciti_data
00001eea   simpliciti_ed_address
00001ec8   simpliciti_flag
0000a84a   simpliciti_link
0000a9b0   simpliciti_main_sync
00001eee   simpliciti_payload_length
00001eef   simpliciti_reply_count
00008000   simpliciti_sync_decode_ap_cmd_callback
0000a61a   simpliciti_sync_get_data_callback
0000cd0e   start_blink
0000ba4e   start_buzzer
0000adb6   start_simpliciti_sync
0000c5f0   start_stopwatch
0000ccee   stop_alarm
0000cd14   stop_blink
0000c712   stop_buzzer
0000c914   stop_stopwatch
00009ed0   stopwatch_tick
0000cc5e   switch_seg
0000c03c   sx_alarm
0000b926   sx_rfbsl
0000ca40   sx_stopwatch
0000c7e6   sx_sync
00001fe0   sys
000090fe   test_mode
0000ccc0   to_lpm
0000b9bc   toggle_buzzer
0000cc6a   update_alarm
0000cc76   update_battery_voltage
0000ccca   update_date
0000cc82   update_stopwatch
0000bdec   update_stopwatch_timer
0000ccd4   update_time
00009792   wakeup_event
0000b5ce   write_lcd_mem


GLOBAL SYMBOLS: SORTED BY Symbol Address 

address    name
--------   ----
00000001   __TI_args_main
00000001   __TI_auto_init
00000001   __TI_exit
00000050   __STACK_SIZE
00000100   SFRIE1
00000100   SFRIE1_L
00000101   SFRIE1_H
00000102   SFRIFG1
00000102   SFRIFG1_L
00000103   SFRIFG1_H
00000104   SFRRPCR
00000104   SFRRPCR_L
00000105   SFRRPCR_H
00000120   PMMCTL0
00000120   PMMCTL0_L
00000121   PMMCTL0_H
00000122   PMMCTL1
00000122   PMMCTL1_L
00000123   PMMCTL1_H
00000124   SVSMHCTL
00000124   SVSMHCTL_L
00000125   SVSMHCTL_H
00000126   SVSMLCTL
00000126   SVSMLCTL_L
00000127   SVSMLCTL_H
00000128   SVSMIO
00000128   SVSMIO_L
00000129   SVSMIO_H
0000012c   PMMIFG
0000012c   PMMIFG_L
0000012d   PMMIFG_H
0000012e   PMMRIE
0000012e   PMMRIE_L
0000012f   PMMRIE_H
00000140   FCTL1
00000140   FCTL1_L
00000141   FCTL1_H
00000144   FCTL3
00000144   FCTL3_L
00000145   FCTL3_H
00000146   FCTL4
00000146   FCTL4_L
00000147   FCTL4_H
00000150   CRCDI
00000150   CRCDI_L
00000151   CRCDI_H
00000152   CRCDIRB
00000152   CRCDIRB_L
00000153   CRCDIRB_H
00000154   CRCINIRES
00000154   CRCINIRES_L
00000155   CRCINIRES_H
00000156   CRCRESR
00000156   CRCRESR_L
00000157   CRCRESR_H
00000158   RCCTL0
00000158   RCCTL0_L
00000159   RCCTL0_H
0000015c   WDTCTL
0000015c   WDTCTL_L
0000015d   WDTCTL_H
00000160   UCSCTL0
00000160   UCSCTL0_L
00000161   UCSCTL0_H
00000162   UCSCTL1
00000162   UCSCTL1_L
00000163   UCSCTL1_H
00000164   UCSCTL2
00000164   UCSCTL2_L
00000165   UCSCTL2_H
00000166   UCSCTL3
00000166   UCSCTL3_L
00000167   UCSCTL3_H
00000168   UCSCTL4
00000168   UCSCTL4_L
00000169   UCSCTL4_H
0000016a   UCSCTL5
0000016a   UCSCTL5_L
0000016b   UCSCTL5_H
0000016c   UCSCTL6
0000016c   UCSCTL6_L
0000016d   UCSCTL6_H
0000016e   UCSCTL7
0000016e   UCSCTL7_L
0000016f   UCSCTL7_H
00000170   UCSCTL8
00000170   UCSCTL8_L
00000171   UCSCTL8_H
00000180   SYSCTL
00000180   SYSCTL_L
00000181   SYSCTL_H
00000182   SYSBSLC
00000182   SYSBSLC_L
00000183   SYSBSLC_H
00000186   SYSJMBC
00000186   SYSJMBC_L
00000187   SYSJMBC_H
00000188   SYSJMBI0
00000188   SYSJMBI0_L
00000189   SYSJMBI0_H
0000018a   SYSJMBI1
0000018a   SYSJMBI1_L
0000018b   SYSJMBI1_H
0000018c   SYSJMBO0
0000018c   SYSJMBO0_L
0000018d   SYSJMBO0_H
0000018e   SYSJMBO1
0000018e   SYSJMBO1_L
0000018f   SYSJMBO1_H
00000198   SYSBERRIV
00000198   SYSBERRIV_L
00000199   SYSBERRIV_H
0000019a   SYSUNIV
0000019a   SYSUNIV_L
0000019b   SYSUNIV_H
0000019c   SYSSNIV
0000019c   SYSSNIV_L
0000019d   SYSSNIV_H
0000019e   SYSRSTIV
0000019e   SYSRSTIV_L
0000019f   SYSRSTIV_H
000001b0   REFCTL0
000001b0   REFCTL0_L
000001b1   REFCTL0_H
000001c0   PMAPKEYID
000001c0   PMAPKEYID_L
000001c1   PMAPKEYID_H
000001c2   PMAPCTL
000001c2   PMAPCTL_L
000001c3   PMAPCTL_H
000001c8   P1MAP01
000001c8   P1MAP01_L
000001c9   P1MAP01_H
000001ca   P1MAP23
000001ca   P1MAP23_L
000001cb   P1MAP23_H
000001cc   P1MAP45
000001cc   P1MAP45_L
000001cd   P1MAP45_H
000001ce   P1MAP67
000001ce   P1MAP67_L
000001cf   P1MAP67_H
000001d0   P2MAP01
000001d0   P2MAP01_L
000001d1   P2MAP01_H
000001d2   P2MAP23
000001d2   P2MAP23_L
000001d3   P2MAP23_H
000001d4   P2MAP45
000001d4   P2MAP45_L
000001d5   P2MAP45_H
000001d6   P2MAP67
000001d6   P2MAP67_L
000001d7   P2MAP67_H
000001d8   P3MAP01
000001d8   P3MAP01_L
000001d9   P3MAP01_H
000001da   P3MAP23
000001da   P3MAP23_L
000001db   P3MAP23_H
000001dc   P3MAP45
000001dc   P3MAP45_L
000001dd   P3MAP45_H
000001de   P3MAP67
000001de   P3MAP67_L
000001df   P3MAP67_H
00000200   PAIN
00000200   PAIN_L
00000201   PAIN_H
00000202   PAOUT
00000202   PAOUT_L
00000203   PAOUT_H
00000204   PADIR
00000204   PADIR_L
00000205   PADIR_H
00000206   PAREN
00000206   PAREN_L
00000207   PAREN_H
00000208   PADS
00000208   PADS_L
00000209   PADS_H
0000020a   PASEL
0000020a   PASEL_L
0000020b   PASEL_H
0000020e   P1IV
00000218   PAIES
00000218   PAIES_L
00000219   PAIES_H
0000021a   PAIE
0000021a   PAIE_L
0000021b   PAIE_H
0000021c   PAIFG
0000021c   PAIFG_L
0000021d   PAIFG_H
0000021e   P2IV
00000220   PBIN
00000220   PBIN_L
00000221   PBIN_H
00000222   PBOUT
00000222   PBOUT_L
00000223   PBOUT_H
00000224   PBDIR
00000224   PBDIR_L
00000225   PBDIR_H
00000226   PBREN
00000226   PBREN_L
00000227   PBREN_H
00000228   PBDS
00000228   PBDS_L
00000229   PBDS_H
0000022a   PBSEL
0000022a   PBSEL_L
0000022b   PBSEL_H
00000240   PCIN
00000240   PCIN_L
00000241   PCIN_H
00000242   PCOUT
00000242   PCOUT_L
00000243   PCOUT_H
00000244   PCDIR
00000244   PCDIR_L
00000245   PCDIR_H
00000246   PCREN
00000246   PCREN_L
00000247   PCREN_H
00000248   PCDS
00000248   PCDS_L
00000249   PCDS_H
0000024a   PCSEL
0000024a   PCSEL_L
0000024b   PCSEL_H
00000320   PJIN
00000320   PJIN_L
00000321   PJIN_H
00000322   PJOUT
00000322   PJOUT_L
00000323   PJOUT_H
00000324   PJDIR
00000324   PJDIR_L
00000325   PJDIR_H
00000326   PJREN
00000326   PJREN_L
00000327   PJREN_H
00000328   PJDS
00000328   PJDS_L
00000329   PJDS_H
00000340   TA0CTL
00000342   TA0CCTL0
00000344   TA0CCTL1
00000346   TA0CCTL2
00000348   TA0CCTL3
0000034a   TA0CCTL4
00000350   TA0R
00000352   TA0CCR0
00000354   TA0CCR1
00000356   TA0CCR2
00000358   TA0CCR3
0000035a   TA0CCR4
00000360   TA0EX0
0000036e   TA0IV
00000380   TA1CTL
00000382   TA1CCTL0
00000384   TA1CCTL1
00000386   TA1CCTL2
00000390   TA1R
00000392   TA1CCR0
00000394   TA1CCR1
00000396   TA1CCR2
000003a0   TA1EX0
000003ae   TA1IV
000004a0   RTCCTL01
000004a0   RTCCTL01_L
000004a1   RTCCTL01_H
000004a2   RTCCTL23
000004a2   RTCCTL23_L
000004a3   RTCCTL23_H
000004a8   RTCPS0CTL
000004a8   RTCPS0CTL_L
000004a9   RTCPS0CTL_H
000004aa   RTCPS1CTL
000004aa   RTCPS1CTL_L
000004ab   RTCPS1CTL_H
000004ac   RTCPS
000004ac   RTCPS_L
000004ad   RTCPS_H
000004ae   RTCIV
000004b0   RTCTIM0
000004b0   RTCTIM0_L
000004b1   RTCTIM0_H
000004b2   RTCTIM1
000004b2   RTCTIM1_L
000004b3   RTCTIM1_H
000004b4   RTCDATE
000004b4   RTCDATE_L
000004b5   RTCDATE_H
000004b6   RTCYEAR
000004b6   RTCYEAR_L
000004b7   RTCYEAR_H
000004b8   RTCAMINHR
000004b8   RTCAMINHR_L
000004b9   RTCAMINHR_H
000004ba   RTCADOWDAY
000004ba   RTCADOWDAY_L
000004bb   RTCADOWDAY_H
000004c0   MPY
000004c0   MPY_L
000004c1   MPY_H
000004c2   MPYS
000004c2   MPYS_L
000004c3   MPYS_H
000004c4   MAC
000004c4   MAC_L
000004c5   MAC_H
000004c6   MACS
000004c6   MACS_L
000004c7   MACS_H
000004c8   OP2
000004c8   OP2_L
000004c9   OP2_H
000004ca   RESLO
000004ca   RESLO_L
000004cb   RESLO_H
000004cc   RESHI
000004cc   RESHI_L
000004cd   RESHI_H
000004ce   SUMEXT
000004ce   SUMEXT_L
000004cf   SUMEXT_H
000004d0   MPY32L
000004d0   MPY32L_L
000004d1   MPY32L_H
000004d2   MPY32H
000004d2   MPY32H_L
000004d3   MPY32H_H
000004d4   MPYS32L
000004d4   MPYS32L_L
000004d5   MPYS32L_H
000004d6   MPYS32H
000004d6   MPYS32H_L
000004d7   MPYS32H_H
000004d8   MAC32L
000004d8   MAC32L_L
000004d9   MAC32L_H
000004da   MAC32H
000004da   MAC32H_L
000004db   MAC32H_H
000004dc   MACS32L
000004dc   MACS32L_L
000004dd   MACS32L_H
000004de   MACS32H
000004de   MACS32H_L
000004df   MACS32H_H
000004e0   OP2L
000004e0   OP2L_L
000004e1   OP2L_H
000004e2   OP2H
000004e2   OP2H_L
000004e3   OP2H_H
000004e4   RES0
000004e4   RES0_L
000004e5   RES0_H
000004e6   RES1
000004e6   RES1_L
000004e7   RES1_H
000004e8   RES2
000004e8   RES2_L
000004e9   RES2_H
000004ea   RES3
000004ea   RES3_L
000004eb   RES3_H
000004ec   MPY32CTL0
000004ec   MPY32CTL0_L
000004ed   MPY32CTL0_H
00000500   DMACTL0
00000500   DMACTL0_L
00000501   DMACTL0_H
00000502   DMACTL1
00000502   DMACTL1_L
00000503   DMACTL1_H
00000504   DMACTL2
00000504   DMACTL2_L
00000505   DMACTL2_H
00000506   DMACTL3
00000506   DMACTL3_L
00000507   DMACTL3_H
00000508   DMACTL4
00000508   DMACTL4_L
00000509   DMACTL4_H
0000050e   DMAIV
0000050e   DMAIV_L
0000050f   DMAIV_H
00000510   DMA0CTL
00000510   DMA0CTL_L
00000511   DMA0CTL_H
00000512   DMA0SA
00000512   DMA0SAL
00000516   DMA0DA
00000516   DMA0DAL
0000051a   DMA0SZ
00000520   DMA1CTL
00000520   DMA1CTL_L
00000521   DMA1CTL_H
00000522   DMA1SA
00000522   DMA1SAL
00000526   DMA1DA
00000526   DMA1DAL
0000052a   DMA1SZ
00000530   DMA2CTL
00000530   DMA2CTL_L
00000531   DMA2CTL_H
00000532   DMA2SA
00000532   DMA2SAL
00000536   DMA2DA
00000536   DMA2DAL
0000053a   DMA2SZ
000005c0   UCA0CTLW0
000005c0   UCA0CTLW0_L
000005c1   UCA0CTLW0_H
000005c6   UCA0BRW
000005c6   UCA0BRW_L
000005c7   UCA0BRW_H
000005c8   UCA0MCTL
000005ca   UCA0STAT
000005cc   UCA0RXBUF
000005ce   UCA0TXBUF
000005d0   UCA0ABCTL
000005d2   UCA0IRCTL
000005d2   UCA0IRCTL_L
000005d3   UCA0IRCTL_H
000005dc   UCA0ICTL
000005dc   UCA0ICTL_L
000005dd   UCA0ICTL_H
000005de   UCA0IV
000005e0   UCB0CTLW0
000005e0   UCB0CTLW0_L
000005e1   UCB0CTLW0_H
000005e6   UCB0BRW
000005e6   UCB0BRW_L
000005e7   UCB0BRW_H
000005ea   UCB0STAT
000005ec   UCB0RXBUF
000005ee   UCB0TXBUF
000005f0   UCB0I2COA
000005f0   UCB0I2COA_L
000005f1   UCB0I2COA_H
000005f2   UCB0I2CSA
000005f2   UCB0I2CSA_L
000005f3   UCB0I2CSA_H
000005fc   UCB0ICTL
000005fc   UCB0ICTL_L
000005fd   UCB0ICTL_H
000005fe   UCB0IV
00000700   ADC12CTL0
00000700   ADC12CTL0_L
00000701   ADC12CTL0_H
00000702   ADC12CTL1
00000702   ADC12CTL1_L
00000703   ADC12CTL1_H
00000704   ADC12CTL2
00000704   ADC12CTL2_L
00000705   ADC12CTL2_H
0000070a   ADC12IFG
0000070a   ADC12IFG_L
0000070b   ADC12IFG_H
0000070c   ADC12IE
0000070c   ADC12IE_L
0000070d   ADC12IE_H
0000070e   ADC12IV
0000070e   ADC12IV_L
0000070f   ADC12IV_H
00000710   ADC12MCTL0
00000711   ADC12MCTL1
00000712   ADC12MCTL2
00000713   ADC12MCTL3
00000714   ADC12MCTL4
00000715   ADC12MCTL5
00000716   ADC12MCTL6
00000717   ADC12MCTL7
00000718   ADC12MCTL8
00000719   ADC12MCTL9
0000071a   ADC12MCTL10
0000071b   ADC12MCTL11
0000071c   ADC12MCTL12
0000071d   ADC12MCTL13
0000071e   ADC12MCTL14
0000071f   ADC12MCTL15
00000720   ADC12MEM0
00000720   ADC12MEM0_L
00000721   ADC12MEM0_H
00000722   ADC12MEM1
00000722   ADC12MEM1_L
00000723   ADC12MEM1_H
00000724   ADC12MEM2
00000724   ADC12MEM2_L
00000725   ADC12MEM2_H
00000726   ADC12MEM3
00000726   ADC12MEM3_L
00000727   ADC12MEM3_H
00000728   ADC12MEM4
00000728   ADC12MEM4_L
00000729   ADC12MEM4_H
0000072a   ADC12MEM5
0000072a   ADC12MEM5_L
0000072b   ADC12MEM5_H
0000072c   ADC12MEM6
0000072c   ADC12MEM6_L
0000072d   ADC12MEM6_H
0000072e   ADC12MEM7
0000072e   ADC12MEM7_L
0000072f   ADC12MEM7_H
00000730   ADC12MEM8
00000730   ADC12MEM8_L
00000731   ADC12MEM8_H
00000732   ADC12MEM9
00000732   ADC12MEM9_L
00000733   ADC12MEM9_H
00000734   ADC12MEM10
00000734   ADC12MEM10_L
00000735   ADC12MEM10_H
00000736   ADC12MEM11
00000736   ADC12MEM11_L
00000737   ADC12MEM11_H
00000738   ADC12MEM12
00000738   ADC12MEM12_L
00000739   ADC12MEM12_H
0000073a   ADC12MEM13
0000073a   ADC12MEM13_L
0000073b   ADC12MEM13_H
0000073c   ADC12MEM14
0000073c   ADC12MEM14_L
0000073d   ADC12MEM14_H
0000073e   ADC12MEM15
0000073e   ADC12MEM15_L
0000073f   ADC12MEM15_H
000008c0   CBCTL0
000008c0   CBCTL0_L
000008c1   CBCTL0_H
000008c2   CBCTL1
000008c2   CBCTL1_L
000008c3   CBCTL1_H
000008c4   CBCTL2
000008c4   CBCTL2_L
000008c5   CBCTL2_H
000008c6   CBCTL3
000008c6   CBCTL3_L
000008c7   CBCTL3_H
000008cc   CBINT
000008cc   CBINT_L
000008cd   CBINT_H
000008ce   CBIV
000009c0   AESACTL0
000009c0   AESACTL0_L
000009c1   AESACTL0_H
000009c4   AESASTAT
000009c4   AESASTAT_L
000009c5   AESASTAT_H
000009c6   AESAKEY
000009c6   AESAKEY_L
000009c7   AESAKEY_H
000009c8   AESADIN
000009c8   AESADIN_L
000009c9   AESADIN_H
000009ca   AESADOUT
000009ca   AESADOUT_L
000009cb   AESADOUT_H
00000a00   LCDBCTL0
00000a00   LCDBCTL0_L
00000a01   LCDBCTL0_H
00000a02   LCDBCTL1
00000a02   LCDBCTL1_L
00000a03   LCDBCTL1_H
00000a04   LCDBBLKCTL
00000a04   LCDBBLKCTL_L
00000a05   LCDBBLKCTL_H
00000a06   LCDBMEMCTL
00000a06   LCDBMEMCTL_L
00000a07   LCDBMEMCTL_H
00000a08   LCDBVCTL
00000a08   LCDBVCTL_L
00000a09   LCDBVCTL_H
00000a0a   LCDBPCTL0
00000a0a   LCDBPCTL0_L
00000a0b   LCDBPCTL0_H
00000a0c   LCDBPCTL1
00000a0c   LCDBPCTL1_L
00000a0d   LCDBPCTL1_H
00000a0e   LCDBPCTL2
00000a0e   LCDBPCTL2_L
00000a0f   LCDBPCTL2_H
00000a10   LCDBPCTL3
00000a10   LCDBPCTL3_L
00000a11   LCDBPCTL3_H
00000a12   LCDBCPCTL
00000a12   LCDBCPCTL_L
00000a13   LCDBCPCTL_H
00000a1e   LCDBIV
00000a20   LCDM1
00000a21   LCDM2
00000a22   LCDM3
00000a23   LCDM4
00000a24   LCDM5
00000a25   LCDM6
00000a26   LCDM7
00000a27   LCDM8
00000a28   LCDM9
00000a29   LCDM10
00000a2a   LCDM11
00000a2b   LCDM12
00000a2c   LCDM13
00000a2d   LCDM14
00000a2e   LCDM15
00000a2f   LCDM16
00000a30   LCDM17
00000a31   LCDM18
00000a32   LCDM19
00000a33   LCDM20
00000a34   LCDM21
00000a35   LCDM22
00000a36   LCDM23
00000a37   LCDM24
00000a40   LCDBM1
00000a41   LCDBM2
00000a42   LCDBM3
00000a43   LCDBM4
00000a44   LCDBM5
00000a45   LCDBM6
00000a46   LCDBM7
00000a47   LCDBM8
00000a48   LCDBM9
00000a49   LCDBM10
00000a4a   LCDBM11
00000a4b   LCDBM12
00000a4c   LCDBM13
00000a4d   LCDBM14
00000a4e   LCDBM15
00000a4f   LCDBM16
00000a50   LCDBM17
00000a51   LCDBM18
00000a52   LCDBM19
00000a53   LCDBM20
00000a54   LCDBM21
00000a55   LCDBM22
00000a56   LCDBM23
00000a57   LCDBM24
00000f00   RF1AIFCTL0
00000f00   RF1AIFCTL0_L
00000f01   RF1AIFCTL0_H
00000f02   RF1AIFCTL1
00000f02   RF1AIFCTL1_L
00000f03   RF1AIFCTL1_H
00000f04   RF1AIFCTL2
00000f04   RF1AIFCTL2_L
00000f05   RF1AIFCTL2_H
00000f06   RF1AIFERR
00000f06   RF1AIFERR_L
00000f07   RF1AIFERR_H
00000f0c   RF1AIFERRV
00000f0c   RF1AIFERRV_L
00000f0d   RF1AIFERRV_H
00000f0e   RF1AIFIV
00000f0e   RF1AIFIV_L
00000f0f   RF1AIFIV_H
00000f10   RF1AINSTRW
00000f10   RF1AINSTRW_L
00000f11   RF1AINSTRW_H
00000f12   RF1AINSTR1W
00000f12   RF1AINSTR1W_L
00000f13   RF1AINSTR1W_H
00000f14   RF1AINSTR2W
00000f14   RF1AINSTR2W_L
00000f15   RF1AINSTR2W_H
00000f16   RF1ADINW
00000f16   RF1ADINW_L
00000f17   RF1ADINW_H
00000f20   RF1ASTAT0W
00000f20   RF1ASTAT0W_L
00000f21   RF1ASTAT0W_H
00000f22   RF1ASTAT1W
00000f22   RF1ASTAT1W_L
00000f23   RF1ASTAT1W_H
00000f24   RF1ASTAT2W
00000f24   RF1ASTAT2W_L
00000f25   RF1ASTAT2W_H
00000f28   RF1ADOUT0W
00000f28   RF1ADOUT0W_L
00000f29   RF1ADOUT0W_H
00000f2a   RF1ADOUT1W
00000f2a   RF1ADOUT1W_L
00000f2b   RF1ADOUT1W_H
00000f2c   RF1ADOUT2W
00000f2c   RF1ADOUT2W_L
00000f2d   RF1ADOUT2W_H
00000f30   RF1AIN
00000f30   RF1AIN_L
00000f31   RF1AIN_H
00000f32   RF1AIFG
00000f32   RF1AIFG_L
00000f33   RF1AIFG_H
00000f34   RF1AIES
00000f34   RF1AIES_L
00000f35   RF1AIES_H
00000f36   RF1AIE
00000f36   RF1AIE_L
00000f37   RF1AIE_H
00000f38   RF1AIV
00000f38   RF1AIV_L
00000f39   RF1AIV_H
00000f3c   RF1ARXFIFO
00000f3c   RF1ARXFIFO_L
00000f3d   RF1ARXFIFO_H
00000f3e   RF1ATXFIFO
00000f3e   RF1ATXFIFO_L
00000f3f   RF1ATXFIFO_H
00001c00   .bss
00001c00   Button_Up_Data
00001c00   __bss__
00001cc0   Up_Buttons
00001cc2   Button_Down_Data
00001d82   Down_Buttons
00001d83   Button_Delay
00001d84   Button_Repeat
00001d85   Emulation_Mode
00001d86   ChronicRF
00001dd6   Chronic_PA_Table
00001e64   display
00001e66   segments_lcdmem
00001eba   int_to_array_str
00001ec2   sRFsmpl
00001ec8   simpliciti_flag
00001eca   simpliciti_data
00001eea   simpliciti_ed_address
00001eee   simpliciti_payload_length
00001eef   simpliciti_reply_count
00001ef0   burst_mode
00001ef2   burst_start
00001ef4   burst_end
00001ef6   burst_packet
00001f08   burst_packet_index
00001f0a   p
00001f4e   ps_ok
00001fa9   sInit_done
00001faa   BRRX__TXCB_t
00001fc6   sBlueRobin
00001fe0   sys
00001fe2   request
00001fe4   message
00001fe6   fptr_lcd_function_line1
00001fea   fptr_lcd_function_line2
00001fee   rf_frequoffset
00001ff0   sAlt
00001ffe   sTime
0000200c   sStopwatch
00002020   BRRX__PowerdownDelay_u8
00002021   BRRX__SignalLevelReduction
00002022   BRRX__MaxSearchTries_u8
00002023   BRRX__SearchRatio_u8
00002024   BRRX__TestMode_u8
00002026   BRRX__PacketBits_t
00002030   sAccel
0000204e   button
00002050   sButton
00002061   rfBSL_button_confirmation
0000206b   as_ok
0000206c   BRRX__NextEventTime_u16
0000206e   BRRX__NextEndTime_u16
00002070   BRRX__NextFrequency_u8
00002071   BRRX__NextFrequencyOffset_s8
00002072   BRRX__TimerState_t
00002074   sBatt
0000207c   sBuzzer
00002084   _lock
00002088   _unlock
0000208c   _cleanup_ptr
00002090   _dtors_ptr
00002094   fptr_Timer0_A3_function
00002098   sTimer
000020a0   brrx_packet_end_cap_value
000020a2   sDate
000020a8   sTemp
000020ae   BRRX__StatusFlags_t
000020b0   BRRX__CurrentPacketTime_u16
000020b2   BRRX__CurrentSignalLevel_u8
000020b8   sAlarm
000020bc   ptrMenu_L2
000020be   ptrMenu_L1
000020c0   adc12_result
000020c2   adc12_data_ready
000020c7   __end__
000020c7   end
00002bac   _stack
00002bfc   __STACK_END
00008000   .text
00008000   __text__
00008000   simpliciti_sync_decode_ap_cmd_callback
00008416   set_value
00008634   mx_time
00008828   PORT2_ISR
00008a0e   mx_date
00008bec   TIMER0_A0_ISR
00008dc2   WriteRfSettings
00008f68   MRFI_Init
000090fe   test_mode
00009268   display_time
000093c8   SMPL_Link
000093c8   nwk_link
00009662   __fs_sub
00009668   __fs_add
00009792   wakeup_event
000098bc   display_stopwatch
000099e2   display_update
00009af8   chronic_tx
00009bf0   mx_alarm
00009ce8   nwk_join
00009ed0   stopwatch_tick
00009fc0   nwk_QfindOldest
0000a09c   display_chars
0000a170   nwk_allocateLocalRxPort
0000a242   display_date
0000a30c   MRFI_Transmit
0000a3d2   display_alarm
0000a496   int_to_array
0000a55a   init_application
0000a61a   simpliciti_sync_get_data_callback
0000a6da   do_tx
0000a794   __fs_mpy
0000a84a   simpliciti_link
0000a8fe   SMPL_Ioctl
0000a9b0   simpliciti_main_sync
0000aa52   nwk_retrieveFrame
0000aaee   Strobe
0000ab84   __fs_div
0000ac9e   nwk_isConnectionValid
0000ad2a   read_calibration_values
0000adb6   start_simpliciti_sync
0000ae42   nwk_buildFrame
0000aecc   config_doorbell
0000af52   get_numberOfDays
0000afd4   nwk_nwkInit
0000b056   nwk_sendAckReply
0000b0d2   TIMER0_A1_5_ISR
0000b14c   nwk_QfindSlot
0000b1c2   battery_measurement
0000b236   display_char
0000b2a8   mrfiRadioInterfaceCmdStrobe
0000b31a   adc12_single_conversion
0000b3ea   SMPL_SendOpt
0000b450   MRFI_RadioIsr
0000b4b2   Timer0_A4_Delay
0000b512   display_battery_V
0000b570   init_global_variables
0000b5ce   write_lcd_mem
0000b62c   WriteBurstPATable
0000b688   clock_tick
0000b6e4   clear_line
0000b73e   nwk_radioControl
0000b798   __divul
0000b798   __remul
0000b7f0   nwk_rawSend
0000b842   add_day
0000b88e   button_repeat_function
0000b8da   __fs_toul
0000b926   sx_rfbsl
0000b972   __fs_cmp
0000b9bc   toggle_buzzer
0000ba06   SMPL_Receive
0000ba4e   start_buzzer
0000ba96   SetVCoreUp
0000badc   _auto_init
0000bb22   display_hours
0000bb68   mrfiRadioInterfaceReadReg
0000bbae   __fs_tou
0000bbf4   WriteBurstReg
0000bc7c   __divli
0000bc7c   __remli
0000bcfa   L_LSL_15
0000bcfe   L_LSL_14
0000bd02   L_LSL_13
0000bd06   L_LSL_12
0000bd0a   L_LSL_11
0000bd0e   L_LSL_10
0000bd12   L_LSL_9
0000bd16   L_LSL_8
0000bd1a   L_LSL_7
0000bd1e   L_LSL_6
0000bd22   L_LSL_5
0000bd26   L_LSL_4
0000bd2a   L_LSL_3
0000bd2e   L_LSL_2
0000bd32   L_LSL_1
0000bd38   nwk_findPeer
0000bd74   nwk_getNextConnection
0000bdb0   nwk_isLinkDuplicate
0000bdec   update_stopwatch_timer
0000be28   WriteSingleReg
0000be98   main
0000bed0   nwk_processMgmt
0000bf06   __fs_itof
0000bf3c   MRFI_ReplyDelay
0000bf70   mrfiRadioInterfaceWriteReg
0000bfa4   mrfiRadioInterfaceWriteTxFifo
0000bfd8   radio_reset
0000c00a   __fs_ultof
0000c03c   sx_alarm
0000c06e   display_doorbell
0000c09e   mrfiRadioInterfaceReadRxFifo
0000c0ce   nwk_isValidReply
0000c0fe   nwk_linkInit
0000c12e   nwk_rawReceive
0000c15e   nwk_sendFrame
0000c1e8   SMPL_Init
0000c214   nwk_QadjustOrder
0000c240   __divi
0000c240   __remi
0000c26c   Timer0_A3_Start
0000c296   _c_int00
0000c296   _c_int00_noexit
0000c2c0   display_rfbsl
0000c2ea   lcd_init
0000c33c   nwk_getConnInfo
0000c364   nwk_joinInit
0000c38c   SetVCore
0000c3b2   SetVCoreDown
0000c3fe   init_buttons
0000c424   nwk_checkConnInfo
0000c44a   nwk_globalsInit
0000c470   MRFI_SetRxAddrFilter
0000c494   MRFI_Sleep
0000c4b8   memcmp
0000c4dc   nwk_processPing
0000c500   __fs_utof
0000c524   BSP_Delay
0000c546   MRFI_WakeUp
0000c568   display_value
0000c58a   nwk_processLink
0000c5ac   process_requests
0000c5ce   __mpyl_f5hw
0000c5f0   start_stopwatch
0000c612   MRFI_EnableRxAddrFilter
0000c632   MRFI_RxCompleteISR
0000c652   MRFI_RxIdle
0000c672   MRFI_RxOn
0000c692   radio_ISR
0000c6b2   nwk_frameInit
0000c6d2   reset_clock
0000c6f2   reset_stopwatch
0000c712   stop_buzzer
0000c732   MRFI_SetLogicalChannel
0000c76e   display_am_pm_symbol
0000c78c   display_symbol
0000c7aa   memmove
0000c7c8   nwk_setMyAddress
0000c7e6   sx_sync
0000c804   MRFI_SetRFPwr
0000c820   check_alarm
0000c83c   clear_display_all
0000c858   nwk_QInit
0000c874   nwk_deviceAddress
0000c890   nwk_putNumObjectIntoMsg
0000c8e0   __mpyul_f5hw
0000c8fa   ADC12ISR
0000c914   stop_stopwatch
0000c92e   chronic_config_rf
0000c946   convert_hour_to_12H_format
0000c95e   display_all_on
0000c976   nwk_processJoin
0000c98e   reset_alarm
0000c9a6   MRFI_RandomByte
0000c9d2   ReadSingleReg
0000c9e8   button_repeat_on
0000c9fe   display_selection_Timeformat1
0000ca14   __divu
0000ca14   __remu
0000ca2a   __mpyi_f5hw
0000ca40   sx_stopwatch
0000ca56   Timer0_Init
0000ca6a   countdown_buzzer
0000ca7e   display_all_off
0000ca92   display_sync
0000caba   is_stopwatch
0000cace   reset_date
0000cae2   memcpy
0000caf4   memset
0000cb06   nwk_getMyAddress
0000cb18   nwk_setJoinToken
0000cb2a   nwk_setLinkToken
0000cb3c   open_radio
0000cb4e   reset_batt_measurement
0000cb60   BSP_InitBoard
0000cb70   MRFI_DelayMs
0000cb80   ResetRadioCore
0000cb90   close_radio
0000cba0   radio_powerdown
0000cbb0   is_hour_am
0000cbbe   mx_stopwatch
0000cbcc   set_blink_rate
0000cbda   MRFI_PostKillSem
0000cbe6   MRFI_Receive
0000cbf2   Timer0_Stop
0000cbfe   chronic_tx_down
0000cc0a   chronic_tx_up
0000cc16   clear_display
0000cc2e   idle_loop
0000cc3a   is_rf
0000cc46   nwk_getNumObjectFromMsg
0000cc52   nwk_setAPAddress
0000cc5e   switch_seg
0000cc6a   update_alarm
0000cc76   update_battery_voltage
0000cc82   update_stopwatch
0000cc8e   button_repeat_off
0000cc98   nwk_mgmtInit
0000cca2   nwk_pingInit
0000ccac   reset_buzzer
0000ccb6   reset_rf
0000ccc0   to_lpm
0000ccca   update_date
0000ccd4   update_time
0000ccde   Timer0_A3_Stop
0000cce6   Timer0_Start
0000ccee   stop_alarm
0000ccf6   MRFI_GetRadioState
0000ccfc   clear_blink_mem
0000cd02   nwk_freeConnection
0000cd08   nwk_getBCastAddress
0000cd0e   start_blink
0000cd14   stop_blink
0000cd1a   _system_pre_init
0000cd1e   C$$EXIT
0000cd1e   abort
0000cd22   nwk_NVObj
0000cd26   nwk_connectionControl
0000cd2a   nwk_getMyRxType
0000cd2e   nwk_getProtocolVersion
0000cd32   nwk_processFreq
0000cd36   nwk_processSecurity
0000cd3a   _nop
0000cd3c   dummy
0000cd3e   __etext__
0000cd3e   etext
0000cd3e   int_to_array_conversion_table
0000cf5e   menu_L2_Stopwatch
0000cf70   menu_L1_Time
0000cf82   menu_L1_Alarm
0000cf94   menu_L1_Doorbell
0000cfa6   menu_L2_Date
0000cfb8   menu_L2_Battery
0000cfca   menu_L2_Sync
0000cfdc   menu_L2_RFBSL
0000d06e   mrfiRadioCfg
0000d0ae   lcd_font
0000d0da   segments_bitmask
0000d126   selection_Timeformat
0000d12e   mrfiBroadcastAddr
0000d136   BRRX__First_TXCB_t
0000d138   BRRX__Last_TXCB_t
0000d13e   method
0000d142   __cinit__
0000d142   cinit
0000fffe   _reset_vector
ffffffff   __binit__
ffffffff   __c_args__
ffffffff   __pinit__
ffffffff   binit
ffffffff   pinit

[1064 symbols]
