******************************************************************************
                  MSP430 Linker Unix v4.2.1                    
******************************************************************************
>> Linked Thu Apr 24 10:23:17 2014

OUTPUT FILE NAME:   <ChronIC_868MHz.out>
ENTRY POINT SYMBOL: "_c_int00"  address: 0000c170


MEMORY CONFIGURATION

         name            origin    length      used     unused   attr    fill
----------------------  --------  ---------  --------  --------  ----  --------
  SFR                   00000000   00000010  00000000  00000010  RWIX
  PERIPHERALS_8BIT      00000010   000000f0  00000000  000000f0  RWIX
  PERIPHERALS_16BIT     00000100   00000100  00000000  00000100  RWIX
  INFOD                 00001800   00000080  00000000  00000080  RWIX
  INFOC                 00001880   00000080  00000000  00000080  RWIX
  INFOB                 00001900   00000080  00000000  00000080  RWIX
  INFOA                 00001980   00000080  00000000  00000080  RWIX
  RAM                   00001c00   00000ffe  00000517  00000ae7  RWIX
  FLASH                 00008000   00007f80  00005233  00002d4d  RWIX
  INT00                 0000ff80   00000002  00000000  00000002  RWIX
  INT01                 0000ff82   00000002  00000000  00000002  RWIX
  INT02                 0000ff84   00000002  00000000  00000002  RWIX
  INT03                 0000ff86   00000002  00000000  00000002  RWIX
  INT04                 0000ff88   00000002  00000000  00000002  RWIX
  INT05                 0000ff8a   00000002  00000000  00000002  RWIX
  INT06                 0000ff8c   00000002  00000000  00000002  RWIX
  INT07                 0000ff8e   00000002  00000000  00000002  RWIX
  INT08                 0000ff90   00000002  00000000  00000002  RWIX
  INT09                 0000ff92   00000002  00000000  00000002  RWIX
  INT10                 0000ff94   00000002  00000000  00000002  RWIX
  INT11                 0000ff96   00000002  00000000  00000002  RWIX
  INT12                 0000ff98   00000002  00000000  00000002  RWIX
  INT13                 0000ff9a   00000002  00000000  00000002  RWIX
  INT14                 0000ff9c   00000002  00000000  00000002  RWIX
  INT15                 0000ff9e   00000002  00000000  00000002  RWIX
  INT16                 0000ffa0   00000002  00000000  00000002  RWIX
  INT17                 0000ffa2   00000002  00000000  00000002  RWIX
  INT18                 0000ffa4   00000002  00000000  00000002  RWIX
  INT19                 0000ffa6   00000002  00000000  00000002  RWIX
  INT20                 0000ffa8   00000002  00000000  00000002  RWIX
  INT21                 0000ffaa   00000002  00000000  00000002  RWIX
  INT22                 0000ffac   00000002  00000000  00000002  RWIX
  INT23                 0000ffae   00000002  00000000  00000002  RWIX
  INT24                 0000ffb0   00000002  00000000  00000002  RWIX
  INT25                 0000ffb2   00000002  00000000  00000002  RWIX
  INT26                 0000ffb4   00000002  00000000  00000002  RWIX
  INT27                 0000ffb6   00000002  00000000  00000002  RWIX
  INT28                 0000ffb8   00000002  00000000  00000002  RWIX
  INT29                 0000ffba   00000002  00000000  00000002  RWIX
  INT30                 0000ffbc   00000002  00000000  00000002  RWIX
  INT31                 0000ffbe   00000002  00000000  00000002  RWIX
  INT32                 0000ffc0   00000002  00000000  00000002  RWIX
  INT33                 0000ffc2   00000002  00000000  00000002  RWIX
  INT34                 0000ffc4   00000002  00000000  00000002  RWIX
  INT35                 0000ffc6   00000002  00000000  00000002  RWIX
  INT36                 0000ffc8   00000002  00000000  00000002  RWIX
  INT37                 0000ffca   00000002  00000000  00000002  RWIX
  INT38                 0000ffcc   00000002  00000000  00000002  RWIX
  INT39                 0000ffce   00000002  00000000  00000002  RWIX
  INT40                 0000ffd0   00000002  00000000  00000002  RWIX
  INT41                 0000ffd2   00000002  00000000  00000002  RWIX
  INT42                 0000ffd4   00000002  00000000  00000002  RWIX
  INT43                 0000ffd6   00000002  00000000  00000002  RWIX
  INT44                 0000ffd8   00000002  00000000  00000002  RWIX
  INT45                 0000ffda   00000002  00000000  00000002  RWIX
  INT46                 0000ffdc   00000002  00000000  00000002  RWIX
  INT47                 0000ffde   00000002  00000000  00000002  RWIX
  INT48                 0000ffe0   00000002  00000002  00000000  RWIX
  INT49                 0000ffe2   00000002  00000000  00000002  RWIX
  INT50                 0000ffe4   00000002  00000000  00000002  RWIX
  INT51                 0000ffe6   00000002  00000000  00000002  RWIX
  INT52                 0000ffe8   00000002  00000000  00000002  RWIX
  INT53                 0000ffea   00000002  00000002  00000000  RWIX
  INT54                 0000ffec   00000002  00000002  00000000  RWIX
  INT55                 0000ffee   00000002  00000002  00000000  RWIX
  INT56                 0000fff0   00000002  00000002  00000000  RWIX
  INT57                 0000fff2   00000002  00000000  00000002  RWIX
  INT58                 0000fff4   00000002  00000000  00000002  RWIX
  INT59                 0000fff6   00000002  00000000  00000002  RWIX
  INT60                 0000fff8   00000002  00000000  00000002  RWIX
  INT61                 0000fffa   00000002  00000000  00000002  RWIX
  INT62                 0000fffc   00000002  00000000  00000002  RWIX
  RESET                 0000fffe   00000002  00000002  00000000  RWIX


SECTION ALLOCATION MAP

 output                                  attributes/
section   page    origin      length       input sections
--------  ----  ----------  ----------   ----------------
.pinit     0    00008000    00000000     UNINITIALIZED

.bss       0    00001c00    000004c7     UNINITIALIZED
                  00001c00    000001d8     chronic.obj (.bss)
                  00001dd8    0000008c     nwk_QMgmt.obj (.bss)
                  00001e64    0000005e     display.obj (.bss)
                  00001ec2    00000048     rfsimpliciti.obj (.bss)
                  00001f0a    00000045     vti_ps.obj (.bss)
                  00001f4f    00000001     main_ED_BM.obj (.bss)
                  00001f50    0000003c     mrfi.obj (.bss)
                  00001f8c    0000001d     nwk.obj (.bss)
                  00001fa9    00000001     nwk_api.obj (.bss)
                  00001faa    0000001c     BlueRobin_RX_868MHz.lib : BRRX_Resource.obj (.bss)
                  00001fc6    0000001a     bluerobin.obj (.bss)
                  00001fe0    0000000f     main.obj (.bss)
                  00001fef    00000001     nwk_ping.obj (.bss)
                  00001ff0    0000000e     altitude.obj (.bss)
                  00001ffe    0000000e     clock.obj (.bss)
                  0000200c    0000000e     stopwatch.obj (.bss)
                  0000201a    0000000c     BlueRobin_RX_868MHz.lib : BRRX_Scheduler.obj (.bss)
                  00002026    0000000a                             : BR_Common.obj (.bss)
                  00002030    0000000a     acceleration.obj (.bss)
                  0000203a    0000000a     nwk_frame.obj (.bss)
                  00002044    0000000a     nwk_link.obj (.bss)
                  0000204e    0000000a     ports.obj (.bss)
                  00002058    00000009     nwk_globals.obj (.bss)
                  00002061    00000001     rfbsl.obj (.bss)
                  00002062    00000009     nwk_join.obj (.bss)
                  0000206b    00000001     vti_as.obj (.bss)
                  0000206c    00000008     BlueRobin_RX_868MHz.lib : BRRX_Timer.obj (.bss)
                  00002074    00000008     battery.obj (.bss)
                  0000207c    00000008     buzzer.obj (.bss)
                  00002084    00000008     rts430x.lib : _lock.obj (.bss)
                  0000208c    00000008                 : boot.obj (.bss)
                  00002094    00000007     timer.obj (.bss)
                  0000209b    00000001     --HOLE--
                  0000209c    00000006     BlueRobin_RX_868MHz.lib : BRRX_Radio.obj (.bss)
                  000020a2    00000006     date.obj (.bss)
                  000020a8    00000006     temperature.obj (.bss)
                  000020ae    00000005     BlueRobin_RX_868MHz.lib : BRRX_Packet.obj (.bss)
                  000020b3    00000001     --HOLE--
                  000020b4    00000004                             : BRRX_API.obj (.bss)
                  000020b8    00000004     alarm.obj (.bss)
                  000020bc    00000004     menu.obj (.bss)
                  000020c0    00000003     adc12.obj (.bss)
                  000020c3    00000001     --HOLE--
                  000020c4    00000003     nwk_mgmt.obj (.bss)

.stack     0    00002bac    00000050     UNINITIALIZED
                  00002bac    00000002     rts430x.lib : boot.obj (.stack)
                  00002bae    0000004e     --HOLE--

.text      0    00008000    00004c3a     
                  00008000    00000406     rfsimpliciti.obj (.text:simpliciti_sync_decode_ap_cmd_callback)
                  00008406    00000212     user.obj (.text:set_value)
                  00008618    000001e6     ports.obj (.text:_isr:PORT2_ISR)
                  000087fe    000001e0     timer.obj (.text:_isr:TIMER0_A0_ISR)
                  000089de    000001d4     clock.obj (.text:mx_time)
                  00008bb2    000001a6     chronic.obj (.text:WriteRfSettings)
                  00008d58    0000019a     mrfi.obj (.text:MRFI_Init)
                  00008ef2    00000194     date.obj (.text:mx_date)
                  00009086    0000015e     test.obj (.text:test_mode)
                  000091e4    00000156     clock.obj (.text:display_time)
                  0000933a    0000014a     nwk_link.obj (.text:smpl_send_link_reply$34)
                  00009484    00000148     nwk_link.obj (.text:nwk_link)
                  000095cc    00000130     rts430x.lib : fs_add.obj (.text)
                  000096fc    00000126     main.obj (.text:wakeup_event)
                  00009822    0000011c     stopwatch.obj (.text:display_stopwatch)
                  0000993e    000000f8     chronic.obj (.text:chronic_tx)
                  00009a36    000000f6     nwk_join.obj (.text:nwk_join)
                  00009b2c    000000f4     mrfi.obj (.text:Mrfi_SyncPinRxIsr$25)
                  00009c20    000000f2     main.obj (.text:display_update)
                  00009d12    000000f2     alarm.obj (.text:mx_alarm)
                  00009e04    000000ea     stopwatch.obj (.text:stopwatch_tick)
                  00009eee    000000dc     nwk_QMgmt.obj (.text:nwk_QfindOldest)
                  00009fca    000000d2     nwk.obj (.text:nwk_allocateLocalRxPort)
                  0000a09c    000000ce     display.obj (.text:display_chars)
                  0000a16a    000000cc     display.obj (.text:int_to_array)
                  0000a236    000000c6     mrfi.obj (.text:MRFI_Transmit)
                  0000a2fc    000000c0     main.obj (.text:init_application)
                  0000a3bc    000000c0     rfsimpliciti.obj (.text:simpliciti_sync_get_data_callback)
                  0000a47c    000000be     date.obj (.text:display_date)
                  0000a53a    000000ba     chronic.obj (.text:do_tx)
                  0000a5f4    000000b8     alarm.obj (.text:display_alarm)
                  0000a6ac    000000b6     rts430x.lib : fs_mpy.obj (.text)
                  0000a762    000000ae     main_ED_BM.obj (.text:simpliciti_link)
                  0000a810    000000a8     nwk_api.obj (.text:SMPL_Ioctl)
                  0000a8b8    000000a2     main_ED_BM.obj (.text:simpliciti_main_sync)
                  0000a95a    0000009c     nwk_frame.obj (.text:nwk_retrieveFrame)
                  0000a9f6    00000098     rf1a.obj (.text:Strobe)
                  0000aa8e    0000008e     rts430x.lib : fs_div.obj (.text)
                  0000ab1c    0000008c     nwk_frame.obj (.text:dispatchFrame$27)
                  0000aba8    0000008c     nwk.obj (.text:nwk_isConnectionValid)
                  0000ac34    0000008c     main.obj (.text:read_calibration_values)
                  0000acc0    0000008c     rfsimpliciti.obj (.text:start_simpliciti_sync)
                  0000ad4c    0000008a     nwk_frame.obj (.text:nwk_buildFrame)
                  0000add6    00000086     chronic.obj (.text:config_doorbell)
                  0000ae5c    00000082     date.obj (.text:get_numberOfDays)
                  0000aede    00000082     nwk.obj (.text:nwk_nwkInit)
                  0000af60    0000007c     nwk_frame.obj (.text:nwk_sendAckReply)
                  0000afdc    0000007a     timer.obj (.text:_isr:TIMER0_A1_5_ISR)
                  0000b056    00000076     nwk_QMgmt.obj (.text:nwk_QfindSlot)
                  0000b0cc    00000074     mrfi.obj (.text:mrfiRadioInterfaceCmdStrobe)
                  0000b140    00000072     display.obj (.text:display_char)
                  0000b1b2    0000006e     battery.obj (.text:battery_measurement)
                  0000b220    00000068     adc12.obj (.text:adc12_single_conversion)
                  0000b288    00000068     nwk_link.obj (.text:smpl_send_unlink_reply$34)
                  0000b2f0    00000066     nwk_api.obj (.text:SMPL_SendOpt)
                  0000b356    00000062     mrfi.obj (.text:MRFI_RadioIsr)
                  0000b3b8    00000062     timer.obj (.text:Timer0_A4_Delay)
                  0000b41a    0000005e     chronic.obj (.text:WriteBurstPATable)
                  0000b478    0000005e     main.obj (.text:init_global_variables)
                  0000b4d6    0000005c     clock.obj (.text:clock_tick)
                  0000b532    0000005c     battery.obj (.text:display_battery_V)
                  0000b58e    0000005a     nwk_ioctl.obj (.text:nwk_radioControl)
                  0000b5e8    00000058     rts430x.lib : div32u.obj (.text)
                  0000b640    00000058     display.obj (.text:write_lcd_mem)
                  0000b698    00000056     display.obj (.text:clear_line)
                  0000b6ee    00000052     nwk_ioctl.obj (.text:nwk_rawSend)
                  0000b740    0000004c     date.obj (.text:add_day)
                  0000b78c    0000004c     ports.obj (.text:button_repeat_function)
                  0000b7d8    0000004c     rts430x.lib : fs_toul.obj (.text)
                  0000b824    0000004c     rfbsl.obj (.text:sx_rfbsl)
                  0000b870    0000004a     rts430x.lib : fs_cmp.obj (.text)
                  0000b8ba    0000004a     buzzer.obj (.text:toggle_buzzer)
                  0000b904    00000048     nwk_api.obj (.text:SMPL_Receive)
                  0000b94c    00000048     rts430x.lib : autoinit.obj (.text:_auto_init)
                  0000b994    00000048     buzzer.obj (.text:start_buzzer)
                  0000b9dc    00000046     pmm.obj (.text:SetVCoreUp)
                  0000ba22    00000046     rf1a.obj (.text:WriteBurstReg)
                  0000ba68    00000046     display.obj (.text:display_hours)
                  0000baae    00000046     rts430x.lib : fs_tou.obj (.text)
                  0000baf4    00000044     mrfi.obj (.text:mrfiRadioInterfaceReadReg)
                  0000bb38    00000044     nwk_ping.obj (.text:smpl_send_ping_reply$32)
                  0000bb7c    00000040     rts430x.lib : div32s.obj (.text)
                  0000bbbc    0000003e     mrfi.obj (.text:Mrfi_RxAddrIsFiltered$25)
                  0000bbfa    0000003e     rts430x.lib : lsl32.obj (.text:l_lsl_const)
                  0000bc38    0000003c     nwk.obj (.text:nwk_findPeer)
                  0000bc74    0000003c     nwk.obj (.text:nwk_getNextConnection)
                  0000bcb0    0000003c     nwk.obj (.text:nwk_isLinkDuplicate)
                  0000bcec    0000003c     stopwatch.obj (.text:update_stopwatch_timer)
                  0000bd28    0000003a     rf1a.obj (.text:WriteSingleReg)
                  0000bd62    00000038     mrfi.obj (.text:MRFI_ReplyDelay)
                  0000bd9a    00000038     nwk.obj (.text:initializeConnection$30)
                  0000bdd2    00000038     main.obj (.text:main)
                  0000be0a    00000036     mrfi.obj (.text:mrfiRadioInterfaceWriteReg)
                  0000be40    00000036     mrfi.obj (.text:mrfiRadioInterfaceWriteTxFifo)
                  0000be76    00000036     nwk_mgmt.obj (.text:nwk_processMgmt)
                  0000beac    00000036     rts430x.lib : fs_itof.obj (.text)
                  0000bee2    00000032     mrfi.obj (.text:mrfiRadioInterfaceReadRxFifo)
                  0000bf14    00000032     radio.obj (.text:radio_reset)
                  0000bf46    00000032     rts430x.lib : fs_ultof.obj (.text)
                  0000bf78    00000032     alarm.obj (.text:sx_alarm)
                  0000bfaa    00000030     nwk.obj (.text:nwk_isValidReply)
                  0000bfda    00000030     nwk_link.obj (.text:nwk_linkInit)
                  0000c00a    00000030     nwk_ioctl.obj (.text:nwk_rawReceive)
                  0000c03a    00000030     nwk_frame.obj (.text:nwk_sendFrame)
                  0000c06a    0000002e     nwk_QMgmt.obj (.text:nwk_QadjustOrder)
                  0000c098    0000002c     mrfi.obj (.text:Mrfi_RxModeOff$25)
                  0000c0c4    0000002c     nwk_api.obj (.text:SMPL_Init)
                  0000c0f0    0000002c     rts430x.lib : div16s.obj (.text)
                  0000c11c    0000002a     mrfi.obj (.text:Mrfi_CalculateRssi$25)
                  0000c146    0000002a     timer.obj (.text:Timer0_A3_Start)
                  0000c170    0000002a     rts430x.lib : boot.obj (.text:_isr:_c_int00_noexit)
                  0000c19a    0000002a     display.obj (.text:lcd_init)
                  0000c1c4    00000028     chronic.obj (.text:display_doorbell)
                  0000c1ec    00000028     nwk.obj (.text:map_lid2idx$30)
                  0000c214    00000028     nwk.obj (.text:nwk_getConnInfo)
                  0000c23c    00000028     nwk_join.obj (.text:nwk_joinInit)
                  0000c264    00000026     mrfi.obj (.text:MRFI_Sleep)
                  0000c28a    00000026     pmm.obj (.text:SetVCore)
                  0000c2b0    00000026     pmm.obj (.text:SetVCoreDown)
                  0000c2d6    00000026     rfbsl.obj (.text:display_rfbsl)
                  0000c2fc    00000026     nwk_link.obj (.text:handleLinkRequest$34)
                  0000c322    00000026     ports.obj (.text:init_buttons)
                  0000c348    00000026     nwk.obj (.text:nwk_checkConnInfo)
                  0000c36e    00000026     nwk_globals.obj (.text:nwk_globalsInit)
                  0000c394    00000024     mrfi.obj (.text:MRFI_SetRxAddrFilter)
                  0000c3b8    00000024     nwk_ping.obj (.text:nwk_processPing)
                  0000c3dc    00000024     rts430x.lib : fs_utof.obj (.text)
                  0000c400    00000022     bsp.obj (.text:BSP_Delay)
                  0000c422    00000022     mrfi.obj (.text:MRFI_WakeUp)
                  0000c444    00000022     display.obj (.text:display_value)
                  0000c466    00000022     rts430x.lib : memcmp.obj (.text:memcmp)
                  0000c488    00000022     nwk_link.obj (.text:nwk_processLink)
                  0000c4aa    00000022     main.obj (.text:process_requests)
                  0000c4cc    00000022     rts430x.lib : mult32_f5hw.obj (.text)
                  0000c4ee    00000022     stopwatch.obj (.text:start_stopwatch)
                  0000c510    00000020     mrfi.obj (.text:MRFI_EnableRxAddrFilter)
                  0000c530    00000020     nwk_frame.obj (.text:MRFI_RxCompleteISR)
                  0000c550    00000020     mrfi.obj (.text:MRFI_RxIdle)
                  0000c570    00000020     mrfi.obj (.text:MRFI_RxOn)
                  0000c590    00000020     mrfi.obj (.text:Mrfi_DelayUsecSem$25)
                  0000c5b0    00000020     radio.obj (.text:_isr:radio_ISR)
                  0000c5d0    00000020     nwk_frame.obj (.text:nwk_frameInit)
                  0000c5f0    00000020     clock.obj (.text:reset_clock)
                  0000c610    00000020     stopwatch.obj (.text:reset_stopwatch)
                  0000c630    00000020     buzzer.obj (.text:stop_buzzer)
                  0000c650    0000001e     mrfi.obj (.text:MRFI_SetLogicalChannel)
                  0000c66e    0000001e     display.obj (.text:display_symbol)
                  0000c68c    0000001e     rts430x.lib : memmov.obj (.text:memmove)
                  0000c6aa    0000001e     nwk_globals.obj (.text:nwk_setMyAddress)
                  0000c6c8    0000001e     rfsimpliciti.obj (.text:sx_sync)
                  0000c6e6    0000001c     mrfi.obj (.text:MRFI_SetRFPwr)
                  0000c702    0000001c     mrfi.obj (.text:Mrfi_DelayUsec$25)
                  0000c71e    0000001c     alarm.obj (.text:check_alarm)
                  0000c73a    0000001c     display.obj (.text:clear_display_all)
                  0000c756    0000001c     display.obj (.text:display_am_pm_symbol)
                  0000c772    0000001c     nwk_QMgmt.obj (.text:nwk_QInit)
                  0000c78e    0000001c     nwk.obj (.text:nwk_putNumObjectIntoMsg)
                  0000c7aa    0000001a     mrfi.obj (.text:Mrfi_RandomBackoffDelay$25)
                  0000c7c4    0000001a     rts430x.lib : mult1632_f5hw.obj (.text:__mpyul)
                  0000c7de    0000001a     adc12.obj (.text:_isr:ADC12ISR)
                  0000c7f8    0000001a     nwk_ioctl.obj (.text:nwk_deviceAddress)
                  0000c812    0000001a     stopwatch.obj (.text:stop_stopwatch)
                  0000c82c    00000018     rf1a.obj (.text:ReadSingleReg)
                  0000c844    00000018     chronic.obj (.text:chronic_config_rf)
                  0000c85c    00000018     clock.obj (.text:convert_hour_to_12H_format)
                  0000c874    00000018     test.obj (.text:display_all_on)
                  0000c88c    00000018     nwk_join.obj (.text:nwk_processJoin)
                  0000c8a4    00000018     alarm.obj (.text:reset_alarm)
                  0000c8bc    00000016     mrfi.obj (.text:MRFI_RandomByte)
                  0000c8d2    00000016     mrfi.obj (.text:Mrfi_RxModeOn$25)
                  0000c8e8    00000016     ports.obj (.text:button_repeat_on)
                  0000c8fe    00000016     clock.obj (.text:display_selection_Timeformat1)
                  0000c914    00000016     rts430x.lib : div16u.obj (.text)
                  0000c92a    00000016                 : mult16_f5hw.obj (.text)
                  0000c940    00000016     stopwatch.obj (.text:sx_stopwatch)
                  0000c956    00000014     timer.obj (.text:Timer0_Init)
                  0000c96a    00000014     buzzer.obj (.text:countdown_buzzer)
                  0000c97e    00000014     test.obj (.text:display_all_off)
                  0000c992    00000014     rfsimpliciti.obj (.text:display_sync)
                  0000c9a6    00000014     nwk_api.obj (.text:ioctlPreInitAccessIsOK$28)
                  0000c9ba    00000014     stopwatch.obj (.text:is_stopwatch)
                  0000c9ce    00000014     date.obj (.text:reset_date)
                  0000c9e2    00000012     rts430x.lib : memcpy.obj (.text:memcpy)
                  0000c9f4    00000012                 : memset.obj (.text:memset)
                  0000ca06    00000012     nwk_globals.obj (.text:nwk_getMyAddress)
                  0000ca18    00000012     nwk_join.obj (.text:nwk_setJoinToken)
                  0000ca2a    00000012     nwk_link.obj (.text:nwk_setLinkToken)
                  0000ca3c    00000012     radio.obj (.text:open_radio)
                  0000ca4e    00000012     battery.obj (.text:reset_batt_measurement)
                  0000ca60    00000010     bsp.obj (.text:BSP_InitBoard)
                  0000ca70    00000010     mrfi.obj (.text:MRFI_DelayMs)
                  0000ca80    00000010     rf1a.obj (.text:ResetRadioCore)
                  0000ca90    00000010     radio.obj (.text:close_radio)
                  0000caa0    00000010     radio.obj (.text:radio_powerdown)
                  0000cab0    0000000e     clock.obj (.text:is_hour_am)
                  0000cabe    0000000e     stopwatch.obj (.text:mx_stopwatch)
                  0000cacc    0000000e     display.obj (.text:set_blink_rate)
                  0000cada    0000000c     mrfi.obj (.text:MRFI_PostKillSem)
                  0000cae6    0000000c     mrfi.obj (.text:MRFI_Receive)
                  0000caf2    0000000c     timer.obj (.text:Timer0_Stop)
                  0000cafe    0000000c     chronic.obj (.text:chronic_tx_down)
                  0000cb0a    0000000c     chronic.obj (.text:chronic_tx_up)
                  0000cb16    0000000c     display.obj (.text:clear_display)
                  0000cb22    0000000c     nwk_ping.obj (.text:handlePingRequest$32)
                  0000cb2e    0000000c     main.obj (.text:idle_loop)
                  0000cb3a    0000000c     rfsimpliciti.obj (.text:is_rf)
                  0000cb46    0000000c     nwk.obj (.text:nwk_getNumObjectFromMsg)
                  0000cb52    0000000c     nwk_globals.obj (.text:nwk_setAPAddress)
                  0000cb5e    0000000c     menu.obj (.text:update_alarm)
                  0000cb6a    0000000c     menu.obj (.text:update_battery_voltage)
                  0000cb76    0000000c     menu.obj (.text:update_stopwatch)
                  0000cb82    0000000a     ports.obj (.text:button_repeat_off)
                  0000cb8c    0000000a     nwk_mgmt.obj (.text:nwk_mgmtInit)
                  0000cb96    0000000a     nwk_ping.obj (.text:nwk_pingInit)
                  0000cba0    0000000a     buzzer.obj (.text:reset_buzzer)
                  0000cbaa    0000000a     rfsimpliciti.obj (.text:reset_rf)
                  0000cbb4    0000000a     display.obj (.text:switch_seg)
                  0000cbbe    0000000a     menu.obj (.text:update_date)
                  0000cbc8    0000000a     menu.obj (.text:update_time)
                  0000cbd2    00000008     timer.obj (.text:Timer0_A3_Stop)
                  0000cbda    00000008     timer.obj (.text:Timer0_Start)
                  0000cbe2    00000008     alarm.obj (.text:stop_alarm)
                  0000cbea    00000008     main.obj (.text:to_lpm)
                  0000cbf2    00000006     mrfi.obj (.text:MRFI_GetRadioState)
                  0000cbf8    00000006     display.obj (.text:clear_blink_mem)
                  0000cbfe    00000006     nwk.obj (.text:nwk_freeConnection)
                  0000cc04    00000006     nwk_globals.obj (.text:nwk_getBCastAddress)
                  0000cc0a    00000006     display.obj (.text:start_blink)
                  0000cc10    00000006     display.obj (.text:stop_blink)
                  0000cc16    00000004     rts430x.lib : pre_init.obj (.text:_system_pre_init)
                  0000cc1a    00000004                 : exit.obj (.text:abort)
                  0000cc1e    00000004     nwk.obj (.text:nwk_NVObj)
                  0000cc22    00000004     nwk_ioctl.obj (.text:nwk_connectionControl)
                  0000cc26    00000004     nwk_frame.obj (.text:nwk_getMyRxType)
                  0000cc2a    00000004     nwk_globals.obj (.text:nwk_getProtocolVersion)
                  0000cc2e    00000004     nwk_freq.obj (.text:nwk_processFreq)
                  0000cc32    00000004     nwk_security.obj (.text:nwk_processSecurity)
                  0000cc36    00000002     rts430x.lib : _lock.obj (.text:_nop)
                  0000cc38    00000002     user.obj (.text:dummy)

.const     0    0000cc3a    000003ff     
                  0000cc3a    0000021f     display.obj (.const:int_to_array_conversion_table)
                  0000ce59    00000001     mrfi.obj (.const)
                  0000ce5a    00000090     menu.obj (.const)
                  0000ceea    00000080     <whole-program> (.const:.string)
                  0000cf6a    00000040     mrfi.obj (.const:mrfiRadioCfg)
                  0000cfaa    0000002b     display.obj (.const:.string:lcd_font)
                  0000cfd5    00000001     nwk_frame.obj (.const)
                  0000cfd6    0000002a     display.obj (.const:.string:segments_bitmask)
                  0000d000    00000018     nwk_frame.obj (.const:func$27)
                  0000d018    00000009     nwk_globals.obj (.const)
                  0000d021    00000001     --HOLE-- [fill = 0]
                  0000d022    00000008     clock.obj (.const:selection_Timeformat)
                  0000d02a    00000004     mrfi.obj (.const:.string:mrfiBroadcastAddr)
                  0000d02e    00000004     mrfi.obj (.const:.string:mrfiLogicalChanTable$25)
                  0000d032    00000004     BlueRobin_RX_868MHz.lib : BRRX_Resource.obj (.const)
                  0000d036    00000003     mrfi.obj (.const:.string:mrfiRFPowerTable$25)

.cinit     0    0000d03a    000001fa     
                  0000d03a    000001af     <whole-program> (.cinit)
                  0000d1e9    00000001     --HOLE-- [fill = 0]
                  0000d1ea    00000017     BlueRobin_RX_868MHz.lib : BRRX_Scheduler.obj (.cinit)
                  0000d201    00000001     --HOLE-- [fill = 0]
                  0000d202    00000017                             : BRRX_Timer.obj (.cinit)
                  0000d219    00000001     --HOLE-- [fill = 0]
                  0000d21a    0000000c                             : BRRX_Radio.obj (.cinit)
                  0000d226    0000000b                             : BRRX_Packet.obj (.cinit)
                  0000d231    00000001     --HOLE-- [fill = 0]
                  0000d232    00000002     (.pad.cinit) [fill = 0]

.int48     0    0000ffe0    00000002     
                  0000ffe0    00000002     <whole-program> (.int48)

.int53     0    0000ffea    00000002     
                  0000ffea    00000002     radio.obj (.int53)

.int54     0    0000ffec    00000002     
                  0000ffec    00000002     <whole-program> (.int54)

.int55     0    0000ffee    00000002     
                  0000ffee    00000002     <whole-program> (.int55)

.int56     0    0000fff0    00000002     
                  0000fff0    00000002     <whole-program> (.int56)

.reset     0    0000fffe    00000002     
                  0000fffe    00000002     rts430x.lib : boot.obj (.reset)


GLOBAL SYMBOLS: SORTED ALPHABETICALLY BY Name 

address    name
--------   ----
00001c00   .bss
00008000   .text
00000700   ADC12CTL0
00000701   ADC12CTL0_H
00000700   ADC12CTL0_L
00000702   ADC12CTL1
00000703   ADC12CTL1_H
00000702   ADC12CTL1_L
00000704   ADC12CTL2
00000705   ADC12CTL2_H
00000704   ADC12CTL2_L
0000070c   ADC12IE
0000070d   ADC12IE_H
0000070c   ADC12IE_L
0000070a   ADC12IFG
0000070b   ADC12IFG_H
0000070a   ADC12IFG_L
0000c7de   ADC12ISR
0000070e   ADC12IV
0000070f   ADC12IV_H
0000070e   ADC12IV_L
00000710   ADC12MCTL0
00000711   ADC12MCTL1
0000071a   ADC12MCTL10
0000071b   ADC12MCTL11
0000071c   ADC12MCTL12
0000071d   ADC12MCTL13
0000071e   ADC12MCTL14
0000071f   ADC12MCTL15
00000712   ADC12MCTL2
00000713   ADC12MCTL3
00000714   ADC12MCTL4
00000715   ADC12MCTL5
00000716   ADC12MCTL6
00000717   ADC12MCTL7
00000718   ADC12MCTL8
00000719   ADC12MCTL9
00000720   ADC12MEM0
00000721   ADC12MEM0_H
00000720   ADC12MEM0_L
00000722   ADC12MEM1
00000734   ADC12MEM10
00000735   ADC12MEM10_H
00000734   ADC12MEM10_L
00000736   ADC12MEM11
00000737   ADC12MEM11_H
00000736   ADC12MEM11_L
00000738   ADC12MEM12
00000739   ADC12MEM12_H
00000738   ADC12MEM12_L
0000073a   ADC12MEM13
0000073b   ADC12MEM13_H
0000073a   ADC12MEM13_L
0000073c   ADC12MEM14
0000073d   ADC12MEM14_H
0000073c   ADC12MEM14_L
0000073e   ADC12MEM15
0000073f   ADC12MEM15_H
0000073e   ADC12MEM15_L
00000723   ADC12MEM1_H
00000722   ADC12MEM1_L
00000724   ADC12MEM2
00000725   ADC12MEM2_H
00000724   ADC12MEM2_L
00000726   ADC12MEM3
00000727   ADC12MEM3_H
00000726   ADC12MEM3_L
00000728   ADC12MEM4
00000729   ADC12MEM4_H
00000728   ADC12MEM4_L
0000072a   ADC12MEM5
0000072b   ADC12MEM5_H
0000072a   ADC12MEM5_L
0000072c   ADC12MEM6
0000072d   ADC12MEM6_H
0000072c   ADC12MEM6_L
0000072e   ADC12MEM7
0000072f   ADC12MEM7_H
0000072e   ADC12MEM7_L
00000730   ADC12MEM8
00000731   ADC12MEM8_H
00000730   ADC12MEM8_L
00000732   ADC12MEM9
00000733   ADC12MEM9_H
00000732   ADC12MEM9_L
000009c0   AESACTL0
000009c1   AESACTL0_H
000009c0   AESACTL0_L
000009c8   AESADIN
000009c9   AESADIN_H
000009c8   AESADIN_L
000009ca   AESADOUT
000009cb   AESADOUT_H
000009ca   AESADOUT_L
000009c6   AESAKEY
000009c7   AESAKEY_H
000009c6   AESAKEY_L
000009c4   AESASTAT
000009c5   AESASTAT_H
000009c4   AESASTAT_L
000020b0   BRRX__CurrentPacketTime_u16
000020b2   BRRX__CurrentSignalLevel_u8
0000d032   BRRX__First_TXCB_t
0000d034   BRRX__Last_TXCB_t
00002022   BRRX__MaxSearchTries_u8
0000206e   BRRX__NextEndTime_u16
0000206c   BRRX__NextEventTime_u16
00002071   BRRX__NextFrequencyOffset_s8
00002070   BRRX__NextFrequency_u8
00002026   BRRX__PacketBits_t
00002020   BRRX__PowerdownDelay_u8
00002023   BRRX__SearchRatio_u8
00002021   BRRX__SignalLevelReduction
000020ae   BRRX__StatusFlags_t
00001faa   BRRX__TXCB_t
00002024   BRRX__TestMode_u8
00002072   BRRX__TimerState_t
0000c400   BSP_Delay
0000ca60   BSP_InitBoard
00001d83   Button_Delay
00001cc2   Button_Down_Data
00001d84   Button_Repeat
00001c00   Button_Up_Data
0000cc1a   C$$EXIT
000008c0   CBCTL0
000008c1   CBCTL0_H
000008c0   CBCTL0_L
000008c2   CBCTL1
000008c3   CBCTL1_H
000008c2   CBCTL1_L
000008c4   CBCTL2
000008c5   CBCTL2_H
000008c4   CBCTL2_L
000008c6   CBCTL3
000008c7   CBCTL3_H
000008c6   CBCTL3_L
000008cc   CBINT
000008cd   CBINT_H
000008cc   CBINT_L
000008ce   CBIV
00000150   CRCDI
00000152   CRCDIRB
00000153   CRCDIRB_H
00000152   CRCDIRB_L
00000151   CRCDI_H
00000150   CRCDI_L
00000154   CRCINIRES
00000155   CRCINIRES_H
00000154   CRCINIRES_L
00000156   CRCRESR
00000157   CRCRESR_H
00000156   CRCRESR_L
00001d86   ChronicRF
00001dd6   Chronic_PA_Table
00000510   DMA0CTL
00000511   DMA0CTL_H
00000510   DMA0CTL_L
00000516   DMA0DA
00000516   DMA0DAL
00000512   DMA0SA
00000512   DMA0SAL
0000051a   DMA0SZ
00000520   DMA1CTL
00000521   DMA1CTL_H
00000520   DMA1CTL_L
00000526   DMA1DA
00000526   DMA1DAL
00000522   DMA1SA
00000522   DMA1SAL
0000052a   DMA1SZ
00000530   DMA2CTL
00000531   DMA2CTL_H
00000530   DMA2CTL_L
00000536   DMA2DA
00000536   DMA2DAL
00000532   DMA2SA
00000532   DMA2SAL
0000053a   DMA2SZ
00000500   DMACTL0
00000501   DMACTL0_H
00000500   DMACTL0_L
00000502   DMACTL1
00000503   DMACTL1_H
00000502   DMACTL1_L
00000504   DMACTL2
00000505   DMACTL2_H
00000504   DMACTL2_L
00000506   DMACTL3
00000507   DMACTL3_H
00000506   DMACTL3_L
00000508   DMACTL4
00000509   DMACTL4_H
00000508   DMACTL4_L
0000050e   DMAIV
0000050f   DMAIV_H
0000050e   DMAIV_L
00001d82   Down_Buttons
00001d85   Emulation_Mode
00000140   FCTL1
00000141   FCTL1_H
00000140   FCTL1_L
00000144   FCTL3
00000145   FCTL3_H
00000144   FCTL3_L
00000146   FCTL4
00000147   FCTL4_H
00000146   FCTL4_L
00000a04   LCDBBLKCTL
00000a05   LCDBBLKCTL_H
00000a04   LCDBBLKCTL_L
00000a12   LCDBCPCTL
00000a13   LCDBCPCTL_H
00000a12   LCDBCPCTL_L
00000a00   LCDBCTL0
00000a01   LCDBCTL0_H
00000a00   LCDBCTL0_L
00000a02   LCDBCTL1
00000a03   LCDBCTL1_H
00000a02   LCDBCTL1_L
00000a1e   LCDBIV
00000a40   LCDBM1
00000a49   LCDBM10
00000a4a   LCDBM11
00000a4b   LCDBM12
00000a4c   LCDBM13
00000a4d   LCDBM14
00000a4e   LCDBM15
00000a4f   LCDBM16
00000a50   LCDBM17
00000a51   LCDBM18
00000a52   LCDBM19
00000a41   LCDBM2
00000a53   LCDBM20
00000a54   LCDBM21
00000a55   LCDBM22
00000a56   LCDBM23
00000a57   LCDBM24
00000a42   LCDBM3
00000a43   LCDBM4
00000a44   LCDBM5
00000a45   LCDBM6
00000a46   LCDBM7
00000a47   LCDBM8
00000a48   LCDBM9
00000a06   LCDBMEMCTL
00000a07   LCDBMEMCTL_H
00000a06   LCDBMEMCTL_L
00000a0a   LCDBPCTL0
00000a0b   LCDBPCTL0_H
00000a0a   LCDBPCTL0_L
00000a0c   LCDBPCTL1
00000a0d   LCDBPCTL1_H
00000a0c   LCDBPCTL1_L
00000a0e   LCDBPCTL2
00000a0f   LCDBPCTL2_H
00000a0e   LCDBPCTL2_L
00000a10   LCDBPCTL3
00000a11   LCDBPCTL3_H
00000a10   LCDBPCTL3_L
00000a08   LCDBVCTL
00000a09   LCDBVCTL_H
00000a08   LCDBVCTL_L
00000a20   LCDM1
00000a29   LCDM10
00000a2a   LCDM11
00000a2b   LCDM12
00000a2c   LCDM13
00000a2d   LCDM14
00000a2e   LCDM15
00000a2f   LCDM16
00000a30   LCDM17
00000a31   LCDM18
00000a32   LCDM19
00000a21   LCDM2
00000a33   LCDM20
00000a34   LCDM21
00000a35   LCDM22
00000a36   LCDM23
00000a37   LCDM24
00000a22   LCDM3
00000a23   LCDM4
00000a24   LCDM5
00000a25   LCDM6
00000a26   LCDM7
00000a27   LCDM8
00000a28   LCDM9
0000bc32   L_LSL_1
0000bc0e   L_LSL_10
0000bc0a   L_LSL_11
0000bc06   L_LSL_12
0000bc02   L_LSL_13
0000bbfe   L_LSL_14
0000bbfa   L_LSL_15
0000bc2e   L_LSL_2
0000bc2a   L_LSL_3
0000bc26   L_LSL_4
0000bc22   L_LSL_5
0000bc1e   L_LSL_6
0000bc1a   L_LSL_7
0000bc16   L_LSL_8
0000bc12   L_LSL_9
000004c4   MAC
000004da   MAC32H
000004db   MAC32H_H
000004da   MAC32H_L
000004d8   MAC32L
000004d9   MAC32L_H
000004d8   MAC32L_L
000004c6   MACS
000004de   MACS32H
000004df   MACS32H_H
000004de   MACS32H_L
000004dc   MACS32L
000004dd   MACS32L_H
000004dc   MACS32L_L
000004c7   MACS_H
000004c6   MACS_L
000004c5   MAC_H
000004c4   MAC_L
000004c0   MPY
000004ec   MPY32CTL0
000004ed   MPY32CTL0_H
000004ec   MPY32CTL0_L
000004d2   MPY32H
000004d3   MPY32H_H
000004d2   MPY32H_L
000004d0   MPY32L
000004d1   MPY32L_H
000004d0   MPY32L_L
000004c2   MPYS
000004d6   MPYS32H
000004d7   MPYS32H_H
000004d6   MPYS32H_L
000004d4   MPYS32L
000004d5   MPYS32L_H
000004d4   MPYS32L_L
000004c3   MPYS_H
000004c2   MPYS_L
000004c1   MPY_H
000004c0   MPY_L
0000ca70   MRFI_DelayMs
0000c510   MRFI_EnableRxAddrFilter
0000cbf2   MRFI_GetRadioState
00008d58   MRFI_Init
0000cada   MRFI_PostKillSem
0000b356   MRFI_RadioIsr
0000c8bc   MRFI_RandomByte
0000cae6   MRFI_Receive
0000bd62   MRFI_ReplyDelay
0000c530   MRFI_RxCompleteISR
0000c550   MRFI_RxIdle
0000c570   MRFI_RxOn
0000c650   MRFI_SetLogicalChannel
0000c6e6   MRFI_SetRFPwr
0000c394   MRFI_SetRxAddrFilter
0000c264   MRFI_Sleep
0000a236   MRFI_Transmit
0000c422   MRFI_WakeUp
000004c8   OP2
000004e2   OP2H
000004e3   OP2H_H
000004e2   OP2H_L
000004e0   OP2L
000004e1   OP2L_H
000004e0   OP2L_L
000004c9   OP2_H
000004c8   OP2_L
0000020e   P1IV
000001c8   P1MAP01
000001c9   P1MAP01_H
000001c8   P1MAP01_L
000001ca   P1MAP23
000001cb   P1MAP23_H
000001ca   P1MAP23_L
000001cc   P1MAP45
000001cd   P1MAP45_H
000001cc   P1MAP45_L
000001ce   P1MAP67
000001cf   P1MAP67_H
000001ce   P1MAP67_L
0000021e   P2IV
000001d0   P2MAP01
000001d1   P2MAP01_H
000001d0   P2MAP01_L
000001d2   P2MAP23
000001d3   P2MAP23_H
000001d2   P2MAP23_L
000001d4   P2MAP45
000001d5   P2MAP45_H
000001d4   P2MAP45_L
000001d6   P2MAP67
000001d7   P2MAP67_H
000001d6   P2MAP67_L
000001d8   P3MAP01
000001d9   P3MAP01_H
000001d8   P3MAP01_L
000001da   P3MAP23
000001db   P3MAP23_H
000001da   P3MAP23_L
000001dc   P3MAP45
000001dd   P3MAP45_H
000001dc   P3MAP45_L
000001de   P3MAP67
000001df   P3MAP67_H
000001de   P3MAP67_L
00000204   PADIR
00000205   PADIR_H
00000204   PADIR_L
00000208   PADS
00000209   PADS_H
00000208   PADS_L
0000021a   PAIE
00000218   PAIES
00000219   PAIES_H
00000218   PAIES_L
0000021b   PAIE_H
0000021a   PAIE_L
0000021c   PAIFG
0000021d   PAIFG_H
0000021c   PAIFG_L
00000200   PAIN
00000201   PAIN_H
00000200   PAIN_L
00000202   PAOUT
00000203   PAOUT_H
00000202   PAOUT_L
00000206   PAREN
00000207   PAREN_H
00000206   PAREN_L
0000020a   PASEL
0000020b   PASEL_H
0000020a   PASEL_L
00000224   PBDIR
00000225   PBDIR_H
00000224   PBDIR_L
00000228   PBDS
00000229   PBDS_H
00000228   PBDS_L
00000220   PBIN
00000221   PBIN_H
00000220   PBIN_L
00000222   PBOUT
00000223   PBOUT_H
00000222   PBOUT_L
00000226   PBREN
00000227   PBREN_H
00000226   PBREN_L
0000022a   PBSEL
0000022b   PBSEL_H
0000022a   PBSEL_L
00000244   PCDIR
00000245   PCDIR_H
00000244   PCDIR_L
00000248   PCDS
00000249   PCDS_H
00000248   PCDS_L
00000240   PCIN
00000241   PCIN_H
00000240   PCIN_L
00000242   PCOUT
00000243   PCOUT_H
00000242   PCOUT_L
00000246   PCREN
00000247   PCREN_H
00000246   PCREN_L
0000024a   PCSEL
0000024b   PCSEL_H
0000024a   PCSEL_L
00000324   PJDIR
00000325   PJDIR_H
00000324   PJDIR_L
00000328   PJDS
00000329   PJDS_H
00000328   PJDS_L
00000320   PJIN
00000321   PJIN_H
00000320   PJIN_L
00000322   PJOUT
00000323   PJOUT_H
00000322   PJOUT_L
00000326   PJREN
00000327   PJREN_H
00000326   PJREN_L
000001c2   PMAPCTL
000001c3   PMAPCTL_H
000001c2   PMAPCTL_L
000001c0   PMAPKEYID
000001c1   PMAPKEYID_H
000001c0   PMAPKEYID_L
00000120   PMMCTL0
00000121   PMMCTL0_H
00000120   PMMCTL0_L
00000122   PMMCTL1
00000123   PMMCTL1_H
00000122   PMMCTL1_L
0000012c   PMMIFG
0000012d   PMMIFG_H
0000012c   PMMIFG_L
0000012e   PMMRIE
0000012f   PMMRIE_H
0000012e   PMMRIE_L
00008618   PORT2_ISR
00000158   RCCTL0
00000159   RCCTL0_H
00000158   RCCTL0_L
000001b0   REFCTL0
000001b1   REFCTL0_H
000001b0   REFCTL0_L
000004e4   RES0
000004e5   RES0_H
000004e4   RES0_L
000004e6   RES1
000004e7   RES1_H
000004e6   RES1_L
000004e8   RES2
000004e9   RES2_H
000004e8   RES2_L
000004ea   RES3
000004eb   RES3_H
000004ea   RES3_L
000004cc   RESHI
000004cd   RESHI_H
000004cc   RESHI_L
000004ca   RESLO
000004cb   RESLO_H
000004ca   RESLO_L
00000f16   RF1ADINW
00000f17   RF1ADINW_H
00000f16   RF1ADINW_L
00000f28   RF1ADOUT0W
00000f29   RF1ADOUT0W_H
00000f28   RF1ADOUT0W_L
00000f2a   RF1ADOUT1W
00000f2b   RF1ADOUT1W_H
00000f2a   RF1ADOUT1W_L
00000f2c   RF1ADOUT2W
00000f2d   RF1ADOUT2W_H
00000f2c   RF1ADOUT2W_L
00000f36   RF1AIE
00000f34   RF1AIES
00000f35   RF1AIES_H
00000f34   RF1AIES_L
00000f37   RF1AIE_H
00000f36   RF1AIE_L
00000f00   RF1AIFCTL0
00000f01   RF1AIFCTL0_H
00000f00   RF1AIFCTL0_L
00000f02   RF1AIFCTL1
00000f03   RF1AIFCTL1_H
00000f02   RF1AIFCTL1_L
00000f04   RF1AIFCTL2
00000f05   RF1AIFCTL2_H
00000f04   RF1AIFCTL2_L
00000f06   RF1AIFERR
00000f0c   RF1AIFERRV
00000f0d   RF1AIFERRV_H
00000f0c   RF1AIFERRV_L
00000f07   RF1AIFERR_H
00000f06   RF1AIFERR_L
00000f32   RF1AIFG
00000f33   RF1AIFG_H
00000f32   RF1AIFG_L
00000f0e   RF1AIFIV
00000f0f   RF1AIFIV_H
00000f0e   RF1AIFIV_L
00000f30   RF1AIN
00000f12   RF1AINSTR1W
00000f13   RF1AINSTR1W_H
00000f12   RF1AINSTR1W_L
00000f14   RF1AINSTR2W
00000f15   RF1AINSTR2W_H
00000f14   RF1AINSTR2W_L
00000f10   RF1AINSTRW
00000f11   RF1AINSTRW_H
00000f10   RF1AINSTRW_L
00000f31   RF1AIN_H
00000f30   RF1AIN_L
00000f38   RF1AIV
00000f39   RF1AIV_H
00000f38   RF1AIV_L
00000f3c   RF1ARXFIFO
00000f3d   RF1ARXFIFO_H
00000f3c   RF1ARXFIFO_L
00000f20   RF1ASTAT0W
00000f21   RF1ASTAT0W_H
00000f20   RF1ASTAT0W_L
00000f22   RF1ASTAT1W
00000f23   RF1ASTAT1W_H
00000f22   RF1ASTAT1W_L
00000f24   RF1ASTAT2W
00000f25   RF1ASTAT2W_H
00000f24   RF1ASTAT2W_L
00000f3e   RF1ATXFIFO
00000f3f   RF1ATXFIFO_H
00000f3e   RF1ATXFIFO_L
000004ba   RTCADOWDAY
000004bb   RTCADOWDAY_H
000004ba   RTCADOWDAY_L
000004b8   RTCAMINHR
000004b9   RTCAMINHR_H
000004b8   RTCAMINHR_L
000004a0   RTCCTL01
000004a1   RTCCTL01_H
000004a0   RTCCTL01_L
000004a2   RTCCTL23
000004a3   RTCCTL23_H
000004a2   RTCCTL23_L
000004b4   RTCDATE
000004b5   RTCDATE_H
000004b4   RTCDATE_L
000004ae   RTCIV
000004ac   RTCPS
000004a8   RTCPS0CTL
000004a9   RTCPS0CTL_H
000004a8   RTCPS0CTL_L
000004aa   RTCPS1CTL
000004ab   RTCPS1CTL_H
000004aa   RTCPS1CTL_L
000004ad   RTCPS_H
000004ac   RTCPS_L
000004b0   RTCTIM0
000004b1   RTCTIM0_H
000004b0   RTCTIM0_L
000004b2   RTCTIM1
000004b3   RTCTIM1_H
000004b2   RTCTIM1_L
000004b6   RTCYEAR
000004b7   RTCYEAR_H
000004b6   RTCYEAR_L
0000c82c   ReadSingleReg
0000ca80   ResetRadioCore
00000100   SFRIE1
00000101   SFRIE1_H
00000100   SFRIE1_L
00000102   SFRIFG1
00000103   SFRIFG1_H
00000102   SFRIFG1_L
00000104   SFRRPCR
00000105   SFRRPCR_H
00000104   SFRRPCR_L
0000c0c4   SMPL_Init
0000a810   SMPL_Ioctl
00009484   SMPL_Link
0000b904   SMPL_Receive
0000b2f0   SMPL_SendOpt
000004ce   SUMEXT
000004cf   SUMEXT_H
000004ce   SUMEXT_L
00000124   SVSMHCTL
00000125   SVSMHCTL_H
00000124   SVSMHCTL_L
00000128   SVSMIO
00000129   SVSMIO_H
00000128   SVSMIO_L
00000126   SVSMLCTL
00000127   SVSMLCTL_H
00000126   SVSMLCTL_L
00000198   SYSBERRIV
00000199   SYSBERRIV_H
00000198   SYSBERRIV_L
00000182   SYSBSLC
00000183   SYSBSLC_H
00000182   SYSBSLC_L
00000180   SYSCTL
00000181   SYSCTL_H
00000180   SYSCTL_L
00000186   SYSJMBC
00000187   SYSJMBC_H
00000186   SYSJMBC_L
00000188   SYSJMBI0
00000189   SYSJMBI0_H
00000188   SYSJMBI0_L
0000018a   SYSJMBI1
0000018b   SYSJMBI1_H
0000018a   SYSJMBI1_L
0000018c   SYSJMBO0
0000018d   SYSJMBO0_H
0000018c   SYSJMBO0_L
0000018e   SYSJMBO1
0000018f   SYSJMBO1_H
0000018e   SYSJMBO1_L
0000019e   SYSRSTIV
0000019f   SYSRSTIV_H
0000019e   SYSRSTIV_L
0000019c   SYSSNIV
0000019d   SYSSNIV_H
0000019c   SYSSNIV_L
0000019a   SYSUNIV
0000019b   SYSUNIV_H
0000019a   SYSUNIV_L
0000c28a   SetVCore
0000c2b0   SetVCoreDown
0000b9dc   SetVCoreUp
0000a9f6   Strobe
00000352   TA0CCR0
00000354   TA0CCR1
00000356   TA0CCR2
00000358   TA0CCR3
0000035a   TA0CCR4
00000342   TA0CCTL0
00000344   TA0CCTL1
00000346   TA0CCTL2
00000348   TA0CCTL3
0000034a   TA0CCTL4
00000340   TA0CTL
00000360   TA0EX0
0000036e   TA0IV
00000350   TA0R
00000392   TA1CCR0
00000394   TA1CCR1
00000396   TA1CCR2
00000382   TA1CCTL0
00000384   TA1CCTL1
00000386   TA1CCTL2
00000380   TA1CTL
000003a0   TA1EX0
000003ae   TA1IV
00000390   TA1R
000087fe   TIMER0_A0_ISR
0000afdc   TIMER0_A1_5_ISR
0000c146   Timer0_A3_Start
0000cbd2   Timer0_A3_Stop
0000b3b8   Timer0_A4_Delay
0000c956   Timer0_Init
0000cbda   Timer0_Start
0000caf2   Timer0_Stop
000005d0   UCA0ABCTL
000005c6   UCA0BRW
000005c7   UCA0BRW_H
000005c6   UCA0BRW_L
000005c0   UCA0CTLW0
000005c1   UCA0CTLW0_H
000005c0   UCA0CTLW0_L
000005dc   UCA0ICTL
000005dd   UCA0ICTL_H
000005dc   UCA0ICTL_L
000005d2   UCA0IRCTL
000005d3   UCA0IRCTL_H
000005d2   UCA0IRCTL_L
000005de   UCA0IV
000005c8   UCA0MCTL
000005cc   UCA0RXBUF
000005ca   UCA0STAT
000005ce   UCA0TXBUF
000005e6   UCB0BRW
000005e7   UCB0BRW_H
000005e6   UCB0BRW_L
000005e0   UCB0CTLW0
000005e1   UCB0CTLW0_H
000005e0   UCB0CTLW0_L
000005f0   UCB0I2COA
000005f1   UCB0I2COA_H
000005f0   UCB0I2COA_L
000005f2   UCB0I2CSA
000005f3   UCB0I2CSA_H
000005f2   UCB0I2CSA_L
000005fc   UCB0ICTL
000005fd   UCB0ICTL_H
000005fc   UCB0ICTL_L
000005fe   UCB0IV
000005ec   UCB0RXBUF
000005ea   UCB0STAT
000005ee   UCB0TXBUF
00000160   UCSCTL0
00000161   UCSCTL0_H
00000160   UCSCTL0_L
00000162   UCSCTL1
00000163   UCSCTL1_H
00000162   UCSCTL1_L
00000164   UCSCTL2
00000165   UCSCTL2_H
00000164   UCSCTL2_L
00000166   UCSCTL3
00000167   UCSCTL3_H
00000166   UCSCTL3_L
00000168   UCSCTL4
00000169   UCSCTL4_H
00000168   UCSCTL4_L
0000016a   UCSCTL5
0000016b   UCSCTL5_H
0000016a   UCSCTL5_L
0000016c   UCSCTL6
0000016d   UCSCTL6_H
0000016c   UCSCTL6_L
0000016e   UCSCTL7
0000016f   UCSCTL7_H
0000016e   UCSCTL7_L
00000170   UCSCTL8
00000171   UCSCTL8_H
00000170   UCSCTL8_L
00001cc0   Up_Buttons
0000015c   WDTCTL
0000015d   WDTCTL_H
0000015c   WDTCTL_L
0000b41a   WriteBurstPATable
0000ba22   WriteBurstReg
00008bb2   WriteRfSettings
0000bd28   WriteSingleReg
00002bfc   __STACK_END
00000050   __STACK_SIZE
00000001   __TI_args_main
00000001   __TI_auto_init
0000208c   __TI_cleanup_ptr
00002090   __TI_dtors_ptr
00000001   __TI_exit
0000ffe0   __TI_int48
0000ffea   __TI_int53
0000ffec   __TI_int54
0000ffee   __TI_int55
0000fff0   __TI_int56
ffffffff   __binit__
00001c00   __bss__
ffffffff   __c_args__
0000d03a   __cinit__
0000c0f0   __divi
0000bb7c   __divli
0000c914   __divu
0000b5e8   __divul
000020c7   __end__
0000cc3a   __etext__
000095d2   __fs_add
0000b870   __fs_cmp
0000aa8e   __fs_div
0000beac   __fs_itof
0000a6ac   __fs_mpy
000095cc   __fs_sub
0000baae   __fs_tou
0000b7d8   __fs_toul
0000bf46   __fs_ultof
0000c3dc   __fs_utof
0000c92a   __mpyi_f5hw
0000c4cc   __mpyl_f5hw
0000c7c4   __mpyul_f5hw
ffffffff   __pinit__
0000c0f0   __remi
0000bb7c   __remli
0000c914   __remu
0000b5e8   __remul
00008000   __text__
0000b94c   _auto_init
0000c170   _c_int00
0000c170   _c_int00_noexit
00002084   _lock
0000cc36   _nop
0000fffe   _reset_vector
00002bac   _stack
0000cc16   _system_pre_init
00002088   _unlock
0000cc1a   abort
000020c2   adc12_data_ready
000020c0   adc12_result
0000b220   adc12_single_conversion
0000b740   add_day
0000206b   as_ok
0000b1b2   battery_measurement
ffffffff   binit
000020a0   brrx_packet_end_cap_value
00001ef4   burst_end
00001ef0   burst_mode
00001ef6   burst_packet
00001f08   burst_packet_index
00001ef2   burst_start
0000204e   button
0000b78c   button_repeat_function
0000cb82   button_repeat_off
0000c8e8   button_repeat_on
0000c71e   check_alarm
0000c844   chronic_config_rf
0000993e   chronic_tx
0000cafe   chronic_tx_down
0000cb0a   chronic_tx_up
0000d03a   cinit
0000cbf8   clear_blink_mem
0000cb16   clear_display
0000c73a   clear_display_all
0000b698   clear_line
0000b4d6   clock_tick
0000ca90   close_radio
0000add6   config_doorbell
0000c85c   convert_hour_to_12H_format
0000c96a   countdown_buzzer
00001e64   display
0000a5f4   display_alarm
0000c97e   display_all_off
0000c874   display_all_on
0000c756   display_am_pm_symbol
0000b532   display_battery_V
0000b140   display_char
0000a09c   display_chars
0000a47c   display_date
0000c1c4   display_doorbell
0000ba68   display_hours
0000c2d6   display_rfbsl
0000c8fe   display_selection_Timeformat1
00009822   display_stopwatch
0000c66e   display_symbol
0000c992   display_sync
000091e4   display_time
00009c20   display_update
0000c444   display_value
0000a53a   do_tx
0000cc38   dummy
000020c7   end
0000cc3a   etext
00002094   fptr_Timer0_A3_function
00001fe6   fptr_lcd_function_line1
00001fea   fptr_lcd_function_line2
0000ae5c   get_numberOfDays
0000cb2e   idle_loop
0000a2fc   init_application
0000c322   init_buttons
0000b478   init_global_variables
0000a16a   int_to_array
0000cc3a   int_to_array_conversion_table
00001eba   int_to_array_str
0000cab0   is_hour_am
0000cb3a   is_rf
0000c9ba   is_stopwatch
0000cfaa   lcd_font
0000c19a   lcd_init
0000bdd2   main
0000c466   memcmp
0000c9e2   memcpy
0000c68c   memmove
0000c9f4   memset
0000ce7e   menu_L1_Alarm
0000ce90   menu_L1_Doorbell
0000ce6c   menu_L1_Time
0000ceb4   menu_L2_Battery
0000cea2   menu_L2_Date
0000ced8   menu_L2_RFBSL
0000ce5a   menu_L2_Stopwatch
0000cec6   menu_L2_Sync
00001fe4   message
0000ce59   method
0000d02a   mrfiBroadcastAddr
0000cf6a   mrfiRadioCfg
0000b0cc   mrfiRadioInterfaceCmdStrobe
0000baf4   mrfiRadioInterfaceReadReg
0000bee2   mrfiRadioInterfaceReadRxFifo
0000be0a   mrfiRadioInterfaceWriteReg
0000be40   mrfiRadioInterfaceWriteTxFifo
00009d12   mx_alarm
00008ef2   mx_date
0000cabe   mx_stopwatch
000089de   mx_time
0000cc1e   nwk_NVObj
0000c772   nwk_QInit
0000c06a   nwk_QadjustOrder
00009eee   nwk_QfindOldest
0000b056   nwk_QfindSlot
00009fca   nwk_allocateLocalRxPort
0000ad4c   nwk_buildFrame
0000c348   nwk_checkConnInfo
0000cc22   nwk_connectionControl
0000c7f8   nwk_deviceAddress
0000bc38   nwk_findPeer
0000c5d0   nwk_frameInit
0000cbfe   nwk_freeConnection
0000cc04   nwk_getBCastAddress
0000c214   nwk_getConnInfo
0000ca06   nwk_getMyAddress
0000cc26   nwk_getMyRxType
0000bc74   nwk_getNextConnection
0000cb46   nwk_getNumObjectFromMsg
0000cc2a   nwk_getProtocolVersion
0000c36e   nwk_globalsInit
0000aba8   nwk_isConnectionValid
0000bcb0   nwk_isLinkDuplicate
0000bfaa   nwk_isValidReply
00009a36   nwk_join
0000c23c   nwk_joinInit
00009484   nwk_link
0000bfda   nwk_linkInit
0000cb8c   nwk_mgmtInit
0000aede   nwk_nwkInit
0000cb96   nwk_pingInit
0000cc2e   nwk_processFreq
0000c88c   nwk_processJoin
0000c488   nwk_processLink
0000be76   nwk_processMgmt
0000c3b8   nwk_processPing
0000cc32   nwk_processSecurity
0000c78e   nwk_putNumObjectIntoMsg
0000b58e   nwk_radioControl
0000c00a   nwk_rawReceive
0000b6ee   nwk_rawSend
0000a95a   nwk_retrieveFrame
0000af60   nwk_sendAckReply
0000c03a   nwk_sendFrame
0000cb52   nwk_setAPAddress
0000ca18   nwk_setJoinToken
0000ca2a   nwk_setLinkToken
0000c6aa   nwk_setMyAddress
0000ca3c   open_radio
00001f0a   p
ffffffff   pinit
0000c4aa   process_requests
00001f4e   ps_ok
000020be   ptrMenu_L1
000020bc   ptrMenu_L2
0000c5b0   radio_ISR
0000caa0   radio_powerdown
0000bf14   radio_reset
0000ac34   read_calibration_values
00001fe2   request
0000c8a4   reset_alarm
0000ca4e   reset_batt_measurement
0000cba0   reset_buzzer
0000c5f0   reset_clock
0000c9ce   reset_date
0000cbaa   reset_rf
0000c610   reset_stopwatch
00002061   rfBSL_button_confirmation
00001fee   rf_frequoffset
00002030   sAccel
000020b8   sAlarm
00001ff0   sAlt
00002074   sBatt
00001fc6   sBlueRobin
00002050   sButton
0000207c   sBuzzer
000020a2   sDate
00001fa9   sInit_done
00001ec2   sRFsmpl
0000200c   sStopwatch
000020a8   sTemp
00001ffe   sTime
00002098   sTimer
0000cfd6   segments_bitmask
00001e66   segments_lcdmem
0000d022   selection_Timeformat
0000cacc   set_blink_rate
00008406   set_value
00001eca   simpliciti_data
00001eea   simpliciti_ed_address
00001ec8   simpliciti_flag
0000a762   simpliciti_link
0000a8b8   simpliciti_main_sync
00001eee   simpliciti_payload_length
00001eef   simpliciti_reply_count
00008000   simpliciti_sync_decode_ap_cmd_callback
0000a3bc   simpliciti_sync_get_data_callback
0000cc0a   start_blink
0000b994   start_buzzer
0000acc0   start_simpliciti_sync
0000c4ee   start_stopwatch
0000cbe2   stop_alarm
0000cc10   stop_blink
0000c630   stop_buzzer
0000c812   stop_stopwatch
00009e04   stopwatch_tick
0000cbb4   switch_seg
0000bf78   sx_alarm
0000b824   sx_rfbsl
0000c940   sx_stopwatch
0000c6c8   sx_sync
00001fe0   sys
00009086   test_mode
0000cbea   to_lpm
0000b8ba   toggle_buzzer
0000cb5e   update_alarm
0000cb6a   update_battery_voltage
0000cbbe   update_date
0000cb76   update_stopwatch
0000bcec   update_stopwatch_timer
0000cbc8   update_time
000096fc   wakeup_event
0000b640   write_lcd_mem


GLOBAL SYMBOLS: SORTED BY Symbol Address 

address    name
--------   ----
00000001   __TI_args_main
00000001   __TI_auto_init
00000001   __TI_exit
00000050   __STACK_SIZE
00000100   SFRIE1
00000100   SFRIE1_L
00000101   SFRIE1_H
00000102   SFRIFG1
00000102   SFRIFG1_L
00000103   SFRIFG1_H
00000104   SFRRPCR
00000104   SFRRPCR_L
00000105   SFRRPCR_H
00000120   PMMCTL0
00000120   PMMCTL0_L
00000121   PMMCTL0_H
00000122   PMMCTL1
00000122   PMMCTL1_L
00000123   PMMCTL1_H
00000124   SVSMHCTL
00000124   SVSMHCTL_L
00000125   SVSMHCTL_H
00000126   SVSMLCTL
00000126   SVSMLCTL_L
00000127   SVSMLCTL_H
00000128   SVSMIO
00000128   SVSMIO_L
00000129   SVSMIO_H
0000012c   PMMIFG
0000012c   PMMIFG_L
0000012d   PMMIFG_H
0000012e   PMMRIE
0000012e   PMMRIE_L
0000012f   PMMRIE_H
00000140   FCTL1
00000140   FCTL1_L
00000141   FCTL1_H
00000144   FCTL3
00000144   FCTL3_L
00000145   FCTL3_H
00000146   FCTL4
00000146   FCTL4_L
00000147   FCTL4_H
00000150   CRCDI
00000150   CRCDI_L
00000151   CRCDI_H
00000152   CRCDIRB
00000152   CRCDIRB_L
00000153   CRCDIRB_H
00000154   CRCINIRES
00000154   CRCINIRES_L
00000155   CRCINIRES_H
00000156   CRCRESR
00000156   CRCRESR_L
00000157   CRCRESR_H
00000158   RCCTL0
00000158   RCCTL0_L
00000159   RCCTL0_H
0000015c   WDTCTL
0000015c   WDTCTL_L
0000015d   WDTCTL_H
00000160   UCSCTL0
00000160   UCSCTL0_L
00000161   UCSCTL0_H
00000162   UCSCTL1
00000162   UCSCTL1_L
00000163   UCSCTL1_H
00000164   UCSCTL2
00000164   UCSCTL2_L
00000165   UCSCTL2_H
00000166   UCSCTL3
00000166   UCSCTL3_L
00000167   UCSCTL3_H
00000168   UCSCTL4
00000168   UCSCTL4_L
00000169   UCSCTL4_H
0000016a   UCSCTL5
0000016a   UCSCTL5_L
0000016b   UCSCTL5_H
0000016c   UCSCTL6
0000016c   UCSCTL6_L
0000016d   UCSCTL6_H
0000016e   UCSCTL7
0000016e   UCSCTL7_L
0000016f   UCSCTL7_H
00000170   UCSCTL8
00000170   UCSCTL8_L
00000171   UCSCTL8_H
00000180   SYSCTL
00000180   SYSCTL_L
00000181   SYSCTL_H
00000182   SYSBSLC
00000182   SYSBSLC_L
00000183   SYSBSLC_H
00000186   SYSJMBC
00000186   SYSJMBC_L
00000187   SYSJMBC_H
00000188   SYSJMBI0
00000188   SYSJMBI0_L
00000189   SYSJMBI0_H
0000018a   SYSJMBI1
0000018a   SYSJMBI1_L
0000018b   SYSJMBI1_H
0000018c   SYSJMBO0
0000018c   SYSJMBO0_L
0000018d   SYSJMBO0_H
0000018e   SYSJMBO1
0000018e   SYSJMBO1_L
0000018f   SYSJMBO1_H
00000198   SYSBERRIV
00000198   SYSBERRIV_L
00000199   SYSBERRIV_H
0000019a   SYSUNIV
0000019a   SYSUNIV_L
0000019b   SYSUNIV_H
0000019c   SYSSNIV
0000019c   SYSSNIV_L
0000019d   SYSSNIV_H
0000019e   SYSRSTIV
0000019e   SYSRSTIV_L
0000019f   SYSRSTIV_H
000001b0   REFCTL0
000001b0   REFCTL0_L
000001b1   REFCTL0_H
000001c0   PMAPKEYID
000001c0   PMAPKEYID_L
000001c1   PMAPKEYID_H
000001c2   PMAPCTL
000001c2   PMAPCTL_L
000001c3   PMAPCTL_H
000001c8   P1MAP01
000001c8   P1MAP01_L
000001c9   P1MAP01_H
000001ca   P1MAP23
000001ca   P1MAP23_L
000001cb   P1MAP23_H
000001cc   P1MAP45
000001cc   P1MAP45_L
000001cd   P1MAP45_H
000001ce   P1MAP67
000001ce   P1MAP67_L
000001cf   P1MAP67_H
000001d0   P2MAP01
000001d0   P2MAP01_L
000001d1   P2MAP01_H
000001d2   P2MAP23
000001d2   P2MAP23_L
000001d3   P2MAP23_H
000001d4   P2MAP45
000001d4   P2MAP45_L
000001d5   P2MAP45_H
000001d6   P2MAP67
000001d6   P2MAP67_L
000001d7   P2MAP67_H
000001d8   P3MAP01
000001d8   P3MAP01_L
000001d9   P3MAP01_H
000001da   P3MAP23
000001da   P3MAP23_L
000001db   P3MAP23_H
000001dc   P3MAP45
000001dc   P3MAP45_L
000001dd   P3MAP45_H
000001de   P3MAP67
000001de   P3MAP67_L
000001df   P3MAP67_H
00000200   PAIN
00000200   PAIN_L
00000201   PAIN_H
00000202   PAOUT
00000202   PAOUT_L
00000203   PAOUT_H
00000204   PADIR
00000204   PADIR_L
00000205   PADIR_H
00000206   PAREN
00000206   PAREN_L
00000207   PAREN_H
00000208   PADS
00000208   PADS_L
00000209   PADS_H
0000020a   PASEL
0000020a   PASEL_L
0000020b   PASEL_H
0000020e   P1IV
00000218   PAIES
00000218   PAIES_L
00000219   PAIES_H
0000021a   PAIE
0000021a   PAIE_L
0000021b   PAIE_H
0000021c   PAIFG
0000021c   PAIFG_L
0000021d   PAIFG_H
0000021e   P2IV
00000220   PBIN
00000220   PBIN_L
00000221   PBIN_H
00000222   PBOUT
00000222   PBOUT_L
00000223   PBOUT_H
00000224   PBDIR
00000224   PBDIR_L
00000225   PBDIR_H
00000226   PBREN
00000226   PBREN_L
00000227   PBREN_H
00000228   PBDS
00000228   PBDS_L
00000229   PBDS_H
0000022a   PBSEL
0000022a   PBSEL_L
0000022b   PBSEL_H
00000240   PCIN
00000240   PCIN_L
00000241   PCIN_H
00000242   PCOUT
00000242   PCOUT_L
00000243   PCOUT_H
00000244   PCDIR
00000244   PCDIR_L
00000245   PCDIR_H
00000246   PCREN
00000246   PCREN_L
00000247   PCREN_H
00000248   PCDS
00000248   PCDS_L
00000249   PCDS_H
0000024a   PCSEL
0000024a   PCSEL_L
0000024b   PCSEL_H
00000320   PJIN
00000320   PJIN_L
00000321   PJIN_H
00000322   PJOUT
00000322   PJOUT_L
00000323   PJOUT_H
00000324   PJDIR
00000324   PJDIR_L
00000325   PJDIR_H
00000326   PJREN
00000326   PJREN_L
00000327   PJREN_H
00000328   PJDS
00000328   PJDS_L
00000329   PJDS_H
00000340   TA0CTL
00000342   TA0CCTL0
00000344   TA0CCTL1
00000346   TA0CCTL2
00000348   TA0CCTL3
0000034a   TA0CCTL4
00000350   TA0R
00000352   TA0CCR0
00000354   TA0CCR1
00000356   TA0CCR2
00000358   TA0CCR3
0000035a   TA0CCR4
00000360   TA0EX0
0000036e   TA0IV
00000380   TA1CTL
00000382   TA1CCTL0
00000384   TA1CCTL1
00000386   TA1CCTL2
00000390   TA1R
00000392   TA1CCR0
00000394   TA1CCR1
00000396   TA1CCR2
000003a0   TA1EX0
000003ae   TA1IV
000004a0   RTCCTL01
000004a0   RTCCTL01_L
000004a1   RTCCTL01_H
000004a2   RTCCTL23
000004a2   RTCCTL23_L
000004a3   RTCCTL23_H
000004a8   RTCPS0CTL
000004a8   RTCPS0CTL_L
000004a9   RTCPS0CTL_H
000004aa   RTCPS1CTL
000004aa   RTCPS1CTL_L
000004ab   RTCPS1CTL_H
000004ac   RTCPS
000004ac   RTCPS_L
000004ad   RTCPS_H
000004ae   RTCIV
000004b0   RTCTIM0
000004b0   RTCTIM0_L
000004b1   RTCTIM0_H
000004b2   RTCTIM1
000004b2   RTCTIM1_L
000004b3   RTCTIM1_H
000004b4   RTCDATE
000004b4   RTCDATE_L
000004b5   RTCDATE_H
000004b6   RTCYEAR
000004b6   RTCYEAR_L
000004b7   RTCYEAR_H
000004b8   RTCAMINHR
000004b8   RTCAMINHR_L
000004b9   RTCAMINHR_H
000004ba   RTCADOWDAY
000004ba   RTCADOWDAY_L
000004bb   RTCADOWDAY_H
000004c0   MPY
000004c0   MPY_L
000004c1   MPY_H
000004c2   MPYS
000004c2   MPYS_L
000004c3   MPYS_H
000004c4   MAC
000004c4   MAC_L
000004c5   MAC_H
000004c6   MACS
000004c6   MACS_L
000004c7   MACS_H
000004c8   OP2
000004c8   OP2_L
000004c9   OP2_H
000004ca   RESLO
000004ca   RESLO_L
000004cb   RESLO_H
000004cc   RESHI
000004cc   RESHI_L
000004cd   RESHI_H
000004ce   SUMEXT
000004ce   SUMEXT_L
000004cf   SUMEXT_H
000004d0   MPY32L
000004d0   MPY32L_L
000004d1   MPY32L_H
000004d2   MPY32H
000004d2   MPY32H_L
000004d3   MPY32H_H
000004d4   MPYS32L
000004d4   MPYS32L_L
000004d5   MPYS32L_H
000004d6   MPYS32H
000004d6   MPYS32H_L
000004d7   MPYS32H_H
000004d8   MAC32L
000004d8   MAC32L_L
000004d9   MAC32L_H
000004da   MAC32H
000004da   MAC32H_L
000004db   MAC32H_H
000004dc   MACS32L
000004dc   MACS32L_L
000004dd   MACS32L_H
000004de   MACS32H
000004de   MACS32H_L
000004df   MACS32H_H
000004e0   OP2L
000004e0   OP2L_L
000004e1   OP2L_H
000004e2   OP2H
000004e2   OP2H_L
000004e3   OP2H_H
000004e4   RES0
000004e4   RES0_L
000004e5   RES0_H
000004e6   RES1
000004e6   RES1_L
000004e7   RES1_H
000004e8   RES2
000004e8   RES2_L
000004e9   RES2_H
000004ea   RES3
000004ea   RES3_L
000004eb   RES3_H
000004ec   MPY32CTL0
000004ec   MPY32CTL0_L
000004ed   MPY32CTL0_H
00000500   DMACTL0
00000500   DMACTL0_L
00000501   DMACTL0_H
00000502   DMACTL1
00000502   DMACTL1_L
00000503   DMACTL1_H
00000504   DMACTL2
00000504   DMACTL2_L
00000505   DMACTL2_H
00000506   DMACTL3
00000506   DMACTL3_L
00000507   DMACTL3_H
00000508   DMACTL4
00000508   DMACTL4_L
00000509   DMACTL4_H
0000050e   DMAIV
0000050e   DMAIV_L
0000050f   DMAIV_H
00000510   DMA0CTL
00000510   DMA0CTL_L
00000511   DMA0CTL_H
00000512   DMA0SA
00000512   DMA0SAL
00000516   DMA0DA
00000516   DMA0DAL
0000051a   DMA0SZ
00000520   DMA1CTL
00000520   DMA1CTL_L
00000521   DMA1CTL_H
00000522   DMA1SA
00000522   DMA1SAL
00000526   DMA1DA
00000526   DMA1DAL
0000052a   DMA1SZ
00000530   DMA2CTL
00000530   DMA2CTL_L
00000531   DMA2CTL_H
00000532   DMA2SA
00000532   DMA2SAL
00000536   DMA2DA
00000536   DMA2DAL
0000053a   DMA2SZ
000005c0   UCA0CTLW0
000005c0   UCA0CTLW0_L
000005c1   UCA0CTLW0_H
000005c6   UCA0BRW
000005c6   UCA0BRW_L
000005c7   UCA0BRW_H
000005c8   UCA0MCTL
000005ca   UCA0STAT
000005cc   UCA0RXBUF
000005ce   UCA0TXBUF
000005d0   UCA0ABCTL
000005d2   UCA0IRCTL
000005d2   UCA0IRCTL_L
000005d3   UCA0IRCTL_H
000005dc   UCA0ICTL
000005dc   UCA0ICTL_L
000005dd   UCA0ICTL_H
000005de   UCA0IV
000005e0   UCB0CTLW0
000005e0   UCB0CTLW0_L
000005e1   UCB0CTLW0_H
000005e6   UCB0BRW
000005e6   UCB0BRW_L
000005e7   UCB0BRW_H
000005ea   UCB0STAT
000005ec   UCB0RXBUF
000005ee   UCB0TXBUF
000005f0   UCB0I2COA
000005f0   UCB0I2COA_L
000005f1   UCB0I2COA_H
000005f2   UCB0I2CSA
000005f2   UCB0I2CSA_L
000005f3   UCB0I2CSA_H
000005fc   UCB0ICTL
000005fc   UCB0ICTL_L
000005fd   UCB0ICTL_H
000005fe   UCB0IV
00000700   ADC12CTL0
00000700   ADC12CTL0_L
00000701   ADC12CTL0_H
00000702   ADC12CTL1
00000702   ADC12CTL1_L
00000703   ADC12CTL1_H
00000704   ADC12CTL2
00000704   ADC12CTL2_L
00000705   ADC12CTL2_H
0000070a   ADC12IFG
0000070a   ADC12IFG_L
0000070b   ADC12IFG_H
0000070c   ADC12IE
0000070c   ADC12IE_L
0000070d   ADC12IE_H
0000070e   ADC12IV
0000070e   ADC12IV_L
0000070f   ADC12IV_H
00000710   ADC12MCTL0
00000711   ADC12MCTL1
00000712   ADC12MCTL2
00000713   ADC12MCTL3
00000714   ADC12MCTL4
00000715   ADC12MCTL5
00000716   ADC12MCTL6
00000717   ADC12MCTL7
00000718   ADC12MCTL8
00000719   ADC12MCTL9
0000071a   ADC12MCTL10
0000071b   ADC12MCTL11
0000071c   ADC12MCTL12
0000071d   ADC12MCTL13
0000071e   ADC12MCTL14
0000071f   ADC12MCTL15
00000720   ADC12MEM0
00000720   ADC12MEM0_L
00000721   ADC12MEM0_H
00000722   ADC12MEM1
00000722   ADC12MEM1_L
00000723   ADC12MEM1_H
00000724   ADC12MEM2
00000724   ADC12MEM2_L
00000725   ADC12MEM2_H
00000726   ADC12MEM3
00000726   ADC12MEM3_L
00000727   ADC12MEM3_H
00000728   ADC12MEM4
00000728   ADC12MEM4_L
00000729   ADC12MEM4_H
0000072a   ADC12MEM5
0000072a   ADC12MEM5_L
0000072b   ADC12MEM5_H
0000072c   ADC12MEM6
0000072c   ADC12MEM6_L
0000072d   ADC12MEM6_H
0000072e   ADC12MEM7
0000072e   ADC12MEM7_L
0000072f   ADC12MEM7_H
00000730   ADC12MEM8
00000730   ADC12MEM8_L
00000731   ADC12MEM8_H
00000732   ADC12MEM9
00000732   ADC12MEM9_L
00000733   ADC12MEM9_H
00000734   ADC12MEM10
00000734   ADC12MEM10_L
00000735   ADC12MEM10_H
00000736   ADC12MEM11
00000736   ADC12MEM11_L
00000737   ADC12MEM11_H
00000738   ADC12MEM12
00000738   ADC12MEM12_L
00000739   ADC12MEM12_H
0000073a   ADC12MEM13
0000073a   ADC12MEM13_L
0000073b   ADC12MEM13_H
0000073c   ADC12MEM14
0000073c   ADC12MEM14_L
0000073d   ADC12MEM14_H
0000073e   ADC12MEM15
0000073e   ADC12MEM15_L
0000073f   ADC12MEM15_H
000008c0   CBCTL0
000008c0   CBCTL0_L
000008c1   CBCTL0_H
000008c2   CBCTL1
000008c2   CBCTL1_L
000008c3   CBCTL1_H
000008c4   CBCTL2
000008c4   CBCTL2_L
000008c5   CBCTL2_H
000008c6   CBCTL3
000008c6   CBCTL3_L
000008c7   CBCTL3_H
000008cc   CBINT
000008cc   CBINT_L
000008cd   CBINT_H
000008ce   CBIV
000009c0   AESACTL0
000009c0   AESACTL0_L
000009c1   AESACTL0_H
000009c4   AESASTAT
000009c4   AESASTAT_L
000009c5   AESASTAT_H
000009c6   AESAKEY
000009c6   AESAKEY_L
000009c7   AESAKEY_H
000009c8   AESADIN
000009c8   AESADIN_L
000009c9   AESADIN_H
000009ca   AESADOUT
000009ca   AESADOUT_L
000009cb   AESADOUT_H
00000a00   LCDBCTL0
00000a00   LCDBCTL0_L
00000a01   LCDBCTL0_H
00000a02   LCDBCTL1
00000a02   LCDBCTL1_L
00000a03   LCDBCTL1_H
00000a04   LCDBBLKCTL
00000a04   LCDBBLKCTL_L
00000a05   LCDBBLKCTL_H
00000a06   LCDBMEMCTL
00000a06   LCDBMEMCTL_L
00000a07   LCDBMEMCTL_H
00000a08   LCDBVCTL
00000a08   LCDBVCTL_L
00000a09   LCDBVCTL_H
00000a0a   LCDBPCTL0
00000a0a   LCDBPCTL0_L
00000a0b   LCDBPCTL0_H
00000a0c   LCDBPCTL1
00000a0c   LCDBPCTL1_L
00000a0d   LCDBPCTL1_H
00000a0e   LCDBPCTL2
00000a0e   LCDBPCTL2_L
00000a0f   LCDBPCTL2_H
00000a10   LCDBPCTL3
00000a10   LCDBPCTL3_L
00000a11   LCDBPCTL3_H
00000a12   LCDBCPCTL
00000a12   LCDBCPCTL_L
00000a13   LCDBCPCTL_H
00000a1e   LCDBIV
00000a20   LCDM1
00000a21   LCDM2
00000a22   LCDM3
00000a23   LCDM4
00000a24   LCDM5
00000a25   LCDM6
00000a26   LCDM7
00000a27   LCDM8
00000a28   LCDM9
00000a29   LCDM10
00000a2a   LCDM11
00000a2b   LCDM12
00000a2c   LCDM13
00000a2d   LCDM14
00000a2e   LCDM15
00000a2f   LCDM16
00000a30   LCDM17
00000a31   LCDM18
00000a32   LCDM19
00000a33   LCDM20
00000a34   LCDM21
00000a35   LCDM22
00000a36   LCDM23
00000a37   LCDM24
00000a40   LCDBM1
00000a41   LCDBM2
00000a42   LCDBM3
00000a43   LCDBM4
00000a44   LCDBM5
00000a45   LCDBM6
00000a46   LCDBM7
00000a47   LCDBM8
00000a48   LCDBM9
00000a49   LCDBM10
00000a4a   LCDBM11
00000a4b   LCDBM12
00000a4c   LCDBM13
00000a4d   LCDBM14
00000a4e   LCDBM15
00000a4f   LCDBM16
00000a50   LCDBM17
00000a51   LCDBM18
00000a52   LCDBM19
00000a53   LCDBM20
00000a54   LCDBM21
00000a55   LCDBM22
00000a56   LCDBM23
00000a57   LCDBM24
00000f00   RF1AIFCTL0
00000f00   RF1AIFCTL0_L
00000f01   RF1AIFCTL0_H
00000f02   RF1AIFCTL1
00000f02   RF1AIFCTL1_L
00000f03   RF1AIFCTL1_H
00000f04   RF1AIFCTL2
00000f04   RF1AIFCTL2_L
00000f05   RF1AIFCTL2_H
00000f06   RF1AIFERR
00000f06   RF1AIFERR_L
00000f07   RF1AIFERR_H
00000f0c   RF1AIFERRV
00000f0c   RF1AIFERRV_L
00000f0d   RF1AIFERRV_H
00000f0e   RF1AIFIV
00000f0e   RF1AIFIV_L
00000f0f   RF1AIFIV_H
00000f10   RF1AINSTRW
00000f10   RF1AINSTRW_L
00000f11   RF1AINSTRW_H
00000f12   RF1AINSTR1W
00000f12   RF1AINSTR1W_L
00000f13   RF1AINSTR1W_H
00000f14   RF1AINSTR2W
00000f14   RF1AINSTR2W_L
00000f15   RF1AINSTR2W_H
00000f16   RF1ADINW
00000f16   RF1ADINW_L
00000f17   RF1ADINW_H
00000f20   RF1ASTAT0W
00000f20   RF1ASTAT0W_L
00000f21   RF1ASTAT0W_H
00000f22   RF1ASTAT1W
00000f22   RF1ASTAT1W_L
00000f23   RF1ASTAT1W_H
00000f24   RF1ASTAT2W
00000f24   RF1ASTAT2W_L
00000f25   RF1ASTAT2W_H
00000f28   RF1ADOUT0W
00000f28   RF1ADOUT0W_L
00000f29   RF1ADOUT0W_H
00000f2a   RF1ADOUT1W
00000f2a   RF1ADOUT1W_L
00000f2b   RF1ADOUT1W_H
00000f2c   RF1ADOUT2W
00000f2c   RF1ADOUT2W_L
00000f2d   RF1ADOUT2W_H
00000f30   RF1AIN
00000f30   RF1AIN_L
00000f31   RF1AIN_H
00000f32   RF1AIFG
00000f32   RF1AIFG_L
00000f33   RF1AIFG_H
00000f34   RF1AIES
00000f34   RF1AIES_L
00000f35   RF1AIES_H
00000f36   RF1AIE
00000f36   RF1AIE_L
00000f37   RF1AIE_H
00000f38   RF1AIV
00000f38   RF1AIV_L
00000f39   RF1AIV_H
00000f3c   RF1ARXFIFO
00000f3c   RF1ARXFIFO_L
00000f3d   RF1ARXFIFO_H
00000f3e   RF1ATXFIFO
00000f3e   RF1ATXFIFO_L
00000f3f   RF1ATXFIFO_H
00001c00   .bss
00001c00   Button_Up_Data
00001c00   __bss__
00001cc0   Up_Buttons
00001cc2   Button_Down_Data
00001d82   Down_Buttons
00001d83   Button_Delay
00001d84   Button_Repeat
00001d85   Emulation_Mode
00001d86   ChronicRF
00001dd6   Chronic_PA_Table
00001e64   display
00001e66   segments_lcdmem
00001eba   int_to_array_str
00001ec2   sRFsmpl
00001ec8   simpliciti_flag
00001eca   simpliciti_data
00001eea   simpliciti_ed_address
00001eee   simpliciti_payload_length
00001eef   simpliciti_reply_count
00001ef0   burst_mode
00001ef2   burst_start
00001ef4   burst_end
00001ef6   burst_packet
00001f08   burst_packet_index
00001f0a   p
00001f4e   ps_ok
00001fa9   sInit_done
00001faa   BRRX__TXCB_t
00001fc6   sBlueRobin
00001fe0   sys
00001fe2   request
00001fe4   message
00001fe6   fptr_lcd_function_line1
00001fea   fptr_lcd_function_line2
00001fee   rf_frequoffset
00001ff0   sAlt
00001ffe   sTime
0000200c   sStopwatch
00002020   BRRX__PowerdownDelay_u8
00002021   BRRX__SignalLevelReduction
00002022   BRRX__MaxSearchTries_u8
00002023   BRRX__SearchRatio_u8
00002024   BRRX__TestMode_u8
00002026   BRRX__PacketBits_t
00002030   sAccel
0000204e   button
00002050   sButton
00002061   rfBSL_button_confirmation
0000206b   as_ok
0000206c   BRRX__NextEventTime_u16
0000206e   BRRX__NextEndTime_u16
00002070   BRRX__NextFrequency_u8
00002071   BRRX__NextFrequencyOffset_s8
00002072   BRRX__TimerState_t
00002074   sBatt
0000207c   sBuzzer
00002084   _lock
00002088   _unlock
0000208c   __TI_cleanup_ptr
00002090   __TI_dtors_ptr
00002094   fptr_Timer0_A3_function
00002098   sTimer
000020a0   brrx_packet_end_cap_value
000020a2   sDate
000020a8   sTemp
000020ae   BRRX__StatusFlags_t
000020b0   BRRX__CurrentPacketTime_u16
000020b2   BRRX__CurrentSignalLevel_u8
000020b8   sAlarm
000020bc   ptrMenu_L2
000020be   ptrMenu_L1
000020c0   adc12_result
000020c2   adc12_data_ready
000020c7   __end__
000020c7   end
00002bac   _stack
00002bfc   __STACK_END
00008000   .text
00008000   __text__
00008000   simpliciti_sync_decode_ap_cmd_callback
00008406   set_value
00008618   PORT2_ISR
000087fe   TIMER0_A0_ISR
000089de   mx_time
00008bb2   WriteRfSettings
00008d58   MRFI_Init
00008ef2   mx_date
00009086   test_mode
000091e4   display_time
00009484   SMPL_Link
00009484   nwk_link
000095cc   __fs_sub
000095d2   __fs_add
000096fc   wakeup_event
00009822   display_stopwatch
0000993e   chronic_tx
00009a36   nwk_join
00009c20   display_update
00009d12   mx_alarm
00009e04   stopwatch_tick
00009eee   nwk_QfindOldest
00009fca   nwk_allocateLocalRxPort
0000a09c   display_chars
0000a16a   int_to_array
0000a236   MRFI_Transmit
0000a2fc   init_application
0000a3bc   simpliciti_sync_get_data_callback
0000a47c   display_date
0000a53a   do_tx
0000a5f4   display_alarm
0000a6ac   __fs_mpy
0000a762   simpliciti_link
0000a810   SMPL_Ioctl
0000a8b8   simpliciti_main_sync
0000a95a   nwk_retrieveFrame
0000a9f6   Strobe
0000aa8e   __fs_div
0000aba8   nwk_isConnectionValid
0000ac34   read_calibration_values
0000acc0   start_simpliciti_sync
0000ad4c   nwk_buildFrame
0000add6   config_doorbell
0000ae5c   get_numberOfDays
0000aede   nwk_nwkInit
0000af60   nwk_sendAckReply
0000afdc   TIMER0_A1_5_ISR
0000b056   nwk_QfindSlot
0000b0cc   mrfiRadioInterfaceCmdStrobe
0000b140   display_char
0000b1b2   battery_measurement
0000b220   adc12_single_conversion
0000b2f0   SMPL_SendOpt
0000b356   MRFI_RadioIsr
0000b3b8   Timer0_A4_Delay
0000b41a   WriteBurstPATable
0000b478   init_global_variables
0000b4d6   clock_tick
0000b532   display_battery_V
0000b58e   nwk_radioControl
0000b5e8   __divul
0000b5e8   __remul
0000b640   write_lcd_mem
0000b698   clear_line
0000b6ee   nwk_rawSend
0000b740   add_day
0000b78c   button_repeat_function
0000b7d8   __fs_toul
0000b824   sx_rfbsl
0000b870   __fs_cmp
0000b8ba   toggle_buzzer
0000b904   SMPL_Receive
0000b94c   _auto_init
0000b994   start_buzzer
0000b9dc   SetVCoreUp
0000ba22   WriteBurstReg
0000ba68   display_hours
0000baae   __fs_tou
0000baf4   mrfiRadioInterfaceReadReg
0000bb7c   __divli
0000bb7c   __remli
0000bbfa   L_LSL_15
0000bbfe   L_LSL_14
0000bc02   L_LSL_13
0000bc06   L_LSL_12
0000bc0a   L_LSL_11
0000bc0e   L_LSL_10
0000bc12   L_LSL_9
0000bc16   L_LSL_8
0000bc1a   L_LSL_7
0000bc1e   L_LSL_6
0000bc22   L_LSL_5
0000bc26   L_LSL_4
0000bc2a   L_LSL_3
0000bc2e   L_LSL_2
0000bc32   L_LSL_1
0000bc38   nwk_findPeer
0000bc74   nwk_getNextConnection
0000bcb0   nwk_isLinkDuplicate
0000bcec   update_stopwatch_timer
0000bd28   WriteSingleReg
0000bd62   MRFI_ReplyDelay
0000bdd2   main
0000be0a   mrfiRadioInterfaceWriteReg
0000be40   mrfiRadioInterfaceWriteTxFifo
0000be76   nwk_processMgmt
0000beac   __fs_itof
0000bee2   mrfiRadioInterfaceReadRxFifo
0000bf14   radio_reset
0000bf46   __fs_ultof
0000bf78   sx_alarm
0000bfaa   nwk_isValidReply
0000bfda   nwk_linkInit
0000c00a   nwk_rawReceive
0000c03a   nwk_sendFrame
0000c06a   nwk_QadjustOrder
0000c0c4   SMPL_Init
0000c0f0   __divi
0000c0f0   __remi
0000c146   Timer0_A3_Start
0000c170   _c_int00
0000c170   _c_int00_noexit
0000c19a   lcd_init
0000c1c4   display_doorbell
0000c214   nwk_getConnInfo
0000c23c   nwk_joinInit
0000c264   MRFI_Sleep
0000c28a   SetVCore
0000c2b0   SetVCoreDown
0000c2d6   display_rfbsl
0000c322   init_buttons
0000c348   nwk_checkConnInfo
0000c36e   nwk_globalsInit
0000c394   MRFI_SetRxAddrFilter
0000c3b8   nwk_processPing
0000c3dc   __fs_utof
0000c400   BSP_Delay
0000c422   MRFI_WakeUp
0000c444   display_value
0000c466   memcmp
0000c488   nwk_processLink
0000c4aa   process_requests
0000c4cc   __mpyl_f5hw
0000c4ee   start_stopwatch
0000c510   MRFI_EnableRxAddrFilter
0000c530   MRFI_RxCompleteISR
0000c550   MRFI_RxIdle
0000c570   MRFI_RxOn
0000c5b0   radio_ISR
0000c5d0   nwk_frameInit
0000c5f0   reset_clock
0000c610   reset_stopwatch
0000c630   stop_buzzer
0000c650   MRFI_SetLogicalChannel
0000c66e   display_symbol
0000c68c   memmove
0000c6aa   nwk_setMyAddress
0000c6c8   sx_sync
0000c6e6   MRFI_SetRFPwr
0000c71e   check_alarm
0000c73a   clear_display_all
0000c756   display_am_pm_symbol
0000c772   nwk_QInit
0000c78e   nwk_putNumObjectIntoMsg
0000c7c4   __mpyul_f5hw
0000c7de   ADC12ISR
0000c7f8   nwk_deviceAddress
0000c812   stop_stopwatch
0000c82c   ReadSingleReg
0000c844   chronic_config_rf
0000c85c   convert_hour_to_12H_format
0000c874   display_all_on
0000c88c   nwk_processJoin
0000c8a4   reset_alarm
0000c8bc   MRFI_RandomByte
0000c8e8   button_repeat_on
0000c8fe   display_selection_Timeformat1
0000c914   __divu
0000c914   __remu
0000c92a   __mpyi_f5hw
0000c940   sx_stopwatch
0000c956   Timer0_Init
0000c96a   countdown_buzzer
0000c97e   display_all_off
0000c992   display_sync
0000c9ba   is_stopwatch
0000c9ce   reset_date
0000c9e2   memcpy
0000c9f4   memset
0000ca06   nwk_getMyAddress
0000ca18   nwk_setJoinToken
0000ca2a   nwk_setLinkToken
0000ca3c   open_radio
0000ca4e   reset_batt_measurement
0000ca60   BSP_InitBoard
0000ca70   MRFI_DelayMs
0000ca80   ResetRadioCore
0000ca90   close_radio
0000caa0   radio_powerdown
0000cab0   is_hour_am
0000cabe   mx_stopwatch
0000cacc   set_blink_rate
0000cada   MRFI_PostKillSem
0000cae6   MRFI_Receive
0000caf2   Timer0_Stop
0000cafe   chronic_tx_down
0000cb0a   chronic_tx_up
0000cb16   clear_display
0000cb2e   idle_loop
0000cb3a   is_rf
0000cb46   nwk_getNumObjectFromMsg
0000cb52   nwk_setAPAddress
0000cb5e   update_alarm
0000cb6a   update_battery_voltage
0000cb76   update_stopwatch
0000cb82   button_repeat_off
0000cb8c   nwk_mgmtInit
0000cb96   nwk_pingInit
0000cba0   reset_buzzer
0000cbaa   reset_rf
0000cbb4   switch_seg
0000cbbe   update_date
0000cbc8   update_time
0000cbd2   Timer0_A3_Stop
0000cbda   Timer0_Start
0000cbe2   stop_alarm
0000cbea   to_lpm
0000cbf2   MRFI_GetRadioState
0000cbf8   clear_blink_mem
0000cbfe   nwk_freeConnection
0000cc04   nwk_getBCastAddress
0000cc0a   start_blink
0000cc10   stop_blink
0000cc16   _system_pre_init
0000cc1a   C$$EXIT
0000cc1a   abort
0000cc1e   nwk_NVObj
0000cc22   nwk_connectionControl
0000cc26   nwk_getMyRxType
0000cc2a   nwk_getProtocolVersion
0000cc2e   nwk_processFreq
0000cc32   nwk_processSecurity
0000cc36   _nop
0000cc38   dummy
0000cc3a   __etext__
0000cc3a   etext
0000cc3a   int_to_array_conversion_table
0000ce59   method
0000ce5a   menu_L2_Stopwatch
0000ce6c   menu_L1_Time
0000ce7e   menu_L1_Alarm
0000ce90   menu_L1_Doorbell
0000cea2   menu_L2_Date
0000ceb4   menu_L2_Battery
0000cec6   menu_L2_Sync
0000ced8   menu_L2_RFBSL
0000cf6a   mrfiRadioCfg
0000cfaa   lcd_font
0000cfd6   segments_bitmask
0000d022   selection_Timeformat
0000d02a   mrfiBroadcastAddr
0000d032   BRRX__First_TXCB_t
0000d034   BRRX__Last_TXCB_t
0000d03a   __cinit__
0000d03a   cinit
0000ffe0   __TI_int48
0000ffea   __TI_int53
0000ffec   __TI_int54
0000ffee   __TI_int55
0000fff0   __TI_int56
0000fffe   _reset_vector
ffffffff   __binit__
ffffffff   __c_args__
ffffffff   __pinit__
ffffffff   binit
ffffffff   pinit

[1069 symbols]
