******************************************************************************
                  MSP430 Linker Unix v4.1.2                    
******************************************************************************
>> Linked Mon Mar 11 12:21:43 2013

OUTPUT FILE NAME:   <ChronIC_433MHz.out>
ENTRY POINT SYMBOL: "_c_int00"  address: 0000bf3c


MEMORY CONFIGURATION

         name            origin    length      used     unused   attr    fill
----------------------  --------  ---------  --------  --------  ----  --------
  SFR                   00000000   00000010  00000000  00000010  RWIX
  PERIPHERALS_8BIT      00000010   000000f0  00000000  000000f0  RWIX
  PERIPHERALS_16BIT     00000100   00000100  00000000  00000100  RWIX
  INFOD                 00001800   00000080  00000000  00000080  RWIX
  INFOC                 00001880   00000080  00000000  00000080  RWIX
  INFOB                 00001900   00000080  00000000  00000080  RWIX
  INFOA                 00001980   00000080  00000000  00000080  RWIX
  RAM                   00001c00   00000ffe  0000044f  00000baf  RWIX
  FLASH                 00008000   00007f80  00004f6d  00003013  RWIX
  INT00                 0000ff80   00000002  00000000  00000002  RWIX
  INT01                 0000ff82   00000002  00000000  00000002  RWIX
  INT02                 0000ff84   00000002  00000000  00000002  RWIX
  INT03                 0000ff86   00000002  00000000  00000002  RWIX
  INT04                 0000ff88   00000002  00000000  00000002  RWIX
  INT05                 0000ff8a   00000002  00000000  00000002  RWIX
  INT06                 0000ff8c   00000002  00000000  00000002  RWIX
  INT07                 0000ff8e   00000002  00000000  00000002  RWIX
  INT08                 0000ff90   00000002  00000000  00000002  RWIX
  INT09                 0000ff92   00000002  00000000  00000002  RWIX
  INT10                 0000ff94   00000002  00000000  00000002  RWIX
  INT11                 0000ff96   00000002  00000000  00000002  RWIX
  INT12                 0000ff98   00000002  00000000  00000002  RWIX
  INT13                 0000ff9a   00000002  00000000  00000002  RWIX
  INT14                 0000ff9c   00000002  00000000  00000002  RWIX
  INT15                 0000ff9e   00000002  00000000  00000002  RWIX
  INT16                 0000ffa0   00000002  00000000  00000002  RWIX
  INT17                 0000ffa2   00000002  00000000  00000002  RWIX
  INT18                 0000ffa4   00000002  00000000  00000002  RWIX
  INT19                 0000ffa6   00000002  00000000  00000002  RWIX
  INT20                 0000ffa8   00000002  00000000  00000002  RWIX
  INT21                 0000ffaa   00000002  00000000  00000002  RWIX
  INT22                 0000ffac   00000002  00000000  00000002  RWIX
  INT23                 0000ffae   00000002  00000000  00000002  RWIX
  INT24                 0000ffb0   00000002  00000000  00000002  RWIX
  INT25                 0000ffb2   00000002  00000000  00000002  RWIX
  INT26                 0000ffb4   00000002  00000000  00000002  RWIX
  INT27                 0000ffb6   00000002  00000000  00000002  RWIX
  INT28                 0000ffb8   00000002  00000000  00000002  RWIX
  INT29                 0000ffba   00000002  00000000  00000002  RWIX
  INT30                 0000ffbc   00000002  00000000  00000002  RWIX
  INT31                 0000ffbe   00000002  00000000  00000002  RWIX
  INT32                 0000ffc0   00000002  00000000  00000002  RWIX
  INT33                 0000ffc2   00000002  00000000  00000002  RWIX
  INT34                 0000ffc4   00000002  00000000  00000002  RWIX
  INT35                 0000ffc6   00000002  00000000  00000002  RWIX
  INT36                 0000ffc8   00000002  00000000  00000002  RWIX
  INT37                 0000ffca   00000002  00000000  00000002  RWIX
  INT38                 0000ffcc   00000002  00000000  00000002  RWIX
  INT39                 0000ffce   00000002  00000000  00000002  RWIX
  INT40                 0000ffd0   00000002  00000000  00000002  RWIX
  INT41                 0000ffd2   00000002  00000000  00000002  RWIX
  INT42                 0000ffd4   00000002  00000000  00000002  RWIX
  INT43                 0000ffd6   00000002  00000000  00000002  RWIX
  INT44                 0000ffd8   00000002  00000000  00000002  RWIX
  INT45                 0000ffda   00000002  00000000  00000002  RWIX
  INT46                 0000ffdc   00000002  00000000  00000002  RWIX
  INT47                 0000ffde   00000002  00000000  00000002  RWIX
  INT48                 0000ffe0   00000002  00000002  00000000  RWIX
  INT49                 0000ffe2   00000002  00000000  00000002  RWIX
  INT50                 0000ffe4   00000002  00000000  00000002  RWIX
  INT51                 0000ffe6   00000002  00000000  00000002  RWIX
  INT52                 0000ffe8   00000002  00000000  00000002  RWIX
  INT53                 0000ffea   00000002  00000002  00000000  RWIX
  INT54                 0000ffec   00000002  00000002  00000000  RWIX
  INT55                 0000ffee   00000002  00000002  00000000  RWIX
  INT56                 0000fff0   00000002  00000002  00000000  RWIX
  INT57                 0000fff2   00000002  00000000  00000002  RWIX
  INT58                 0000fff4   00000002  00000000  00000002  RWIX
  INT59                 0000fff6   00000002  00000000  00000002  RWIX
  INT60                 0000fff8   00000002  00000000  00000002  RWIX
  INT61                 0000fffa   00000002  00000000  00000002  RWIX
  INT62                 0000fffc   00000002  00000000  00000002  RWIX
  RESET                 0000fffe   00000002  00000002  00000000  RWIX


SECTION ALLOCATION MAP

 output                                  attributes/
section   page    origin      length       input sections
--------  ----  ----------  ----------   ----------------
.pinit     0    00008000    00000000     UNINITIALIZED

.bss       0    00001c00    000003ff     UNINITIALIZED
                  00001c00    000001d8     chronic.obj (.bss)
                  00001dd8    0000008c     nwk_QMgmt.obj (.bss)
                  00001e64    0000005e     display.obj (.bss)
                  00001ec2    00000048     rfsimpliciti.obj (.bss)
                  00001f0a    0000003c     mrfi.obj (.bss)
                  00001f46    0000001d     nwk.obj (.bss)
                  00001f63    00000001     main_ED_BM.obj (.bss)
                  00001f64    0000000f     main.obj (.bss)
                  00001f73    00000001     nwk_api.obj (.bss)
                  00001f74    0000000e     clock.obj (.bss)
                  00001f82    0000000e     stopwatch.obj (.bss)
                  00001f90    0000000a     nwk_frame.obj (.bss)
                  00001f9a    0000000a     nwk_link.obj (.bss)
                  00001fa4    0000000a     ports.obj (.bss)
                  00001fae    00000009     nwk_globals.obj (.bss)
                  00001fb7    00000001     nwk_ping.obj (.bss)
                  00001fb8    00000009     nwk_join.obj (.bss)
                  00001fc1    00000001     rfbsl.obj (.bss)
                  00001fc2    00000008     battery.obj (.bss)
                  00001fca    00000008     buzzer.obj (.bss)
                  00001fd2    00000008     rts430x.lib : _lock.obj (.bss)
                  00001fda    00000008                 : boot.obj (.bss)
                  00001fe2    00000007     timer.obj (.bss)
                  00001fe9    00000001     --HOLE--
                  00001fea    00000006     date.obj (.bss)
                  00001ff0    00000004     alarm.obj (.bss)
                  00001ff4    00000004     menu.obj (.bss)
                  00001ff8    00000003     adc12.obj (.bss)
                  00001ffb    00000001     --HOLE--
                  00001ffc    00000003     nwk_mgmt.obj (.bss)

.stack     0    00002bac    00000050     UNINITIALIZED
                  00002bac    00000002     rts430x.lib : boot.obj (.stack)
                  00002bae    0000004e     --HOLE--

.text      0    00008000    0000499e     
                  00008000    00000416     rfsimpliciti.obj (.text:simpliciti_sync_decode_ap_cmd_callback)
                  00008416    00000212     user.obj (.text:set_value)
                  00008628    000001ea     clock.obj (.text:mx_time)
                  00008812    000001e6     ports.obj (.text:_isr:PORT2_ISR)
                  000089f8    000001d6     timer.obj (.text:_isr:TIMER0_A0_ISR)
                  00008bce    000001d2     date.obj (.text:mx_date)
                  00008da0    000001a6     chronic.obj (.text:WriteRfSettings)
                  00008f46    00000196     mrfi.obj (.text:MRFI_Init)
                  000090dc    0000016a     test.obj (.text:test_mode)
                  00009246    00000160     clock.obj (.text:display_time)
                  000093a6    0000014e     nwk_link.obj (.text:nwk_link)
                  000094f4    0000014c     nwk_link.obj (.text:smpl_send_link_reply$29)
                  00009640    0000012a     main.obj (.text:wakeup_event)
                  0000976a    00000126     stopwatch.obj (.text:display_stopwatch)
                  00009890    00000116     main.obj (.text:display_update)
                  000099a6    000000f6     nwk_join.obj (.text:nwk_join)
                  00009a9c    000000f2     mrfi.obj (.text:Mrfi_SyncPinRxIsr$20)
                  00009b8e    000000f2     chronic.obj (.text:chronic_tx)
                  00009c80    000000f0     alarm.obj (.text:mx_alarm)
                  00009d70    000000f0     stopwatch.obj (.text:stopwatch_tick)
                  00009e60    000000dc     nwk_QMgmt.obj (.text:nwk_QfindOldest)
                  00009f3c    000000d4     display.obj (.text:display_chars)
                  0000a010    000000d2     nwk.obj (.text:nwk_allocateLocalRxPort)
                  0000a0e2    000000ca     date.obj (.text:display_date)
                  0000a1ac    000000c6     mrfi.obj (.text:MRFI_Transmit)
                  0000a272    000000c4     alarm.obj (.text:display_alarm)
                  0000a336    000000c4     display.obj (.text:int_to_array)
                  0000a3fa    000000c0     main.obj (.text:init_application)
                  0000a4ba    000000c0     rfsimpliciti.obj (.text:simpliciti_sync_get_data_callback)
                  0000a57a    000000ba     chronic.obj (.text:do_tx)
                  0000a634    000000b4     main_ED_BM.obj (.text:simpliciti_link)
                  0000a6e8    000000b2     nwk_api.obj (.text:SMPL_Ioctl)
                  0000a79a    000000a2     main_ED_BM.obj (.text:simpliciti_main_sync)
                  0000a83c    0000009c     nwk_frame.obj (.text:nwk_retrieveFrame)
                  0000a8d8    00000096     rf1a.obj (.text:Strobe)
                  0000a96e    0000008e     main.obj (.text:read_calibration_values)
                  0000a9fc    0000008c     nwk_frame.obj (.text:dispatchFrame$22)
                  0000aa88    0000008c     nwk.obj (.text:nwk_isConnectionValid)
                  0000ab14    0000008c     rfsimpliciti.obj (.text:start_simpliciti_sync)
                  0000aba0    0000008a     nwk_frame.obj (.text:nwk_buildFrame)
                  0000ac2a    00000088     chronic.obj (.text:config_ruku)
                  0000acb2    00000082     date.obj (.text:get_numberOfDays)
                  0000ad34    00000082     nwk.obj (.text:nwk_nwkInit)
                  0000adb6    0000007e     chronic.obj (.text:config_doorbell)
                  0000ae34    0000007c     nwk_frame.obj (.text:nwk_sendAckReply)
                  0000aeb0    0000007a     timer.obj (.text:_isr:TIMER0_A1_5_ISR)
                  0000af2a    00000076     nwk_QMgmt.obj (.text:nwk_QfindSlot)
                  0000afa0    00000072     display.obj (.text:display_char)
                  0000b012    00000072     mrfi.obj (.text:mrfiRadioInterfaceCmdStrobe)
                  0000b084    00000068     battery.obj (.text:battery_measurement)
                  0000b0ec    00000068     nwk_link.obj (.text:smpl_send_unlink_reply$29)
                  0000b154    00000066     nwk_api.obj (.text:SMPL_SendOpt)
                  0000b1ba    00000062     mrfi.obj (.text:MRFI_RadioIsr)
                  0000b21c    00000060     timer.obj (.text:Timer0_A4_Delay)
                  0000b27c    0000005e     battery.obj (.text:display_battery_V)
                  0000b2da    0000005e     main.obj (.text:init_global_variables)
                  0000b338    0000005e     display.obj (.text:write_lcd_mem)
                  0000b396    0000005c     chronic.obj (.text:WriteBurstPATable)
                  0000b3f2    0000005c     clock.obj (.text:clock_tick)
                  0000b44e    0000005a     display.obj (.text:clear_line)
                  0000b4a8    0000005a     nwk_ioctl.obj (.text:nwk_radioControl)
                  0000b502    00000058     adc12.obj (.text:adc12_single_conversion)
                  0000b55a    00000058     rts430x.lib : div32u.obj (.text)
                  0000b5b2    00000052     nwk_ioctl.obj (.text:nwk_rawSend)
                  0000b604    0000004c     date.obj (.text:add_day)
                  0000b650    0000004c     ports.obj (.text:button_repeat_function)
                  0000b69c    0000004c     rfbsl.obj (.text:sx_rfbsl)
                  0000b6e8    0000004a     buzzer.obj (.text:toggle_buzzer)
                  0000b732    00000048     nwk_api.obj (.text:SMPL_Receive)
                  0000b77a    00000048     buzzer.obj (.text:start_buzzer)
                  0000b7c2    00000046     pmm.obj (.text:SetVCoreUp)
                  0000b808    00000046     rts430x.lib : autoinit.obj (.text:_auto_init)
                  0000b84e    00000046     display.obj (.text:display_hours)
                  0000b894    00000046     mrfi.obj (.text:mrfiRadioInterfaceReadReg)
                  0000b8da    00000044     nwk_ping.obj (.text:smpl_send_ping_reply$27)
                  0000b91e    00000040     rts430x.lib : div32s.obj (.text)
                  0000b95e    0000003e     mrfi.obj (.text:Mrfi_RxAddrIsFiltered$20)
                  0000b99c    0000003e     rts430x.lib : lsl32.obj (.text:l_lsl_const)
                  0000b9da    0000003c     rf1a.obj (.text:WriteBurstReg)
                  0000ba16    0000003c     nwk.obj (.text:nwk_findPeer)
                  0000ba52    0000003c     nwk.obj (.text:nwk_getNextConnection)
                  0000ba8e    0000003c     nwk.obj (.text:nwk_isLinkDuplicate)
                  0000baca    0000003c     stopwatch.obj (.text:update_stopwatch_timer)
                  0000bb06    00000038     rf1a.obj (.text:WriteSingleReg)
                  0000bb3e    00000038     nwk.obj (.text:initializeConnection$25)
                  0000bb76    00000038     main.obj (.text:main)
                  0000bbae    00000036     nwk_mgmt.obj (.text:nwk_processMgmt)
                  0000bbe4    00000034     mrfi.obj (.text:MRFI_ReplyDelay)
                  0000bc18    00000034     mrfi.obj (.text:mrfiRadioInterfaceWriteReg)
                  0000bc4c    00000034     mrfi.obj (.text:mrfiRadioInterfaceWriteTxFifo)
                  0000bc80    00000032     radio.obj (.text:radio_reset)
                  0000bcb2    00000032     alarm.obj (.text:sx_alarm)
                  0000bce4    00000030     chronic.obj (.text:display_doorbell)
                  0000bd14    00000030     chronic.obj (.text:display_ruku)
                  0000bd44    00000030     mrfi.obj (.text:mrfiRadioInterfaceReadRxFifo)
                  0000bd74    00000030     nwk.obj (.text:nwk_isValidReply)
                  0000bda4    00000030     nwk_link.obj (.text:nwk_linkInit)
                  0000bdd4    00000030     nwk_ioctl.obj (.text:nwk_rawReceive)
                  0000be04    00000030     nwk_frame.obj (.text:nwk_sendFrame)
                  0000be34    0000002e     mrfi.obj (.text:Mrfi_CalculateRssi$20)
                  0000be62    0000002c     mrfi.obj (.text:Mrfi_RxModeOff$20)
                  0000be8e    0000002c     nwk_api.obj (.text:SMPL_Init)
                  0000beba    0000002c     nwk_QMgmt.obj (.text:nwk_QadjustOrder)
                  0000bee6    0000002c     rts430x.lib : div16s.obj (.text)
                  0000bf12    0000002a     timer.obj (.text:Timer0_A3_Start)
                  0000bf3c    0000002a     rts430x.lib : boot.obj (.text:_isr:_c_int00_noexit)
                  0000bf66    0000002a     rfbsl.obj (.text:display_rfbsl)
                  0000bf90    0000002a     display.obj (.text:lcd_init)
                  0000bfba    00000028     nwk.obj (.text:map_lid2idx$25)
                  0000bfe2    00000028     nwk.obj (.text:nwk_getConnInfo)
                  0000c00a    00000028     nwk_join.obj (.text:nwk_joinInit)
                  0000c032    00000026     pmm.obj (.text:SetVCore)
                  0000c058    00000026     pmm.obj (.text:SetVCoreDown)
                  0000c07e    00000026     nwk_link.obj (.text:handleLinkRequest$29)
                  0000c0a4    00000026     ports.obj (.text:init_buttons)
                  0000c0ca    00000026     nwk.obj (.text:nwk_checkConnInfo)
                  0000c0f0    00000026     nwk_globals.obj (.text:nwk_globalsInit)
                  0000c116    00000024     mrfi.obj (.text:MRFI_SetRxAddrFilter)
                  0000c13a    00000024     mrfi.obj (.text:MRFI_Sleep)
                  0000c15e    00000024     rts430x.lib : memcmp.obj (.text:memcmp)
                  0000c182    00000024     nwk_ping.obj (.text:nwk_processPing)
                  0000c1a6    00000022     bsp.obj (.text:BSP_Delay)
                  0000c1c8    00000022     mrfi.obj (.text:MRFI_WakeUp)
                  0000c1ea    00000022     display.obj (.text:display_value)
                  0000c20c    00000022     nwk_link.obj (.text:nwk_processLink)
                  0000c22e    00000022     main.obj (.text:process_requests)
                  0000c250    00000022     stopwatch.obj (.text:start_stopwatch)
                  0000c272    00000020     mrfi.obj (.text:MRFI_EnableRxAddrFilter)
                  0000c292    00000020     nwk_frame.obj (.text:MRFI_RxCompleteISR)
                  0000c2b2    00000020     mrfi.obj (.text:MRFI_RxIdle)
                  0000c2d2    00000020     mrfi.obj (.text:MRFI_RxOn)
                  0000c2f2    00000020     radio.obj (.text:_isr:radio_ISR)
                  0000c312    00000020     nwk_frame.obj (.text:nwk_frameInit)
                  0000c332    00000020     clock.obj (.text:reset_clock)
                  0000c352    00000020     stopwatch.obj (.text:reset_stopwatch)
                  0000c372    00000020     buzzer.obj (.text:stop_buzzer)
                  0000c392    0000001e     mrfi.obj (.text:MRFI_SetLogicalChannel)
                  0000c3b0    0000001e     mrfi.obj (.text:Mrfi_DelayUsecSem$20)
                  0000c3ce    0000001e     display.obj (.text:display_am_pm_symbol)
                  0000c3ec    0000001e     display.obj (.text:display_symbol)
                  0000c40a    0000001e     rts430x.lib : memmov.obj (.text:memmove)
                  0000c428    0000001e     nwk_globals.obj (.text:nwk_setMyAddress)
                  0000c446    0000001e     rfsimpliciti.obj (.text:sx_sync)
                  0000c464    0000001c     mrfi.obj (.text:MRFI_SetRFPwr)
                  0000c480    0000001c     alarm.obj (.text:check_alarm)
                  0000c49c    0000001c     display.obj (.text:clear_display_all)
                  0000c4b8    0000001c     nwk_QMgmt.obj (.text:nwk_QInit)
                  0000c4d4    0000001c     nwk_ioctl.obj (.text:nwk_deviceAddress)
                  0000c4f0    0000001c     nwk.obj (.text:nwk_putNumObjectIntoMsg)
                  0000c50c    0000001a     mrfi.obj (.text:Mrfi_DelayUsec$20)
                  0000c526    0000001a     mrfi.obj (.text:Mrfi_RandomBackoffDelay$20)
                  0000c540    0000001a     rts430x.lib : mult1632_f5hw.obj (.text:__mpyul)
                  0000c55a    0000001a     adc12.obj (.text:_isr:ADC12ISR)
                  0000c574    0000001a     stopwatch.obj (.text:stop_stopwatch)
                  0000c58e    00000018     chronic.obj (.text:chronic_config_rf)
                  0000c5a6    00000018     clock.obj (.text:convert_hour_to_12H_format)
                  0000c5be    00000018     test.obj (.text:display_all_on)
                  0000c5d6    00000018     nwk_join.obj (.text:nwk_processJoin)
                  0000c5ee    00000018     alarm.obj (.text:reset_alarm)
                  0000c606    00000016     mrfi.obj (.text:MRFI_RandomByte)
                  0000c61c    00000016     mrfi.obj (.text:Mrfi_RxModeOn$20)
                  0000c632    00000016     rf1a.obj (.text:ReadSingleReg)
                  0000c648    00000016     ports.obj (.text:button_repeat_on)
                  0000c65e    00000016     clock.obj (.text:display_selection_Timeformat1)
                  0000c674    00000016     rts430x.lib : div16u.obj (.text)
                  0000c68a    00000016                 : mult16_f5hw.obj (.text)
                  0000c6a0    00000016     stopwatch.obj (.text:sx_stopwatch)
                  0000c6b6    00000014     timer.obj (.text:Timer0_Init)
                  0000c6ca    00000014     buzzer.obj (.text:countdown_buzzer)
                  0000c6de    00000014     test.obj (.text:display_all_off)
                  0000c6f2    00000014     rfsimpliciti.obj (.text:display_sync)
                  0000c706    00000014     nwk_api.obj (.text:ioctlPreInitAccessIsOK$23)
                  0000c71a    00000014     stopwatch.obj (.text:is_stopwatch)
                  0000c72e    00000014     date.obj (.text:reset_date)
                  0000c742    00000012     rts430x.lib : memcpy.obj (.text:memcpy)
                  0000c754    00000012                 : memset.obj (.text:memset)
                  0000c766    00000012     nwk_globals.obj (.text:nwk_getMyAddress)
                  0000c778    00000012     nwk_join.obj (.text:nwk_setJoinToken)
                  0000c78a    00000012     nwk_link.obj (.text:nwk_setLinkToken)
                  0000c79c    00000012     radio.obj (.text:open_radio)
                  0000c7ae    00000012     battery.obj (.text:reset_batt_measurement)
                  0000c7c0    00000010     bsp.obj (.text:BSP_InitBoard)
                  0000c7d0    00000010     mrfi.obj (.text:MRFI_DelayMs)
                  0000c7e0    00000010     rf1a.obj (.text:ResetRadioCore)
                  0000c7f0    00000010     radio.obj (.text:close_radio)
                  0000c800    00000010     radio.obj (.text:radio_powerdown)
                  0000c810    0000000e     clock.obj (.text:is_hour_am)
                  0000c81e    0000000e     stopwatch.obj (.text:mx_stopwatch)
                  0000c82c    0000000e     display.obj (.text:set_blink_rate)
                  0000c83a    0000000c     mrfi.obj (.text:MRFI_PostKillSem)
                  0000c846    0000000c     mrfi.obj (.text:MRFI_Receive)
                  0000c852    0000000c     timer.obj (.text:Timer0_Stop)
                  0000c85e    0000000c     chronic.obj (.text:chronic_tx_down)
                  0000c86a    0000000c     chronic.obj (.text:chronic_tx_up)
                  0000c876    0000000c     display.obj (.text:clear_display)
                  0000c882    0000000c     nwk_ping.obj (.text:handlePingRequest$27)
                  0000c88e    0000000c     main.obj (.text:idle_loop)
                  0000c89a    0000000c     rfsimpliciti.obj (.text:is_rf)
                  0000c8a6    0000000c     nwk.obj (.text:nwk_getNumObjectFromMsg)
                  0000c8b2    0000000c     nwk_globals.obj (.text:nwk_setAPAddress)
                  0000c8be    0000000c     display.obj (.text:switch_seg)
                  0000c8ca    0000000c     menu.obj (.text:update_alarm)
                  0000c8d6    0000000c     menu.obj (.text:update_battery_voltage)
                  0000c8e2    0000000c     menu.obj (.text:update_stopwatch)
                  0000c8ee    0000000a     ports.obj (.text:button_repeat_off)
                  0000c8f8    0000000a     nwk_mgmt.obj (.text:nwk_mgmtInit)
                  0000c902    0000000a     nwk_ping.obj (.text:nwk_pingInit)
                  0000c90c    0000000a     buzzer.obj (.text:reset_buzzer)
                  0000c916    0000000a     rfsimpliciti.obj (.text:reset_rf)
                  0000c920    0000000a     main.obj (.text:to_lpm)
                  0000c92a    0000000a     menu.obj (.text:update_date)
                  0000c934    0000000a     menu.obj (.text:update_time)
                  0000c93e    00000008     timer.obj (.text:Timer0_A3_Stop)
                  0000c946    00000008     timer.obj (.text:Timer0_Start)
                  0000c94e    00000008     alarm.obj (.text:stop_alarm)
                  0000c956    00000006     mrfi.obj (.text:MRFI_GetRadioState)
                  0000c95c    00000006     display.obj (.text:clear_blink_mem)
                  0000c962    00000006     nwk.obj (.text:nwk_freeConnection)
                  0000c968    00000006     nwk_globals.obj (.text:nwk_getBCastAddress)
                  0000c96e    00000006     display.obj (.text:start_blink)
                  0000c974    00000006     display.obj (.text:stop_blink)
                  0000c97a    00000004     rts430x.lib : pre_init.obj (.text:_system_pre_init)
                  0000c97e    00000004                 : exit.obj (.text:abort)
                  0000c982    00000004     nwk.obj (.text:nwk_NVObj)
                  0000c986    00000004     nwk_ioctl.obj (.text:nwk_connectionControl)
                  0000c98a    00000004     nwk_frame.obj (.text:nwk_getMyRxType)
                  0000c98e    00000004     nwk_globals.obj (.text:nwk_getProtocolVersion)
                  0000c992    00000004     nwk_freq.obj (.text:nwk_processFreq)
                  0000c996    00000004     nwk_security.obj (.text:nwk_processSecurity)
                  0000c99a    00000002     rts430x.lib : _lock.obj (.text:_nop)
                  0000c99c    00000002     user.obj (.text:dummy)

.const     0    0000c99e    0000041d     
                  0000c99e    0000021f     display.obj (.const:int_to_array_conversion_table)
                  0000cbbd    00000001     --HOLE-- [fill = 0]
                  0000cbbe    000000a2     menu.obj (.const)
                  0000cc60    0000008c     <whole-program> (.const:.string)
                  0000ccec    00000040     mrfi.obj (.const:mrfiRadioCfg)
                  0000cd2c    0000002b     display.obj (.const:.string:lcd_font)
                  0000cd57    00000001     --HOLE-- [fill = 0]
                  0000cd58    0000002a     display.obj (.const:.string:segments_bitmask)
                  0000cd82    00000018     nwk_frame.obj (.const:func$22)
                  0000cd9a    00000009     nwk_globals.obj (.const)
                  0000cda3    00000001     --HOLE-- [fill = 0]
                  0000cda4    00000008     clock.obj (.const:selection_Timeformat)
                  0000cdac    00000004     mrfi.obj (.const:.string:mrfiBroadcastAddr)
                  0000cdb0    00000004     mrfi.obj (.const:.string:mrfiLogicalChanTable$20)
                  0000cdb4    00000003     mrfi.obj (.const:.string:mrfiRFPowerTable$20)
                  0000cdb7    00000001     --HOLE-- [fill = 0]
                  0000cdb8    00000001     mrfi.obj (.const)
                  0000cdb9    00000001     --HOLE-- [fill = 0]
                  0000cdba    00000001     nwk_frame.obj (.const)

.cinit     0    0000cdbc    000001b2     
                  0000cdbc    000001af     <whole-program> (.cinit)
                  0000cf6b    00000001     --HOLE-- [fill = 0]
                  0000cf6c    00000002     (.pad.cinit) [fill = 0]

.int48     0    0000ffe0    00000002     
                  0000ffe0    00000002     <whole-program> (.int48)

.int53     0    0000ffea    00000002     
                  0000ffea    00000002     radio.obj (.int53)

.int54     0    0000ffec    00000002     
                  0000ffec    00000002     <whole-program> (.int54)

.int55     0    0000ffee    00000002     
                  0000ffee    00000002     <whole-program> (.int55)

.int56     0    0000fff0    00000002     
                  0000fff0    00000002     <whole-program> (.int56)

.reset     0    0000fffe    00000002     
                  0000fffe    00000002     rts430x.lib : boot.obj (.reset)


GLOBAL SYMBOLS: SORTED ALPHABETICALLY BY Name 

address    name
--------   ----
00001c00   .bss
00008000   .text
00000700   ADC12CTL0
00000701   ADC12CTL0_H
00000700   ADC12CTL0_L
00000702   ADC12CTL1
00000703   ADC12CTL1_H
00000702   ADC12CTL1_L
00000704   ADC12CTL2
00000705   ADC12CTL2_H
00000704   ADC12CTL2_L
0000070c   ADC12IE
0000070d   ADC12IE_H
0000070c   ADC12IE_L
0000070a   ADC12IFG
0000070b   ADC12IFG_H
0000070a   ADC12IFG_L
0000c55a   ADC12ISR
0000070e   ADC12IV
0000070f   ADC12IV_H
0000070e   ADC12IV_L
00000710   ADC12MCTL0
00000711   ADC12MCTL1
0000071a   ADC12MCTL10
0000071b   ADC12MCTL11
0000071c   ADC12MCTL12
0000071d   ADC12MCTL13
0000071e   ADC12MCTL14
0000071f   ADC12MCTL15
00000712   ADC12MCTL2
00000713   ADC12MCTL3
00000714   ADC12MCTL4
00000715   ADC12MCTL5
00000716   ADC12MCTL6
00000717   ADC12MCTL7
00000718   ADC12MCTL8
00000719   ADC12MCTL9
00000720   ADC12MEM0
00000721   ADC12MEM0_H
00000720   ADC12MEM0_L
00000722   ADC12MEM1
00000734   ADC12MEM10
00000735   ADC12MEM10_H
00000734   ADC12MEM10_L
00000736   ADC12MEM11
00000737   ADC12MEM11_H
00000736   ADC12MEM11_L
00000738   ADC12MEM12
00000739   ADC12MEM12_H
00000738   ADC12MEM12_L
0000073a   ADC12MEM13
0000073b   ADC12MEM13_H
0000073a   ADC12MEM13_L
0000073c   ADC12MEM14
0000073d   ADC12MEM14_H
0000073c   ADC12MEM14_L
0000073e   ADC12MEM15
0000073f   ADC12MEM15_H
0000073e   ADC12MEM15_L
00000723   ADC12MEM1_H
00000722   ADC12MEM1_L
00000724   ADC12MEM2
00000725   ADC12MEM2_H
00000724   ADC12MEM2_L
00000726   ADC12MEM3
00000727   ADC12MEM3_H
00000726   ADC12MEM3_L
00000728   ADC12MEM4
00000729   ADC12MEM4_H
00000728   ADC12MEM4_L
0000072a   ADC12MEM5
0000072b   ADC12MEM5_H
0000072a   ADC12MEM5_L
0000072c   ADC12MEM6
0000072d   ADC12MEM6_H
0000072c   ADC12MEM6_L
0000072e   ADC12MEM7
0000072f   ADC12MEM7_H
0000072e   ADC12MEM7_L
00000730   ADC12MEM8
00000731   ADC12MEM8_H
00000730   ADC12MEM8_L
00000732   ADC12MEM9
00000733   ADC12MEM9_H
00000732   ADC12MEM9_L
000009c0   AESACTL0
000009c1   AESACTL0_H
000009c0   AESACTL0_L
000009c8   AESADIN
000009c9   AESADIN_H
000009c8   AESADIN_L
000009ca   AESADOUT
000009cb   AESADOUT_H
000009ca   AESADOUT_L
000009c6   AESAKEY
000009c7   AESAKEY_H
000009c6   AESAKEY_L
000009c4   AESASTAT
000009c5   AESASTAT_H
000009c4   AESASTAT_L
0000c1a6   BSP_Delay
0000c7c0   BSP_InitBoard
00001d83   Button_Delay
00001cc2   Button_Down_Data
00001d84   Button_Repeat
00001c00   Button_Up_Data
0000c97e   C$$EXIT
000008c0   CBCTL0
000008c1   CBCTL0_H
000008c0   CBCTL0_L
000008c2   CBCTL1
000008c3   CBCTL1_H
000008c2   CBCTL1_L
000008c4   CBCTL2
000008c5   CBCTL2_H
000008c4   CBCTL2_L
000008c6   CBCTL3
000008c7   CBCTL3_H
000008c6   CBCTL3_L
000008cc   CBINT
000008cd   CBINT_H
000008cc   CBINT_L
000008ce   CBIV
00000150   CRCDI
00000152   CRCDIRB
00000153   CRCDIRB_H
00000152   CRCDIRB_L
00000151   CRCDI_H
00000150   CRCDI_L
00000154   CRCINIRES
00000155   CRCINIRES_H
00000154   CRCINIRES_L
00000156   CRCRESR
00000157   CRCRESR_H
00000156   CRCRESR_L
00001d86   ChronicRF
00001dd6   Chronic_PA_Table
00000510   DMA0CTL
00000511   DMA0CTL_H
00000510   DMA0CTL_L
00000516   DMA0DA
00000516   DMA0DAL
00000512   DMA0SA
00000512   DMA0SAL
0000051a   DMA0SZ
00000520   DMA1CTL
00000521   DMA1CTL_H
00000520   DMA1CTL_L
00000526   DMA1DA
00000526   DMA1DAL
00000522   DMA1SA
00000522   DMA1SAL
0000052a   DMA1SZ
00000530   DMA2CTL
00000531   DMA2CTL_H
00000530   DMA2CTL_L
00000536   DMA2DA
00000536   DMA2DAL
00000532   DMA2SA
00000532   DMA2SAL
0000053a   DMA2SZ
00000500   DMACTL0
00000501   DMACTL0_H
00000500   DMACTL0_L
00000502   DMACTL1
00000503   DMACTL1_H
00000502   DMACTL1_L
00000504   DMACTL2
00000505   DMACTL2_H
00000504   DMACTL2_L
00000506   DMACTL3
00000507   DMACTL3_H
00000506   DMACTL3_L
00000508   DMACTL4
00000509   DMACTL4_H
00000508   DMACTL4_L
0000050e   DMAIV
0000050f   DMAIV_H
0000050e   DMAIV_L
00001d82   Down_Buttons
00001d85   Emulation_Mode
00000140   FCTL1
00000141   FCTL1_H
00000140   FCTL1_L
00000144   FCTL3
00000145   FCTL3_H
00000144   FCTL3_L
00000146   FCTL4
00000147   FCTL4_H
00000146   FCTL4_L
00000a04   LCDBBLKCTL
00000a05   LCDBBLKCTL_H
00000a04   LCDBBLKCTL_L
00000a12   LCDBCPCTL
00000a13   LCDBCPCTL_H
00000a12   LCDBCPCTL_L
00000a00   LCDBCTL0
00000a01   LCDBCTL0_H
00000a00   LCDBCTL0_L
00000a02   LCDBCTL1
00000a03   LCDBCTL1_H
00000a02   LCDBCTL1_L
00000a1e   LCDBIV
00000a40   LCDBM1
00000a49   LCDBM10
00000a4a   LCDBM11
00000a4b   LCDBM12
00000a4c   LCDBM13
00000a4d   LCDBM14
00000a4e   LCDBM15
00000a4f   LCDBM16
00000a50   LCDBM17
00000a51   LCDBM18
00000a52   LCDBM19
00000a41   LCDBM2
00000a53   LCDBM20
00000a54   LCDBM21
00000a55   LCDBM22
00000a56   LCDBM23
00000a57   LCDBM24
00000a42   LCDBM3
00000a43   LCDBM4
00000a44   LCDBM5
00000a45   LCDBM6
00000a46   LCDBM7
00000a47   LCDBM8
00000a48   LCDBM9
00000a06   LCDBMEMCTL
00000a07   LCDBMEMCTL_H
00000a06   LCDBMEMCTL_L
00000a0a   LCDBPCTL0
00000a0b   LCDBPCTL0_H
00000a0a   LCDBPCTL0_L
00000a0c   LCDBPCTL1
00000a0d   LCDBPCTL1_H
00000a0c   LCDBPCTL1_L
00000a0e   LCDBPCTL2
00000a0f   LCDBPCTL2_H
00000a0e   LCDBPCTL2_L
00000a10   LCDBPCTL3
00000a11   LCDBPCTL3_H
00000a10   LCDBPCTL3_L
00000a08   LCDBVCTL
00000a09   LCDBVCTL_H
00000a08   LCDBVCTL_L
00000a20   LCDM1
00000a29   LCDM10
00000a2a   LCDM11
00000a2b   LCDM12
00000a2c   LCDM13
00000a2d   LCDM14
00000a2e   LCDM15
00000a2f   LCDM16
00000a30   LCDM17
00000a31   LCDM18
00000a32   LCDM19
00000a21   LCDM2
00000a33   LCDM20
00000a34   LCDM21
00000a35   LCDM22
00000a36   LCDM23
00000a37   LCDM24
00000a22   LCDM3
00000a23   LCDM4
00000a24   LCDM5
00000a25   LCDM6
00000a26   LCDM7
00000a27   LCDM8
00000a28   LCDM9
0000b9d4   L_LSL_1
0000b9b0   L_LSL_10
0000b9ac   L_LSL_11
0000b9a8   L_LSL_12
0000b9a4   L_LSL_13
0000b9a0   L_LSL_14
0000b99c   L_LSL_15
0000b9d0   L_LSL_2
0000b9cc   L_LSL_3
0000b9c8   L_LSL_4
0000b9c4   L_LSL_5
0000b9c0   L_LSL_6
0000b9bc   L_LSL_7
0000b9b8   L_LSL_8
0000b9b4   L_LSL_9
000004c4   MAC
000004da   MAC32H
000004db   MAC32H_H
000004da   MAC32H_L
000004d8   MAC32L
000004d9   MAC32L_H
000004d8   MAC32L_L
000004c6   MACS
000004de   MACS32H
000004df   MACS32H_H
000004de   MACS32H_L
000004dc   MACS32L
000004dd   MACS32L_H
000004dc   MACS32L_L
000004c7   MACS_H
000004c6   MACS_L
000004c5   MAC_H
000004c4   MAC_L
000004c0   MPY
000004ec   MPY32CTL0
000004ed   MPY32CTL0_H
000004ec   MPY32CTL0_L
000004d2   MPY32H
000004d3   MPY32H_H
000004d2   MPY32H_L
000004d0   MPY32L
000004d1   MPY32L_H
000004d0   MPY32L_L
000004c2   MPYS
000004d6   MPYS32H
000004d7   MPYS32H_H
000004d6   MPYS32H_L
000004d4   MPYS32L
000004d5   MPYS32L_H
000004d4   MPYS32L_L
000004c3   MPYS_H
000004c2   MPYS_L
000004c1   MPY_H
000004c0   MPY_L
0000c7d0   MRFI_DelayMs
0000c272   MRFI_EnableRxAddrFilter
0000c956   MRFI_GetRadioState
00008f46   MRFI_Init
0000c83a   MRFI_PostKillSem
0000b1ba   MRFI_RadioIsr
0000c606   MRFI_RandomByte
0000c846   MRFI_Receive
0000bbe4   MRFI_ReplyDelay
0000c292   MRFI_RxCompleteISR
0000c2b2   MRFI_RxIdle
0000c2d2   MRFI_RxOn
0000c392   MRFI_SetLogicalChannel
0000c464   MRFI_SetRFPwr
0000c116   MRFI_SetRxAddrFilter
0000c13a   MRFI_Sleep
0000a1ac   MRFI_Transmit
0000c1c8   MRFI_WakeUp
000004c8   OP2
000004e2   OP2H
000004e3   OP2H_H
000004e2   OP2H_L
000004e0   OP2L
000004e1   OP2L_H
000004e0   OP2L_L
000004c9   OP2_H
000004c8   OP2_L
0000020e   P1IV
000001c8   P1MAP01
000001c9   P1MAP01_H
000001c8   P1MAP01_L
000001ca   P1MAP23
000001cb   P1MAP23_H
000001ca   P1MAP23_L
000001cc   P1MAP45
000001cd   P1MAP45_H
000001cc   P1MAP45_L
000001ce   P1MAP67
000001cf   P1MAP67_H
000001ce   P1MAP67_L
0000021e   P2IV
000001d0   P2MAP01
000001d1   P2MAP01_H
000001d0   P2MAP01_L
000001d2   P2MAP23
000001d3   P2MAP23_H
000001d2   P2MAP23_L
000001d4   P2MAP45
000001d5   P2MAP45_H
000001d4   P2MAP45_L
000001d6   P2MAP67
000001d7   P2MAP67_H
000001d6   P2MAP67_L
000001d8   P3MAP01
000001d9   P3MAP01_H
000001d8   P3MAP01_L
000001da   P3MAP23
000001db   P3MAP23_H
000001da   P3MAP23_L
000001dc   P3MAP45
000001dd   P3MAP45_H
000001dc   P3MAP45_L
000001de   P3MAP67
000001df   P3MAP67_H
000001de   P3MAP67_L
00000204   PADIR
00000205   PADIR_H
00000204   PADIR_L
00000208   PADS
00000209   PADS_H
00000208   PADS_L
0000021a   PAIE
00000218   PAIES
00000219   PAIES_H
00000218   PAIES_L
0000021b   PAIE_H
0000021a   PAIE_L
0000021c   PAIFG
0000021d   PAIFG_H
0000021c   PAIFG_L
00000200   PAIN
00000201   PAIN_H
00000200   PAIN_L
00000202   PAOUT
00000203   PAOUT_H
00000202   PAOUT_L
00000206   PAREN
00000207   PAREN_H
00000206   PAREN_L
0000020a   PASEL
0000020b   PASEL_H
0000020a   PASEL_L
00000224   PBDIR
00000225   PBDIR_H
00000224   PBDIR_L
00000228   PBDS
00000229   PBDS_H
00000228   PBDS_L
00000220   PBIN
00000221   PBIN_H
00000220   PBIN_L
00000222   PBOUT
00000223   PBOUT_H
00000222   PBOUT_L
00000226   PBREN
00000227   PBREN_H
00000226   PBREN_L
0000022a   PBSEL
0000022b   PBSEL_H
0000022a   PBSEL_L
00000244   PCDIR
00000245   PCDIR_H
00000244   PCDIR_L
00000248   PCDS
00000249   PCDS_H
00000248   PCDS_L
00000240   PCIN
00000241   PCIN_H
00000240   PCIN_L
00000242   PCOUT
00000243   PCOUT_H
00000242   PCOUT_L
00000246   PCREN
00000247   PCREN_H
00000246   PCREN_L
0000024a   PCSEL
0000024b   PCSEL_H
0000024a   PCSEL_L
00000324   PJDIR
00000325   PJDIR_H
00000324   PJDIR_L
00000328   PJDS
00000329   PJDS_H
00000328   PJDS_L
00000320   PJIN
00000321   PJIN_H
00000320   PJIN_L
00000322   PJOUT
00000323   PJOUT_H
00000322   PJOUT_L
00000326   PJREN
00000327   PJREN_H
00000326   PJREN_L
000001c2   PMAPCTL
000001c3   PMAPCTL_H
000001c2   PMAPCTL_L
000001c0   PMAPKEYID
000001c1   PMAPKEYID_H
000001c0   PMAPKEYID_L
00000120   PMMCTL0
00000121   PMMCTL0_H
00000120   PMMCTL0_L
00000122   PMMCTL1
00000123   PMMCTL1_H
00000122   PMMCTL1_L
0000012c   PMMIFG
0000012d   PMMIFG_H
0000012c   PMMIFG_L
0000012e   PMMRIE
0000012f   PMMRIE_H
0000012e   PMMRIE_L
00008812   PORT2_ISR
00000158   RCCTL0
00000159   RCCTL0_H
00000158   RCCTL0_L
000001b0   REFCTL0
000001b1   REFCTL0_H
000001b0   REFCTL0_L
000004e4   RES0
000004e5   RES0_H
000004e4   RES0_L
000004e6   RES1
000004e7   RES1_H
000004e6   RES1_L
000004e8   RES2
000004e9   RES2_H
000004e8   RES2_L
000004ea   RES3
000004eb   RES3_H
000004ea   RES3_L
000004cc   RESHI
000004cd   RESHI_H
000004cc   RESHI_L
000004ca   RESLO
000004cb   RESLO_H
000004ca   RESLO_L
00000f16   RF1ADINW
00000f17   RF1ADINW_H
00000f16   RF1ADINW_L
00000f28   RF1ADOUT0W
00000f29   RF1ADOUT0W_H
00000f28   RF1ADOUT0W_L
00000f2a   RF1ADOUT1W
00000f2b   RF1ADOUT1W_H
00000f2a   RF1ADOUT1W_L
00000f2c   RF1ADOUT2W
00000f2d   RF1ADOUT2W_H
00000f2c   RF1ADOUT2W_L
00000f36   RF1AIE
00000f34   RF1AIES
00000f35   RF1AIES_H
00000f34   RF1AIES_L
00000f37   RF1AIE_H
00000f36   RF1AIE_L
00000f00   RF1AIFCTL0
00000f01   RF1AIFCTL0_H
00000f00   RF1AIFCTL0_L
00000f02   RF1AIFCTL1
00000f03   RF1AIFCTL1_H
00000f02   RF1AIFCTL1_L
00000f04   RF1AIFCTL2
00000f05   RF1AIFCTL2_H
00000f04   RF1AIFCTL2_L
00000f06   RF1AIFERR
00000f0c   RF1AIFERRV
00000f0d   RF1AIFERRV_H
00000f0c   RF1AIFERRV_L
00000f07   RF1AIFERR_H
00000f06   RF1AIFERR_L
00000f32   RF1AIFG
00000f33   RF1AIFG_H
00000f32   RF1AIFG_L
00000f0e   RF1AIFIV
00000f0f   RF1AIFIV_H
00000f0e   RF1AIFIV_L
00000f30   RF1AIN
00000f12   RF1AINSTR1W
00000f13   RF1AINSTR1W_H
00000f12   RF1AINSTR1W_L
00000f14   RF1AINSTR2W
00000f15   RF1AINSTR2W_H
00000f14   RF1AINSTR2W_L
00000f10   RF1AINSTRW
00000f11   RF1AINSTRW_H
00000f10   RF1AINSTRW_L
00000f31   RF1AIN_H
00000f30   RF1AIN_L
00000f38   RF1AIV
00000f39   RF1AIV_H
00000f38   RF1AIV_L
00000f3c   RF1ARXFIFO
00000f3d   RF1ARXFIFO_H
00000f3c   RF1ARXFIFO_L
00000f20   RF1ASTAT0W
00000f21   RF1ASTAT0W_H
00000f20   RF1ASTAT0W_L
00000f22   RF1ASTAT1W
00000f23   RF1ASTAT1W_H
00000f22   RF1ASTAT1W_L
00000f24   RF1ASTAT2W
00000f25   RF1ASTAT2W_H
00000f24   RF1ASTAT2W_L
00000f3e   RF1ATXFIFO
00000f3f   RF1ATXFIFO_H
00000f3e   RF1ATXFIFO_L
000004ba   RTCADOWDAY
000004bb   RTCADOWDAY_H
000004ba   RTCADOWDAY_L
000004b8   RTCAMINHR
000004b9   RTCAMINHR_H
000004b8   RTCAMINHR_L
000004a0   RTCCTL01
000004a1   RTCCTL01_H
000004a0   RTCCTL01_L
000004a2   RTCCTL23
000004a3   RTCCTL23_H
000004a2   RTCCTL23_L
000004b4   RTCDATE
000004b5   RTCDATE_H
000004b4   RTCDATE_L
000004ae   RTCIV
000004ac   RTCPS
000004a8   RTCPS0CTL
000004a9   RTCPS0CTL_H
000004a8   RTCPS0CTL_L
000004aa   RTCPS1CTL
000004ab   RTCPS1CTL_H
000004aa   RTCPS1CTL_L
000004ad   RTCPS_H
000004ac   RTCPS_L
000004b0   RTCTIM0
000004b1   RTCTIM0_H
000004b0   RTCTIM0_L
000004b2   RTCTIM1
000004b3   RTCTIM1_H
000004b2   RTCTIM1_L
000004b6   RTCYEAR
000004b7   RTCYEAR_H
000004b6   RTCYEAR_L
0000c632   ReadSingleReg
0000c7e0   ResetRadioCore
00000100   SFRIE1
00000101   SFRIE1_H
00000100   SFRIE1_L
00000102   SFRIFG1
00000103   SFRIFG1_H
00000102   SFRIFG1_L
00000104   SFRRPCR
00000105   SFRRPCR_H
00000104   SFRRPCR_L
0000be8e   SMPL_Init
0000a6e8   SMPL_Ioctl
000093a6   SMPL_Link
0000b732   SMPL_Receive
0000b154   SMPL_SendOpt
000004ce   SUMEXT
000004cf   SUMEXT_H
000004ce   SUMEXT_L
00000124   SVSMHCTL
00000125   SVSMHCTL_H
00000124   SVSMHCTL_L
00000128   SVSMIO
00000129   SVSMIO_H
00000128   SVSMIO_L
00000126   SVSMLCTL
00000127   SVSMLCTL_H
00000126   SVSMLCTL_L
00000198   SYSBERRIV
00000199   SYSBERRIV_H
00000198   SYSBERRIV_L
00000182   SYSBSLC
00000183   SYSBSLC_H
00000182   SYSBSLC_L
00000180   SYSCTL
00000181   SYSCTL_H
00000180   SYSCTL_L
00000186   SYSJMBC
00000187   SYSJMBC_H
00000186   SYSJMBC_L
00000188   SYSJMBI0
00000189   SYSJMBI0_H
00000188   SYSJMBI0_L
0000018a   SYSJMBI1
0000018b   SYSJMBI1_H
0000018a   SYSJMBI1_L
0000018c   SYSJMBO0
0000018d   SYSJMBO0_H
0000018c   SYSJMBO0_L
0000018e   SYSJMBO1
0000018f   SYSJMBO1_H
0000018e   SYSJMBO1_L
0000019e   SYSRSTIV
0000019f   SYSRSTIV_H
0000019e   SYSRSTIV_L
0000019c   SYSSNIV
0000019d   SYSSNIV_H
0000019c   SYSSNIV_L
0000019a   SYSUNIV
0000019b   SYSUNIV_H
0000019a   SYSUNIV_L
0000c032   SetVCore
0000c058   SetVCoreDown
0000b7c2   SetVCoreUp
0000a8d8   Strobe
00000352   TA0CCR0
00000354   TA0CCR1
00000356   TA0CCR2
00000358   TA0CCR3
0000035a   TA0CCR4
00000342   TA0CCTL0
00000344   TA0CCTL1
00000346   TA0CCTL2
00000348   TA0CCTL3
0000034a   TA0CCTL4
00000340   TA0CTL
00000360   TA0EX0
0000036e   TA0IV
00000350   TA0R
00000392   TA1CCR0
00000394   TA1CCR1
00000396   TA1CCR2
00000382   TA1CCTL0
00000384   TA1CCTL1
00000386   TA1CCTL2
00000380   TA1CTL
000003a0   TA1EX0
000003ae   TA1IV
00000390   TA1R
000089f8   TIMER0_A0_ISR
0000aeb0   TIMER0_A1_5_ISR
0000bf12   Timer0_A3_Start
0000c93e   Timer0_A3_Stop
0000b21c   Timer0_A4_Delay
0000c6b6   Timer0_Init
0000c946   Timer0_Start
0000c852   Timer0_Stop
000005d0   UCA0ABCTL
000005c6   UCA0BRW
000005c7   UCA0BRW_H
000005c6   UCA0BRW_L
000005c0   UCA0CTLW0
000005c1   UCA0CTLW0_H
000005c0   UCA0CTLW0_L
000005dc   UCA0ICTL
000005dd   UCA0ICTL_H
000005dc   UCA0ICTL_L
000005d2   UCA0IRCTL
000005d3   UCA0IRCTL_H
000005d2   UCA0IRCTL_L
000005de   UCA0IV
000005c8   UCA0MCTL
000005cc   UCA0RXBUF
000005ca   UCA0STAT
000005ce   UCA0TXBUF
000005e6   UCB0BRW
000005e7   UCB0BRW_H
000005e6   UCB0BRW_L
000005e0   UCB0CTLW0
000005e1   UCB0CTLW0_H
000005e0   UCB0CTLW0_L
000005f0   UCB0I2COA
000005f1   UCB0I2COA_H
000005f0   UCB0I2COA_L
000005f2   UCB0I2CSA
000005f3   UCB0I2CSA_H
000005f2   UCB0I2CSA_L
000005fc   UCB0ICTL
000005fd   UCB0ICTL_H
000005fc   UCB0ICTL_L
000005fe   UCB0IV
000005ec   UCB0RXBUF
000005ea   UCB0STAT
000005ee   UCB0TXBUF
00000160   UCSCTL0
00000161   UCSCTL0_H
00000160   UCSCTL0_L
00000162   UCSCTL1
00000163   UCSCTL1_H
00000162   UCSCTL1_L
00000164   UCSCTL2
00000165   UCSCTL2_H
00000164   UCSCTL2_L
00000166   UCSCTL3
00000167   UCSCTL3_H
00000166   UCSCTL3_L
00000168   UCSCTL4
00000169   UCSCTL4_H
00000168   UCSCTL4_L
0000016a   UCSCTL5
0000016b   UCSCTL5_H
0000016a   UCSCTL5_L
0000016c   UCSCTL6
0000016d   UCSCTL6_H
0000016c   UCSCTL6_L
0000016e   UCSCTL7
0000016f   UCSCTL7_H
0000016e   UCSCTL7_L
00000170   UCSCTL8
00000171   UCSCTL8_H
00000170   UCSCTL8_L
00001cc0   Up_Buttons
0000015c   WDTCTL
0000015d   WDTCTL_H
0000015c   WDTCTL_L
0000b396   WriteBurstPATable
0000b9da   WriteBurstReg
00008da0   WriteRfSettings
0000bb06   WriteSingleReg
00002bfc   __STACK_END
00000050   __STACK_SIZE
00000001   __TI_args_main
00000001   __TI_auto_init
00000001   __TI_exit
ffffffff   __binit__
00001c00   __bss__
ffffffff   __c_args__
0000cdbc   __cinit__
0000bee6   __divi
0000b91e   __divli
0000c674   __divu
0000b55a   __divul
00001fff   __end__
0000c99e   __etext__
0000c68a   __mpyi_f5hw
0000c540   __mpyul_f5hw
ffffffff   __pinit__
0000bee6   __remi
0000b91e   __remli
0000c674   __remu
0000b55a   __remul
00008000   __text__
0000b808   _auto_init
0000bf3c   _c_int00
0000bf3c   _c_int00_noexit
00001fda   _cleanup_ptr
00001fde   _dtors_ptr
00001fd2   _lock
0000c99a   _nop
0000fffe   _reset_vector
00002bac   _stack
0000c97a   _system_pre_init
00001fd6   _unlock
0000c97e   abort
00001ffa   adc12_data_ready
00001ff8   adc12_result
0000b502   adc12_single_conversion
0000b604   add_day
0000b084   battery_measurement
ffffffff   binit
00001ef4   burst_end
00001ef0   burst_mode
00001ef6   burst_packet
00001f08   burst_packet_index
00001ef2   burst_start
00001fa4   button
0000b650   button_repeat_function
0000c8ee   button_repeat_off
0000c648   button_repeat_on
0000c480   check_alarm
0000c58e   chronic_config_rf
00009b8e   chronic_tx
0000c85e   chronic_tx_down
0000c86a   chronic_tx_up
0000cdbc   cinit
0000c95c   clear_blink_mem
0000c876   clear_display
0000c49c   clear_display_all
0000b44e   clear_line
0000b3f2   clock_tick
0000c7f0   close_radio
0000adb6   config_doorbell
0000ac2a   config_ruku
0000c5a6   convert_hour_to_12H_format
0000c6ca   countdown_buzzer
00001e64   display
0000a272   display_alarm
0000c6de   display_all_off
0000c5be   display_all_on
0000c3ce   display_am_pm_symbol
0000b27c   display_battery_V
0000afa0   display_char
00009f3c   display_chars
0000a0e2   display_date
0000bce4   display_doorbell
0000b84e   display_hours
0000bf66   display_rfbsl
0000bd14   display_ruku
0000c65e   display_selection_Timeformat1
0000976a   display_stopwatch
0000c3ec   display_symbol
0000c6f2   display_sync
00009246   display_time
00009890   display_update
0000c1ea   display_value
0000a57a   do_tx
0000c99c   dummy
00001fff   end
0000c99e   etext
00001fe2   fptr_Timer0_A3_function
00001f6a   fptr_lcd_function_line1
00001f6e   fptr_lcd_function_line2
0000acb2   get_numberOfDays
0000c88e   idle_loop
0000a3fa   init_application
0000c0a4   init_buttons
0000b2da   init_global_variables
0000a336   int_to_array
0000c99e   int_to_array_conversion_table
00001eba   int_to_array_str
0000c810   is_hour_am
0000c89a   is_rf
0000c71a   is_stopwatch
0000cd2c   lcd_font
0000bf90   lcd_init
0000bb76   main
0000c15e   memcmp
0000c742   memcpy
0000c40a   memmove
0000c754   memset
0000cbe2   menu_L1_Alarm
0000cbf4   menu_L1_Doorbell
0000cc06   menu_L1_Ruku
0000cbd0   menu_L1_Time
0000cc2a   menu_L2_Battery
0000cc18   menu_L2_Date
0000cc4e   menu_L2_RFBSL
0000cbbe   menu_L2_Stopwatch
0000cc3c   menu_L2_Sync
00001f68   message
0000cdb8   method
0000cdac   mrfiBroadcastAddr
0000ccec   mrfiRadioCfg
0000b012   mrfiRadioInterfaceCmdStrobe
0000b894   mrfiRadioInterfaceReadReg
0000bd44   mrfiRadioInterfaceReadRxFifo
0000bc18   mrfiRadioInterfaceWriteReg
0000bc4c   mrfiRadioInterfaceWriteTxFifo
00009c80   mx_alarm
00008bce   mx_date
0000c81e   mx_stopwatch
00008628   mx_time
0000c982   nwk_NVObj
0000c4b8   nwk_QInit
0000beba   nwk_QadjustOrder
00009e60   nwk_QfindOldest
0000af2a   nwk_QfindSlot
0000a010   nwk_allocateLocalRxPort
0000aba0   nwk_buildFrame
0000c0ca   nwk_checkConnInfo
0000c986   nwk_connectionControl
0000c4d4   nwk_deviceAddress
0000ba16   nwk_findPeer
0000c312   nwk_frameInit
0000c962   nwk_freeConnection
0000c968   nwk_getBCastAddress
0000bfe2   nwk_getConnInfo
0000c766   nwk_getMyAddress
0000c98a   nwk_getMyRxType
0000ba52   nwk_getNextConnection
0000c8a6   nwk_getNumObjectFromMsg
0000c98e   nwk_getProtocolVersion
0000c0f0   nwk_globalsInit
0000aa88   nwk_isConnectionValid
0000ba8e   nwk_isLinkDuplicate
0000bd74   nwk_isValidReply
000099a6   nwk_join
0000c00a   nwk_joinInit
000093a6   nwk_link
0000bda4   nwk_linkInit
0000c8f8   nwk_mgmtInit
0000ad34   nwk_nwkInit
0000c902   nwk_pingInit
0000c992   nwk_processFreq
0000c5d6   nwk_processJoin
0000c20c   nwk_processLink
0000bbae   nwk_processMgmt
0000c182   nwk_processPing
0000c996   nwk_processSecurity
0000c4f0   nwk_putNumObjectIntoMsg
0000b4a8   nwk_radioControl
0000bdd4   nwk_rawReceive
0000b5b2   nwk_rawSend
0000a83c   nwk_retrieveFrame
0000ae34   nwk_sendAckReply
0000be04   nwk_sendFrame
0000c8b2   nwk_setAPAddress
0000c778   nwk_setJoinToken
0000c78a   nwk_setLinkToken
0000c428   nwk_setMyAddress
0000c79c   open_radio
ffffffff   pinit
0000c22e   process_requests
00001ff6   ptrMenu_L1
00001ff4   ptrMenu_L2
0000c2f2   radio_ISR
0000c800   radio_powerdown
0000bc80   radio_reset
0000a96e   read_calibration_values
00001f66   request
0000c5ee   reset_alarm
0000c7ae   reset_batt_measurement
0000c90c   reset_buzzer
0000c332   reset_clock
0000c72e   reset_date
0000c916   reset_rf
0000c352   reset_stopwatch
00001fc1   rfBSL_button_confirmation
00001f72   rf_frequoffset
00001ff0   sAlarm
00001fc2   sBatt
00001fa6   sButton
00001fca   sBuzzer
00001fea   sDate
00001f73   sInit_done
00001ec2   sRFsmpl
00001f82   sStopwatch
00001f74   sTime
00001fe6   sTimer
0000cd58   segments_bitmask
00001e66   segments_lcdmem
0000cda4   selection_Timeformat
0000c82c   set_blink_rate
00008416   set_value
00001eca   simpliciti_data
00001eea   simpliciti_ed_address
00001ec8   simpliciti_flag
0000a634   simpliciti_link
0000a79a   simpliciti_main_sync
00001eee   simpliciti_payload_length
00001eef   simpliciti_reply_count
00008000   simpliciti_sync_decode_ap_cmd_callback
0000a4ba   simpliciti_sync_get_data_callback
0000c96e   start_blink
0000b77a   start_buzzer
0000ab14   start_simpliciti_sync
0000c250   start_stopwatch
0000c94e   stop_alarm
0000c974   stop_blink
0000c372   stop_buzzer
0000c574   stop_stopwatch
00009d70   stopwatch_tick
0000c8be   switch_seg
0000bcb2   sx_alarm
0000b69c   sx_rfbsl
0000c6a0   sx_stopwatch
0000c446   sx_sync
00001f64   sys
000090dc   test_mode
0000c920   to_lpm
0000b6e8   toggle_buzzer
0000c8ca   update_alarm
0000c8d6   update_battery_voltage
0000c92a   update_date
0000c8e2   update_stopwatch
0000baca   update_stopwatch_timer
0000c934   update_time
00009640   wakeup_event
0000b338   write_lcd_mem


GLOBAL SYMBOLS: SORTED BY Symbol Address 

address    name
--------   ----
00000001   __TI_args_main
00000001   __TI_auto_init
00000001   __TI_exit
00000050   __STACK_SIZE
00000100   SFRIE1
00000100   SFRIE1_L
00000101   SFRIE1_H
00000102   SFRIFG1
00000102   SFRIFG1_L
00000103   SFRIFG1_H
00000104   SFRRPCR
00000104   SFRRPCR_L
00000105   SFRRPCR_H
00000120   PMMCTL0
00000120   PMMCTL0_L
00000121   PMMCTL0_H
00000122   PMMCTL1
00000122   PMMCTL1_L
00000123   PMMCTL1_H
00000124   SVSMHCTL
00000124   SVSMHCTL_L
00000125   SVSMHCTL_H
00000126   SVSMLCTL
00000126   SVSMLCTL_L
00000127   SVSMLCTL_H
00000128   SVSMIO
00000128   SVSMIO_L
00000129   SVSMIO_H
0000012c   PMMIFG
0000012c   PMMIFG_L
0000012d   PMMIFG_H
0000012e   PMMRIE
0000012e   PMMRIE_L
0000012f   PMMRIE_H
00000140   FCTL1
00000140   FCTL1_L
00000141   FCTL1_H
00000144   FCTL3
00000144   FCTL3_L
00000145   FCTL3_H
00000146   FCTL4
00000146   FCTL4_L
00000147   FCTL4_H
00000150   CRCDI
00000150   CRCDI_L
00000151   CRCDI_H
00000152   CRCDIRB
00000152   CRCDIRB_L
00000153   CRCDIRB_H
00000154   CRCINIRES
00000154   CRCINIRES_L
00000155   CRCINIRES_H
00000156   CRCRESR
00000156   CRCRESR_L
00000157   CRCRESR_H
00000158   RCCTL0
00000158   RCCTL0_L
00000159   RCCTL0_H
0000015c   WDTCTL
0000015c   WDTCTL_L
0000015d   WDTCTL_H
00000160   UCSCTL0
00000160   UCSCTL0_L
00000161   UCSCTL0_H
00000162   UCSCTL1
00000162   UCSCTL1_L
00000163   UCSCTL1_H
00000164   UCSCTL2
00000164   UCSCTL2_L
00000165   UCSCTL2_H
00000166   UCSCTL3
00000166   UCSCTL3_L
00000167   UCSCTL3_H
00000168   UCSCTL4
00000168   UCSCTL4_L
00000169   UCSCTL4_H
0000016a   UCSCTL5
0000016a   UCSCTL5_L
0000016b   UCSCTL5_H
0000016c   UCSCTL6
0000016c   UCSCTL6_L
0000016d   UCSCTL6_H
0000016e   UCSCTL7
0000016e   UCSCTL7_L
0000016f   UCSCTL7_H
00000170   UCSCTL8
00000170   UCSCTL8_L
00000171   UCSCTL8_H
00000180   SYSCTL
00000180   SYSCTL_L
00000181   SYSCTL_H
00000182   SYSBSLC
00000182   SYSBSLC_L
00000183   SYSBSLC_H
00000186   SYSJMBC
00000186   SYSJMBC_L
00000187   SYSJMBC_H
00000188   SYSJMBI0
00000188   SYSJMBI0_L
00000189   SYSJMBI0_H
0000018a   SYSJMBI1
0000018a   SYSJMBI1_L
0000018b   SYSJMBI1_H
0000018c   SYSJMBO0
0000018c   SYSJMBO0_L
0000018d   SYSJMBO0_H
0000018e   SYSJMBO1
0000018e   SYSJMBO1_L
0000018f   SYSJMBO1_H
00000198   SYSBERRIV
00000198   SYSBERRIV_L
00000199   SYSBERRIV_H
0000019a   SYSUNIV
0000019a   SYSUNIV_L
0000019b   SYSUNIV_H
0000019c   SYSSNIV
0000019c   SYSSNIV_L
0000019d   SYSSNIV_H
0000019e   SYSRSTIV
0000019e   SYSRSTIV_L
0000019f   SYSRSTIV_H
000001b0   REFCTL0
000001b0   REFCTL0_L
000001b1   REFCTL0_H
000001c0   PMAPKEYID
000001c0   PMAPKEYID_L
000001c1   PMAPKEYID_H
000001c2   PMAPCTL
000001c2   PMAPCTL_L
000001c3   PMAPCTL_H
000001c8   P1MAP01
000001c8   P1MAP01_L
000001c9   P1MAP01_H
000001ca   P1MAP23
000001ca   P1MAP23_L
000001cb   P1MAP23_H
000001cc   P1MAP45
000001cc   P1MAP45_L
000001cd   P1MAP45_H
000001ce   P1MAP67
000001ce   P1MAP67_L
000001cf   P1MAP67_H
000001d0   P2MAP01
000001d0   P2MAP01_L
000001d1   P2MAP01_H
000001d2   P2MAP23
000001d2   P2MAP23_L
000001d3   P2MAP23_H
000001d4   P2MAP45
000001d4   P2MAP45_L
000001d5   P2MAP45_H
000001d6   P2MAP67
000001d6   P2MAP67_L
000001d7   P2MAP67_H
000001d8   P3MAP01
000001d8   P3MAP01_L
000001d9   P3MAP01_H
000001da   P3MAP23
000001da   P3MAP23_L
000001db   P3MAP23_H
000001dc   P3MAP45
000001dc   P3MAP45_L
000001dd   P3MAP45_H
000001de   P3MAP67
000001de   P3MAP67_L
000001df   P3MAP67_H
00000200   PAIN
00000200   PAIN_L
00000201   PAIN_H
00000202   PAOUT
00000202   PAOUT_L
00000203   PAOUT_H
00000204   PADIR
00000204   PADIR_L
00000205   PADIR_H
00000206   PAREN
00000206   PAREN_L
00000207   PAREN_H
00000208   PADS
00000208   PADS_L
00000209   PADS_H
0000020a   PASEL
0000020a   PASEL_L
0000020b   PASEL_H
0000020e   P1IV
00000218   PAIES
00000218   PAIES_L
00000219   PAIES_H
0000021a   PAIE
0000021a   PAIE_L
0000021b   PAIE_H
0000021c   PAIFG
0000021c   PAIFG_L
0000021d   PAIFG_H
0000021e   P2IV
00000220   PBIN
00000220   PBIN_L
00000221   PBIN_H
00000222   PBOUT
00000222   PBOUT_L
00000223   PBOUT_H
00000224   PBDIR
00000224   PBDIR_L
00000225   PBDIR_H
00000226   PBREN
00000226   PBREN_L
00000227   PBREN_H
00000228   PBDS
00000228   PBDS_L
00000229   PBDS_H
0000022a   PBSEL
0000022a   PBSEL_L
0000022b   PBSEL_H
00000240   PCIN
00000240   PCIN_L
00000241   PCIN_H
00000242   PCOUT
00000242   PCOUT_L
00000243   PCOUT_H
00000244   PCDIR
00000244   PCDIR_L
00000245   PCDIR_H
00000246   PCREN
00000246   PCREN_L
00000247   PCREN_H
00000248   PCDS
00000248   PCDS_L
00000249   PCDS_H
0000024a   PCSEL
0000024a   PCSEL_L
0000024b   PCSEL_H
00000320   PJIN
00000320   PJIN_L
00000321   PJIN_H
00000322   PJOUT
00000322   PJOUT_L
00000323   PJOUT_H
00000324   PJDIR
00000324   PJDIR_L
00000325   PJDIR_H
00000326   PJREN
00000326   PJREN_L
00000327   PJREN_H
00000328   PJDS
00000328   PJDS_L
00000329   PJDS_H
00000340   TA0CTL
00000342   TA0CCTL0
00000344   TA0CCTL1
00000346   TA0CCTL2
00000348   TA0CCTL3
0000034a   TA0CCTL4
00000350   TA0R
00000352   TA0CCR0
00000354   TA0CCR1
00000356   TA0CCR2
00000358   TA0CCR3
0000035a   TA0CCR4
00000360   TA0EX0
0000036e   TA0IV
00000380   TA1CTL
00000382   TA1CCTL0
00000384   TA1CCTL1
00000386   TA1CCTL2
00000390   TA1R
00000392   TA1CCR0
00000394   TA1CCR1
00000396   TA1CCR2
000003a0   TA1EX0
000003ae   TA1IV
000004a0   RTCCTL01
000004a0   RTCCTL01_L
000004a1   RTCCTL01_H
000004a2   RTCCTL23
000004a2   RTCCTL23_L
000004a3   RTCCTL23_H
000004a8   RTCPS0CTL
000004a8   RTCPS0CTL_L
000004a9   RTCPS0CTL_H
000004aa   RTCPS1CTL
000004aa   RTCPS1CTL_L
000004ab   RTCPS1CTL_H
000004ac   RTCPS
000004ac   RTCPS_L
000004ad   RTCPS_H
000004ae   RTCIV
000004b0   RTCTIM0
000004b0   RTCTIM0_L
000004b1   RTCTIM0_H
000004b2   RTCTIM1
000004b2   RTCTIM1_L
000004b3   RTCTIM1_H
000004b4   RTCDATE
000004b4   RTCDATE_L
000004b5   RTCDATE_H
000004b6   RTCYEAR
000004b6   RTCYEAR_L
000004b7   RTCYEAR_H
000004b8   RTCAMINHR
000004b8   RTCAMINHR_L
000004b9   RTCAMINHR_H
000004ba   RTCADOWDAY
000004ba   RTCADOWDAY_L
000004bb   RTCADOWDAY_H
000004c0   MPY
000004c0   MPY_L
000004c1   MPY_H
000004c2   MPYS
000004c2   MPYS_L
000004c3   MPYS_H
000004c4   MAC
000004c4   MAC_L
000004c5   MAC_H
000004c6   MACS
000004c6   MACS_L
000004c7   MACS_H
000004c8   OP2
000004c8   OP2_L
000004c9   OP2_H
000004ca   RESLO
000004ca   RESLO_L
000004cb   RESLO_H
000004cc   RESHI
000004cc   RESHI_L
000004cd   RESHI_H
000004ce   SUMEXT
000004ce   SUMEXT_L
000004cf   SUMEXT_H
000004d0   MPY32L
000004d0   MPY32L_L
000004d1   MPY32L_H
000004d2   MPY32H
000004d2   MPY32H_L
000004d3   MPY32H_H
000004d4   MPYS32L
000004d4   MPYS32L_L
000004d5   MPYS32L_H
000004d6   MPYS32H
000004d6   MPYS32H_L
000004d7   MPYS32H_H
000004d8   MAC32L
000004d8   MAC32L_L
000004d9   MAC32L_H
000004da   MAC32H
000004da   MAC32H_L
000004db   MAC32H_H
000004dc   MACS32L
000004dc   MACS32L_L
000004dd   MACS32L_H
000004de   MACS32H
000004de   MACS32H_L
000004df   MACS32H_H
000004e0   OP2L
000004e0   OP2L_L
000004e1   OP2L_H
000004e2   OP2H
000004e2   OP2H_L
000004e3   OP2H_H
000004e4   RES0
000004e4   RES0_L
000004e5   RES0_H
000004e6   RES1
000004e6   RES1_L
000004e7   RES1_H
000004e8   RES2
000004e8   RES2_L
000004e9   RES2_H
000004ea   RES3
000004ea   RES3_L
000004eb   RES3_H
000004ec   MPY32CTL0
000004ec   MPY32CTL0_L
000004ed   MPY32CTL0_H
00000500   DMACTL0
00000500   DMACTL0_L
00000501   DMACTL0_H
00000502   DMACTL1
00000502   DMACTL1_L
00000503   DMACTL1_H
00000504   DMACTL2
00000504   DMACTL2_L
00000505   DMACTL2_H
00000506   DMACTL3
00000506   DMACTL3_L
00000507   DMACTL3_H
00000508   DMACTL4
00000508   DMACTL4_L
00000509   DMACTL4_H
0000050e   DMAIV
0000050e   DMAIV_L
0000050f   DMAIV_H
00000510   DMA0CTL
00000510   DMA0CTL_L
00000511   DMA0CTL_H
00000512   DMA0SA
00000512   DMA0SAL
00000516   DMA0DA
00000516   DMA0DAL
0000051a   DMA0SZ
00000520   DMA1CTL
00000520   DMA1CTL_L
00000521   DMA1CTL_H
00000522   DMA1SA
00000522   DMA1SAL
00000526   DMA1DA
00000526   DMA1DAL
0000052a   DMA1SZ
00000530   DMA2CTL
00000530   DMA2CTL_L
00000531   DMA2CTL_H
00000532   DMA2SA
00000532   DMA2SAL
00000536   DMA2DA
00000536   DMA2DAL
0000053a   DMA2SZ
000005c0   UCA0CTLW0
000005c0   UCA0CTLW0_L
000005c1   UCA0CTLW0_H
000005c6   UCA0BRW
000005c6   UCA0BRW_L
000005c7   UCA0BRW_H
000005c8   UCA0MCTL
000005ca   UCA0STAT
000005cc   UCA0RXBUF
000005ce   UCA0TXBUF
000005d0   UCA0ABCTL
000005d2   UCA0IRCTL
000005d2   UCA0IRCTL_L
000005d3   UCA0IRCTL_H
000005dc   UCA0ICTL
000005dc   UCA0ICTL_L
000005dd   UCA0ICTL_H
000005de   UCA0IV
000005e0   UCB0CTLW0
000005e0   UCB0CTLW0_L
000005e1   UCB0CTLW0_H
000005e6   UCB0BRW
000005e6   UCB0BRW_L
000005e7   UCB0BRW_H
000005ea   UCB0STAT
000005ec   UCB0RXBUF
000005ee   UCB0TXBUF
000005f0   UCB0I2COA
000005f0   UCB0I2COA_L
000005f1   UCB0I2COA_H
000005f2   UCB0I2CSA
000005f2   UCB0I2CSA_L
000005f3   UCB0I2CSA_H
000005fc   UCB0ICTL
000005fc   UCB0ICTL_L
000005fd   UCB0ICTL_H
000005fe   UCB0IV
00000700   ADC12CTL0
00000700   ADC12CTL0_L
00000701   ADC12CTL0_H
00000702   ADC12CTL1
00000702   ADC12CTL1_L
00000703   ADC12CTL1_H
00000704   ADC12CTL2
00000704   ADC12CTL2_L
00000705   ADC12CTL2_H
0000070a   ADC12IFG
0000070a   ADC12IFG_L
0000070b   ADC12IFG_H
0000070c   ADC12IE
0000070c   ADC12IE_L
0000070d   ADC12IE_H
0000070e   ADC12IV
0000070e   ADC12IV_L
0000070f   ADC12IV_H
00000710   ADC12MCTL0
00000711   ADC12MCTL1
00000712   ADC12MCTL2
00000713   ADC12MCTL3
00000714   ADC12MCTL4
00000715   ADC12MCTL5
00000716   ADC12MCTL6
00000717   ADC12MCTL7
00000718   ADC12MCTL8
00000719   ADC12MCTL9
0000071a   ADC12MCTL10
0000071b   ADC12MCTL11
0000071c   ADC12MCTL12
0000071d   ADC12MCTL13
0000071e   ADC12MCTL14
0000071f   ADC12MCTL15
00000720   ADC12MEM0
00000720   ADC12MEM0_L
00000721   ADC12MEM0_H
00000722   ADC12MEM1
00000722   ADC12MEM1_L
00000723   ADC12MEM1_H
00000724   ADC12MEM2
00000724   ADC12MEM2_L
00000725   ADC12MEM2_H
00000726   ADC12MEM3
00000726   ADC12MEM3_L
00000727   ADC12MEM3_H
00000728   ADC12MEM4
00000728   ADC12MEM4_L
00000729   ADC12MEM4_H
0000072a   ADC12MEM5
0000072a   ADC12MEM5_L
0000072b   ADC12MEM5_H
0000072c   ADC12MEM6
0000072c   ADC12MEM6_L
0000072d   ADC12MEM6_H
0000072e   ADC12MEM7
0000072e   ADC12MEM7_L
0000072f   ADC12MEM7_H
00000730   ADC12MEM8
00000730   ADC12MEM8_L
00000731   ADC12MEM8_H
00000732   ADC12MEM9
00000732   ADC12MEM9_L
00000733   ADC12MEM9_H
00000734   ADC12MEM10
00000734   ADC12MEM10_L
00000735   ADC12MEM10_H
00000736   ADC12MEM11
00000736   ADC12MEM11_L
00000737   ADC12MEM11_H
00000738   ADC12MEM12
00000738   ADC12MEM12_L
00000739   ADC12MEM12_H
0000073a   ADC12MEM13
0000073a   ADC12MEM13_L
0000073b   ADC12MEM13_H
0000073c   ADC12MEM14
0000073c   ADC12MEM14_L
0000073d   ADC12MEM14_H
0000073e   ADC12MEM15
0000073e   ADC12MEM15_L
0000073f   ADC12MEM15_H
000008c0   CBCTL0
000008c0   CBCTL0_L
000008c1   CBCTL0_H
000008c2   CBCTL1
000008c2   CBCTL1_L
000008c3   CBCTL1_H
000008c4   CBCTL2
000008c4   CBCTL2_L
000008c5   CBCTL2_H
000008c6   CBCTL3
000008c6   CBCTL3_L
000008c7   CBCTL3_H
000008cc   CBINT
000008cc   CBINT_L
000008cd   CBINT_H
000008ce   CBIV
000009c0   AESACTL0
000009c0   AESACTL0_L
000009c1   AESACTL0_H
000009c4   AESASTAT
000009c4   AESASTAT_L
000009c5   AESASTAT_H
000009c6   AESAKEY
000009c6   AESAKEY_L
000009c7   AESAKEY_H
000009c8   AESADIN
000009c8   AESADIN_L
000009c9   AESADIN_H
000009ca   AESADOUT
000009ca   AESADOUT_L
000009cb   AESADOUT_H
00000a00   LCDBCTL0
00000a00   LCDBCTL0_L
00000a01   LCDBCTL0_H
00000a02   LCDBCTL1
00000a02   LCDBCTL1_L
00000a03   LCDBCTL1_H
00000a04   LCDBBLKCTL
00000a04   LCDBBLKCTL_L
00000a05   LCDBBLKCTL_H
00000a06   LCDBMEMCTL
00000a06   LCDBMEMCTL_L
00000a07   LCDBMEMCTL_H
00000a08   LCDBVCTL
00000a08   LCDBVCTL_L
00000a09   LCDBVCTL_H
00000a0a   LCDBPCTL0
00000a0a   LCDBPCTL0_L
00000a0b   LCDBPCTL0_H
00000a0c   LCDBPCTL1
00000a0c   LCDBPCTL1_L
00000a0d   LCDBPCTL1_H
00000a0e   LCDBPCTL2
00000a0e   LCDBPCTL2_L
00000a0f   LCDBPCTL2_H
00000a10   LCDBPCTL3
00000a10   LCDBPCTL3_L
00000a11   LCDBPCTL3_H
00000a12   LCDBCPCTL
00000a12   LCDBCPCTL_L
00000a13   LCDBCPCTL_H
00000a1e   LCDBIV
00000a20   LCDM1
00000a21   LCDM2
00000a22   LCDM3
00000a23   LCDM4
00000a24   LCDM5
00000a25   LCDM6
00000a26   LCDM7
00000a27   LCDM8
00000a28   LCDM9
00000a29   LCDM10
00000a2a   LCDM11
00000a2b   LCDM12
00000a2c   LCDM13
00000a2d   LCDM14
00000a2e   LCDM15
00000a2f   LCDM16
00000a30   LCDM17
00000a31   LCDM18
00000a32   LCDM19
00000a33   LCDM20
00000a34   LCDM21
00000a35   LCDM22
00000a36   LCDM23
00000a37   LCDM24
00000a40   LCDBM1
00000a41   LCDBM2
00000a42   LCDBM3
00000a43   LCDBM4
00000a44   LCDBM5
00000a45   LCDBM6
00000a46   LCDBM7
00000a47   LCDBM8
00000a48   LCDBM9
00000a49   LCDBM10
00000a4a   LCDBM11
00000a4b   LCDBM12
00000a4c   LCDBM13
00000a4d   LCDBM14
00000a4e   LCDBM15
00000a4f   LCDBM16
00000a50   LCDBM17
00000a51   LCDBM18
00000a52   LCDBM19
00000a53   LCDBM20
00000a54   LCDBM21
00000a55   LCDBM22
00000a56   LCDBM23
00000a57   LCDBM24
00000f00   RF1AIFCTL0
00000f00   RF1AIFCTL0_L
00000f01   RF1AIFCTL0_H
00000f02   RF1AIFCTL1
00000f02   RF1AIFCTL1_L
00000f03   RF1AIFCTL1_H
00000f04   RF1AIFCTL2
00000f04   RF1AIFCTL2_L
00000f05   RF1AIFCTL2_H
00000f06   RF1AIFERR
00000f06   RF1AIFERR_L
00000f07   RF1AIFERR_H
00000f0c   RF1AIFERRV
00000f0c   RF1AIFERRV_L
00000f0d   RF1AIFERRV_H
00000f0e   RF1AIFIV
00000f0e   RF1AIFIV_L
00000f0f   RF1AIFIV_H
00000f10   RF1AINSTRW
00000f10   RF1AINSTRW_L
00000f11   RF1AINSTRW_H
00000f12   RF1AINSTR1W
00000f12   RF1AINSTR1W_L
00000f13   RF1AINSTR1W_H
00000f14   RF1AINSTR2W
00000f14   RF1AINSTR2W_L
00000f15   RF1AINSTR2W_H
00000f16   RF1ADINW
00000f16   RF1ADINW_L
00000f17   RF1ADINW_H
00000f20   RF1ASTAT0W
00000f20   RF1ASTAT0W_L
00000f21   RF1ASTAT0W_H
00000f22   RF1ASTAT1W
00000f22   RF1ASTAT1W_L
00000f23   RF1ASTAT1W_H
00000f24   RF1ASTAT2W
00000f24   RF1ASTAT2W_L
00000f25   RF1ASTAT2W_H
00000f28   RF1ADOUT0W
00000f28   RF1ADOUT0W_L
00000f29   RF1ADOUT0W_H
00000f2a   RF1ADOUT1W
00000f2a   RF1ADOUT1W_L
00000f2b   RF1ADOUT1W_H
00000f2c   RF1ADOUT2W
00000f2c   RF1ADOUT2W_L
00000f2d   RF1ADOUT2W_H
00000f30   RF1AIN
00000f30   RF1AIN_L
00000f31   RF1AIN_H
00000f32   RF1AIFG
00000f32   RF1AIFG_L
00000f33   RF1AIFG_H
00000f34   RF1AIES
00000f34   RF1AIES_L
00000f35   RF1AIES_H
00000f36   RF1AIE
00000f36   RF1AIE_L
00000f37   RF1AIE_H
00000f38   RF1AIV
00000f38   RF1AIV_L
00000f39   RF1AIV_H
00000f3c   RF1ARXFIFO
00000f3c   RF1ARXFIFO_L
00000f3d   RF1ARXFIFO_H
00000f3e   RF1ATXFIFO
00000f3e   RF1ATXFIFO_L
00000f3f   RF1ATXFIFO_H
00001c00   .bss
00001c00   Button_Up_Data
00001c00   __bss__
00001cc0   Up_Buttons
00001cc2   Button_Down_Data
00001d82   Down_Buttons
00001d83   Button_Delay
00001d84   Button_Repeat
00001d85   Emulation_Mode
00001d86   ChronicRF
00001dd6   Chronic_PA_Table
00001e64   display
00001e66   segments_lcdmem
00001eba   int_to_array_str
00001ec2   sRFsmpl
00001ec8   simpliciti_flag
00001eca   simpliciti_data
00001eea   simpliciti_ed_address
00001eee   simpliciti_payload_length
00001eef   simpliciti_reply_count
00001ef0   burst_mode
00001ef2   burst_start
00001ef4   burst_end
00001ef6   burst_packet
00001f08   burst_packet_index
00001f64   sys
00001f66   request
00001f68   message
00001f6a   fptr_lcd_function_line1
00001f6e   fptr_lcd_function_line2
00001f72   rf_frequoffset
00001f73   sInit_done
00001f74   sTime
00001f82   sStopwatch
00001fa4   button
00001fa6   sButton
00001fc1   rfBSL_button_confirmation
00001fc2   sBatt
00001fca   sBuzzer
00001fd2   _lock
00001fd6   _unlock
00001fda   _cleanup_ptr
00001fde   _dtors_ptr
00001fe2   fptr_Timer0_A3_function
00001fe6   sTimer
00001fea   sDate
00001ff0   sAlarm
00001ff4   ptrMenu_L2
00001ff6   ptrMenu_L1
00001ff8   adc12_result
00001ffa   adc12_data_ready
00001fff   __end__
00001fff   end
00002bac   _stack
00002bfc   __STACK_END
00008000   .text
00008000   __text__
00008000   simpliciti_sync_decode_ap_cmd_callback
00008416   set_value
00008628   mx_time
00008812   PORT2_ISR
000089f8   TIMER0_A0_ISR
00008bce   mx_date
00008da0   WriteRfSettings
00008f46   MRFI_Init
000090dc   test_mode
00009246   display_time
000093a6   SMPL_Link
000093a6   nwk_link
00009640   wakeup_event
0000976a   display_stopwatch
00009890   display_update
000099a6   nwk_join
00009b8e   chronic_tx
00009c80   mx_alarm
00009d70   stopwatch_tick
00009e60   nwk_QfindOldest
00009f3c   display_chars
0000a010   nwk_allocateLocalRxPort
0000a0e2   display_date
0000a1ac   MRFI_Transmit
0000a272   display_alarm
0000a336   int_to_array
0000a3fa   init_application
0000a4ba   simpliciti_sync_get_data_callback
0000a57a   do_tx
0000a634   simpliciti_link
0000a6e8   SMPL_Ioctl
0000a79a   simpliciti_main_sync
0000a83c   nwk_retrieveFrame
0000a8d8   Strobe
0000a96e   read_calibration_values
0000aa88   nwk_isConnectionValid
0000ab14   start_simpliciti_sync
0000aba0   nwk_buildFrame
0000ac2a   config_ruku
0000acb2   get_numberOfDays
0000ad34   nwk_nwkInit
0000adb6   config_doorbell
0000ae34   nwk_sendAckReply
0000aeb0   TIMER0_A1_5_ISR
0000af2a   nwk_QfindSlot
0000afa0   display_char
0000b012   mrfiRadioInterfaceCmdStrobe
0000b084   battery_measurement
0000b154   SMPL_SendOpt
0000b1ba   MRFI_RadioIsr
0000b21c   Timer0_A4_Delay
0000b27c   display_battery_V
0000b2da   init_global_variables
0000b338   write_lcd_mem
0000b396   WriteBurstPATable
0000b3f2   clock_tick
0000b44e   clear_line
0000b4a8   nwk_radioControl
0000b502   adc12_single_conversion
0000b55a   __divul
0000b55a   __remul
0000b5b2   nwk_rawSend
0000b604   add_day
0000b650   button_repeat_function
0000b69c   sx_rfbsl
0000b6e8   toggle_buzzer
0000b732   SMPL_Receive
0000b77a   start_buzzer
0000b7c2   SetVCoreUp
0000b808   _auto_init
0000b84e   display_hours
0000b894   mrfiRadioInterfaceReadReg
0000b91e   __divli
0000b91e   __remli
0000b99c   L_LSL_15
0000b9a0   L_LSL_14
0000b9a4   L_LSL_13
0000b9a8   L_LSL_12
0000b9ac   L_LSL_11
0000b9b0   L_LSL_10
0000b9b4   L_LSL_9
0000b9b8   L_LSL_8
0000b9bc   L_LSL_7
0000b9c0   L_LSL_6
0000b9c4   L_LSL_5
0000b9c8   L_LSL_4
0000b9cc   L_LSL_3
0000b9d0   L_LSL_2
0000b9d4   L_LSL_1
0000b9da   WriteBurstReg
0000ba16   nwk_findPeer
0000ba52   nwk_getNextConnection
0000ba8e   nwk_isLinkDuplicate
0000baca   update_stopwatch_timer
0000bb06   WriteSingleReg
0000bb76   main
0000bbae   nwk_processMgmt
0000bbe4   MRFI_ReplyDelay
0000bc18   mrfiRadioInterfaceWriteReg
0000bc4c   mrfiRadioInterfaceWriteTxFifo
0000bc80   radio_reset
0000bcb2   sx_alarm
0000bce4   display_doorbell
0000bd14   display_ruku
0000bd44   mrfiRadioInterfaceReadRxFifo
0000bd74   nwk_isValidReply
0000bda4   nwk_linkInit
0000bdd4   nwk_rawReceive
0000be04   nwk_sendFrame
0000be8e   SMPL_Init
0000beba   nwk_QadjustOrder
0000bee6   __divi
0000bee6   __remi
0000bf12   Timer0_A3_Start
0000bf3c   _c_int00
0000bf3c   _c_int00_noexit
0000bf66   display_rfbsl
0000bf90   lcd_init
0000bfe2   nwk_getConnInfo
0000c00a   nwk_joinInit
0000c032   SetVCore
0000c058   SetVCoreDown
0000c0a4   init_buttons
0000c0ca   nwk_checkConnInfo
0000c0f0   nwk_globalsInit
0000c116   MRFI_SetRxAddrFilter
0000c13a   MRFI_Sleep
0000c15e   memcmp
0000c182   nwk_processPing
0000c1a6   BSP_Delay
0000c1c8   MRFI_WakeUp
0000c1ea   display_value
0000c20c   nwk_processLink
0000c22e   process_requests
0000c250   start_stopwatch
0000c272   MRFI_EnableRxAddrFilter
0000c292   MRFI_RxCompleteISR
0000c2b2   MRFI_RxIdle
0000c2d2   MRFI_RxOn
0000c2f2   radio_ISR
0000c312   nwk_frameInit
0000c332   reset_clock
0000c352   reset_stopwatch
0000c372   stop_buzzer
0000c392   MRFI_SetLogicalChannel
0000c3ce   display_am_pm_symbol
0000c3ec   display_symbol
0000c40a   memmove
0000c428   nwk_setMyAddress
0000c446   sx_sync
0000c464   MRFI_SetRFPwr
0000c480   check_alarm
0000c49c   clear_display_all
0000c4b8   nwk_QInit
0000c4d4   nwk_deviceAddress
0000c4f0   nwk_putNumObjectIntoMsg
0000c540   __mpyul_f5hw
0000c55a   ADC12ISR
0000c574   stop_stopwatch
0000c58e   chronic_config_rf
0000c5a6   convert_hour_to_12H_format
0000c5be   display_all_on
0000c5d6   nwk_processJoin
0000c5ee   reset_alarm
0000c606   MRFI_RandomByte
0000c632   ReadSingleReg
0000c648   button_repeat_on
0000c65e   display_selection_Timeformat1
0000c674   __divu
0000c674   __remu
0000c68a   __mpyi_f5hw
0000c6a0   sx_stopwatch
0000c6b6   Timer0_Init
0000c6ca   countdown_buzzer
0000c6de   display_all_off
0000c6f2   display_sync
0000c71a   is_stopwatch
0000c72e   reset_date
0000c742   memcpy
0000c754   memset
0000c766   nwk_getMyAddress
0000c778   nwk_setJoinToken
0000c78a   nwk_setLinkToken
0000c79c   open_radio
0000c7ae   reset_batt_measurement
0000c7c0   BSP_InitBoard
0000c7d0   MRFI_DelayMs
0000c7e0   ResetRadioCore
0000c7f0   close_radio
0000c800   radio_powerdown
0000c810   is_hour_am
0000c81e   mx_stopwatch
0000c82c   set_blink_rate
0000c83a   MRFI_PostKillSem
0000c846   MRFI_Receive
0000c852   Timer0_Stop
0000c85e   chronic_tx_down
0000c86a   chronic_tx_up
0000c876   clear_display
0000c88e   idle_loop
0000c89a   is_rf
0000c8a6   nwk_getNumObjectFromMsg
0000c8b2   nwk_setAPAddress
0000c8be   switch_seg
0000c8ca   update_alarm
0000c8d6   update_battery_voltage
0000c8e2   update_stopwatch
0000c8ee   button_repeat_off
0000c8f8   nwk_mgmtInit
0000c902   nwk_pingInit
0000c90c   reset_buzzer
0000c916   reset_rf
0000c920   to_lpm
0000c92a   update_date
0000c934   update_time
0000c93e   Timer0_A3_Stop
0000c946   Timer0_Start
0000c94e   stop_alarm
0000c956   MRFI_GetRadioState
0000c95c   clear_blink_mem
0000c962   nwk_freeConnection
0000c968   nwk_getBCastAddress
0000c96e   start_blink
0000c974   stop_blink
0000c97a   _system_pre_init
0000c97e   C$$EXIT
0000c97e   abort
0000c982   nwk_NVObj
0000c986   nwk_connectionControl
0000c98a   nwk_getMyRxType
0000c98e   nwk_getProtocolVersion
0000c992   nwk_processFreq
0000c996   nwk_processSecurity
0000c99a   _nop
0000c99c   dummy
0000c99e   __etext__
0000c99e   etext
0000c99e   int_to_array_conversion_table
0000cbbe   menu_L2_Stopwatch
0000cbd0   menu_L1_Time
0000cbe2   menu_L1_Alarm
0000cbf4   menu_L1_Doorbell
0000cc06   menu_L1_Ruku
0000cc18   menu_L2_Date
0000cc2a   menu_L2_Battery
0000cc3c   menu_L2_Sync
0000cc4e   menu_L2_RFBSL
0000ccec   mrfiRadioCfg
0000cd2c   lcd_font
0000cd58   segments_bitmask
0000cda4   selection_Timeformat
0000cdac   mrfiBroadcastAddr
0000cdb8   method
0000cdbc   __cinit__
0000cdbc   cinit
0000fffe   _reset_vector
ffffffff   __binit__
ffffffff   __c_args__
ffffffff   __pinit__
ffffffff   binit
ffffffff   pinit

[1031 symbols]
